Microchip MPLAB XC8 Compiler V1.36 ()

Linker command line:

-W-3 --edf=/Applications/microchip/xc8/v1.36/dat/en_msgs.txt -cs \
  -h+dist/default/production/Tyler_Testing.X.production.sym \
  --cmf=dist/default/production/Tyler_Testing.X.production.cmf -z \
  -Q18F26K22 -o/tmp/xcaccLmn8 \
  -Mdist/default/production/Tyler_Testing.X.production.map -E1 -ver=XC8 \
  -ASTACK=060h-0f37h -pstack=STACK -ACODE=00h-0FFFFh -ACONST=00h-0FFFFh \
  -ASMALLCONST=01000h-010FFhx240 -AMEDIUMCONST=01000h-0FFFFh \
  -ACOMRAM=01h-05Fh -AABS1=00h-0F37h -ABIGRAM=01h-0F37h \
  -ARAM=060h-0FFh,0100h-01FFhx14,0F00h-0F37h -ABANK0=060h-0FFh \
  -ABANK1=0100h-01FFh -ABANK2=0200h-02FFh -ABANK3=0300h-03FFh \
  -ABANK4=0400h-04FFh -ABANK5=0500h-05FFh -ABANK6=0600h-06FFh \
  -ABANK7=0700h-07FFh -ABANK8=0800h-08FFh -ABANK9=0900h-09FFh \
  -ABANK10=0A00h-0AFFh -ABANK11=0B00h-0BFFh -ABANK12=0C00h-0CFFh \
  -ABANK13=0D00h-0DFFh -ABANK14=0E00h-0EFFh -ABANK15=0F00h-0F37h \
  -ASFR=0F38h-0F5Fh,0F60h-0FFFh \
  -preset_vec=00h,intcode=08h,intcodelo,powerup,init,end_init \
  -pramtop=01000h -psmallconst=SMALLCONST -pmediumconst=MEDIUMCONST \
  -pconst=CONST -AFARRAM=00h-00h -ACONFIG=0300000h-030000Dh -pconfig=CONFIG \
  -AIDLOC=0200000h-0200007h -pidloc=IDLOC -AEEDATA=0F00000h-0F003FFh \
  -peeprom_data=EEDATA \
  -prdata=COMRAM,nvrram=COMRAM,nvbit=COMRAM,rbss=COMRAM,rbit=COMRAM \
  -pfarbss=FARRAM,fardata=FARRAM,nvFARRAM=FARRAM \
  -pintsave_regs=BIGRAM,bigbss=BIGRAM,bigdata=BIGRAM -pbss=RAM \
  -pidata=CODE,irdata=CODE,ibigdata=CODE,ifardata=CODE -prparam=COMRAM \
  /tmp/xcEMrAwwH.obj dist/default/production/Tyler_Testing.X.production.obj 

Object code version is 3.11

Machine type is 18F26K22

Call graph: (short form)




                Name                               Link     Load   Length Selector   Space Scale
/tmp/xcEMrAwwH.obj
                end_init                             36       36        4        4       0
                reset_vec                             0        0        4        0       0
                idloc                            200000   200000        8   200000       0
                config                           300000   300000        E   300000       0
dist/default/production/Tyler_Testing.X.production.obj
                intcode                               8        8       2E        4       0
                temp                                 53       53        1        1       1
                text25                              6E0      6E0       28        4       0
                text24                              754      754       16        4       0
                text22                              390      390       C2        4       0
                text21                              708      708       1C        4       0
                text19                              1EE      1EE       D2        4       0
                text18                              508      508       A8        4       0
                text17                              11C      11C       D2        4       0
                text16                              452      452       B6        4       0
                text15                               3A       3A       E2        4       0
                text14                              2C0      2C0       D0        4       0
                text13                              658      658       30        4       0
                text12                              6B4      6B4       2C        4       0
                text11                              5B0      5B0       6E        4       0
                text10                              61E      61E       3A        4       0
                text9                               77E      77E       14        4       0
                text7                               792      792       12        4       0
                text6                               7BA      7BA        8        4       0
                text5                               7A4      7A4        C        4       0
                text4                               688      688       2C        4       0
                text3                               7C2      7C2        4        4       0
                text2                               73E      73E       16        4       0
                text1                               76A      76A       14        4       0
                text0                               7B0      7B0        A        4       0
                cstackCOMRAM                         49       49        8        1       1
                bssCOMRAM                             1        1       48        1       1
                cinit                               724      724       1A        4       0
                nvCOMRAM                             51       51        2        1       1

TOTAL           Name                               Link     Load   Length     Space
        CLASS   STACK          

        CLASS   CODE           
                end_init                             36       36        4         0
                intcode                               8        8       2E         0
                reset_vec                             0        0        4         0
                text25                              6E0      6E0       28         0
                text24                              754      754       16         0
                text22                              390      390       C2         0
                text21                              708      708       1C         0
                text19                              1EE      1EE       D2         0
                text18                              508      508       A8         0
                text17                              11C      11C       D2         0
                text16                              452      452       B6         0
                text15                               3A       3A       E2         0
                text14                              2C0      2C0       D0         0
                text13                              658      658       30         0
                text12                              6B4      6B4       2C         0
                text11                              5B0      5B0       6E         0
                text10                              61E      61E       3A         0
                text9                               77E      77E       14         0
                text7                               792      792       12         0
                text6                               7BA      7BA        8         0
                text5                               7A4      7A4        C         0
                text4                               688      688       2C         0
                text3                               7C2      7C2        4         0
                text2                               73E      73E       16         0
                text1                               76A      76A       14         0
                text0                               7B0      7B0        A         0
                cinit                               724      724       1A         0

        CLASS   CONST          

        CLASS   SMALLCONST     

        CLASS   MEDIUMCONST    

        CLASS   COMRAM         
                temp                                 53       53        1         1
                cstackCOMRAM                         49       49        8         1
                bssCOMRAM                             1        1       48         1
                nvCOMRAM                             51       51        2         1

        CLASS   ABS1           

        CLASS   BIGRAM         

        CLASS   RAM            

        CLASS   BANK0          

        CLASS   BANK1          

        CLASS   BANK2          

        CLASS   BANK3          

        CLASS   BANK4          

        CLASS   BANK5          

        CLASS   BANK6          

        CLASS   BANK7          

        CLASS   BANK8          

        CLASS   BANK9          

        CLASS   BANK10         

        CLASS   BANK11         

        CLASS   BANK12         

        CLASS   BANK13         

        CLASS   BANK14         

        CLASS   BANK15         

        CLASS   SFR            

        CLASS   FARRAM         

        CLASS   CONFIG         
                config                           300000   300000        E         0

        CLASS   IDLOC          
                idloc                            200000   200000        8         0

        CLASS   EEDATA         



SEGMENTS        Name                           Load    Length   Top    Selector   Space  Class

                reset_vec                      000000  000004  000004         0       0  CODE    
                bssCOMRAM                      000001  000053  000054         1       1  COMRAM  
                intcode                        000008  0007BE  0007C6         4       0  CODE    
                idloc                          200000  000008  200008    200000       0  IDLOC   
                config                         300000  00000E  30000E    300000       0  CONFIG  


UNUSED ADDRESS RANGES

        Name                Unused          Largest block    Delta
        BANK0            000060-0000FF               A0
        BANK1            000100-0001FF              100
        BANK10           000A00-000AFF              100
        BANK11           000B00-000BFF              100
        BANK12           000C00-000CFF              100
        BANK13           000D00-000DFF              100
        BANK14           000E00-000EFF              100
        BANK15           000F00-000F37               38
        BANK2            000200-0002FF              100
        BANK3            000300-0003FF              100
        BANK4            000400-0004FF              100
        BANK5            000500-0005FF              100
        BANK6            000600-0006FF              100
        BANK7            000700-0007FF              100
        BANK8            000800-0008FF              100
        BANK9            000900-0009FF              100
        BIGRAM           000054-000F37              EE4
        CODE             000004-000007                4
                         0007C6-00FFFF             F83A
        COMRAM           000054-00005F                C
        CONST            000004-000007                4
                         0007C6-00FFFF             F83A
        EEDATA           F00000-F003FF              400
        MEDIUMCONST      001000-00FFFF             F000
        RAM              000060-000F37              100
        SFR              000F38-000FFF               28
        SMALLCONST       001000-00FFFF              100
        STACK            000060-000F37              ED8

                                  Symbol Table

CCP4_CallBack@capturedValue          cstackCOMRAM 000049
CCP4_CaptureISR@module               cstackCOMRAM 00004C
LEDLogic@bluePixels                  bssCOMRAM    000001
LEDLogic@greenPixels                 bssCOMRAM    000019
LEDLogic@redPixels                   bssCOMRAM    000031
_ANSELA                              (abs)        000F38
_ANSELB                              (abs)        000F39
_ANSELC                              (abs)        000F3A
_CCP4CON                             (abs)        000F57
_CCP4_CallBack                       text25       0006E0
_CCP4_CaptureISR                     text24       000754
_CCP4_Initialize                     text7        000792
_CCPR4H                              (abs)        000F59
_CCPR4L                              (abs)        000F58
_CCPTMRS1bits                        (abs)        000F48
_INTCON2bits                         (abs)        000FF1
_INTCONbits                          (abs)        000FF2
_INTERRUPT_Initialize                text6        0007BA
_INTERRUPT_InterruptManager          intcode      000008
_IOCB4                               (abs)        007B14
_IPR4bits                            (abs)        000F7C
_LATA                                (abs)        000F89
_LATB                                (abs)        000F8A
_LATBbits                            (abs)        000F8A
_LATC                                (abs)        000F8B
_LATCbits                            (abs)        000F8B
_LEDOne                              text20       000000
_LEDZero                             text23       000000
_OSCCON                              (abs)        000FD3
_OSCCON2                             (abs)        000FD2
_OSCILLATOR_Initialize               text5        0007A4
_OSCTUNE                             (abs)        000F9B
_PIE4bits                            (abs)        000F7A
_PIN_MANAGER_IOC                     text9        00077E
_PIN_MANAGER_Initialize              text4        000688
_PIR1bits                            (abs)        000F9E
_PIR4bits                            (abs)        000F7B
_PORTBbits                           (abs)        000F81
_RBIF                                (abs)        007F90
_RCONbits                            (abs)        000FD0
_SYSTEM_Initialize                   text1        00076A
_T1CON                               (abs)        000FCD
_T1CONbits                           (abs)        000FCD
_T1GCON                              (abs)        000FCC
_TMR1                                (abs)        000FCE
_TMR1H                               (abs)        000FCF
_TMR1L                               (abs)        000FCE
_TMR1_Initialize                     text2        00073E
_TMR1_StartTimer                     text3        0007C2
_TRISA                               (abs)        000F92
_TRISB                               (abs)        000F93
_TRISC                               (abs)        000F94
_WPUB                                (abs)        000F61
__CFG_BOREN$SBORDIS                  (abs)        000000
__CFG_BORV$190                       (abs)        000000
__CFG_CCP2MX$PORTC1                  (abs)        000000
__CFG_CCP3MX$PORTB5                  (abs)        000000
__CFG_CP0$OFF                        (abs)        000000
__CFG_CP1$OFF                        (abs)        000000
__CFG_CP2$OFF                        (abs)        000000
__CFG_CP3$OFF                        (abs)        000000
__CFG_CPB$OFF                        (abs)        000000
__CFG_CPD$OFF                        (abs)        000000
__CFG_DEBUG$OFF                      (abs)        000000
__CFG_EBTR0$OFF                      (abs)        000000
__CFG_EBTR1$OFF                      (abs)        000000
__CFG_EBTR2$OFF                      (abs)        000000
__CFG_EBTR3$OFF                      (abs)        000000
__CFG_EBTRB$OFF                      (abs)        000000
__CFG_FCMEN$OFF                      (abs)        000000
__CFG_FOSC$INTIO67                   (abs)        000000
__CFG_HFOFST$ON                      (abs)        000000
__CFG_IESO$OFF                       (abs)        000000
__CFG_LVP$OFF                        (abs)        000000
__CFG_MCLRE$EXTMCLR                  (abs)        000000
__CFG_P2BMX$PORTB5                   (abs)        000000
__CFG_PBADEN$ON                      (abs)        000000
__CFG_PLLCFG$OFF                     (abs)        000000
__CFG_PRICLKEN$ON                    (abs)        000000
__CFG_PWRTEN$OFF                     (abs)        000000
__CFG_STVREN$ON                      (abs)        000000
__CFG_T3CMX$PORTC0                   (abs)        000000
__CFG_WDTEN$OFF                      (abs)        000000
__CFG_WDTPS$32768                    (abs)        000000
__CFG_WRT0$OFF                       (abs)        000000
__CFG_WRT1$OFF                       (abs)        000000
__CFG_WRT2$OFF                       (abs)        000000
__CFG_WRT3$OFF                       (abs)        000000
__CFG_WRTB$OFF                       (abs)        000000
__CFG_WRTC$OFF                       (abs)        000000
__CFG_WRTD$OFF                       (abs)        000000
__CFG_XINST$OFF                      (abs)        000000
__HRAM                               (abs)        000000
__Habs1                              abs1         000000
__Hbank0                             bank0        000000
__Hbank1                             bank1        000000
__Hbank10                            bank10       000000
__Hbank11                            bank11       000000
__Hbank12                            bank12       000000
__Hbank13                            bank13       000000
__Hbank14                            bank14       000000
__Hbank15                            bank15       000000
__Hbank2                             bank2        000000
__Hbank3                             bank3        000000
__Hbank4                             bank4        000000
__Hbank5                             bank5        000000
__Hbank6                             bank6        000000
__Hbank7                             bank7        000000
__Hbank8                             bank8        000000
__Hbank9                             bank9        000000
__Hbigbss                            bigbss       000000
__Hbigdata                           bigdata      000000
__Hbigram                            bigram       000000
__Hbss                               bss          000000
__HbssCOMRAM                         bssCOMRAM    000000
__Hcinit                             cinit        000000
__Hclrtext                           clrtext      000000
__Hcomram                            comram       000000
__Hconfig                            config       30000E
__Hconst                             const        000000
__HcstackCOMRAM                      cstackCOMRAM 000000
__Hdata                              data         000000
__Heeprom_data                       eeprom_data  000000
__Hend_init                          end_init     00003A
__Hfarbss                            farbss       000000
__Hfardata                           fardata      000000
__Hibigdata                          ibigdata     000000
__Hidata                             idata        000000
__Hidloc                             idloc        200008
__Hifardata                          ifardata     000000
__Hinit                              init         000036
__Hintcode                           intcode      000036
__Hintcode_body                      intcode_body 000000
__Hintcodelo                         intcodelo    000036
__Hintentry                          intentry     000000
__Hintret                            intret       000000
__Hintsave_regs                      intsave_regs 000000
__Hirdata                            irdata       000000
__Hmediumconst                       mediumconst  000000
__HnvCOMRAM                          nvCOMRAM     000000
__HnvFARRAM                          nvFARRAM     000000
__Hnvbit                             nvbit        000000
__Hnvrram                            nvrram       000000
__Hparam                             rparam       000000
__Hpowerup                           powerup      000036
__Hram                               ram          000000
__Hramtop                            ramtop       001000
__Hrbit                              rbit         000000
__Hrbss                              rbss         000000
__Hrdata                             rdata        000000
__Hreset_vec                         reset_vec    000004
__Hrparam                            rparam       000000
__Hsfr                               sfr          000000
__Hsmallconst                        smallconst   000000
__Hspace_0                           (abs)        30000E
__Hspace_1                           (abs)        000054
__Hspace_2                           (abs)        000000
__Hstack                             stack        000000
__Hstruct                            struct       000000
__Htemp                              temp         000054
__Htext                              text         000000
__Htext0                             text0        000000
__Htext1                             text1        000000
__Htext10                            text10       000000
__Htext11                            text11       000000
__Htext12                            text12       000000
__Htext13                            text13       000000
__Htext14                            text14       000000
__Htext15                            text15       000000
__Htext16                            text16       000000
__Htext17                            text17       000000
__Htext18                            text18       000000
__Htext19                            text19       000000
__Htext2                             text2        000000
__Htext20                            text20       000000
__Htext21                            text21       000000
__Htext22                            text22       000000
__Htext23                            text23       000000
__Htext24                            text24       000000
__Htext25                            text25       000000
__Htext3                             text3        000000
__Htext4                             text4        000000
__Htext5                             text5        000000
__Htext6                             text6        000000
__Htext7                             text7        000000
__Htext9                             text9        000000
__LRAM                               (abs)        000001
__Labs1                              abs1         000000
__Lbank0                             bank0        000000
__Lbank1                             bank1        000000
__Lbank10                            bank10       000000
__Lbank11                            bank11       000000
__Lbank12                            bank12       000000
__Lbank13                            bank13       000000
__Lbank14                            bank14       000000
__Lbank15                            bank15       000000
__Lbank2                             bank2        000000
__Lbank3                             bank3        000000
__Lbank4                             bank4        000000
__Lbank5                             bank5        000000
__Lbank6                             bank6        000000
__Lbank7                             bank7        000000
__Lbank8                             bank8        000000
__Lbank9                             bank9        000000
__Lbigbss                            bigbss       000000
__Lbigdata                           bigdata      000000
__Lbigram                            bigram       000000
__Lbss                               bss          000000
__LbssCOMRAM                         bssCOMRAM    000000
__Lcinit                             cinit        000000
__Lclrtext                           clrtext      000000
__Lcomram                            comram       000000
__Lconfig                            config       300000
__Lconst                             const        000000
__LcstackCOMRAM                      cstackCOMRAM 000000
__Ldata                              data         000000
__Leeprom_data                       eeprom_data  000000
__Lend_init                          end_init     000036
__Lfarbss                            farbss       000000
__Lfardata                           fardata      000000
__Libigdata                          ibigdata     000000
__Lidata                             idata        000000
__Lidloc                             idloc        200000
__Lifardata                          ifardata     000000
__Linit                              init         000036
__Lintcode                           intcode      000008
__Lintcode_body                      intcode_body 000000
__Lintcodelo                         intcodelo    000036
__Lintentry                          intentry     000000
__Lintret                            intret       000000
__Lintsave_regs                      intsave_regs 000000
__Lirdata                            irdata       000000
__Lmediumconst                       mediumconst  000000
__LnvCOMRAM                          nvCOMRAM     000000
__LnvFARRAM                          nvFARRAM     000000
__Lnvbit                             nvbit        000000
__Lnvrram                            nvrram       000000
__Lparam                             rparam       000000
__Lpowerup                           powerup      000036
__Lram                               ram          000000
__Lramtop                            ramtop       001000
__Lrbit                              rbit         000000
__Lrbss                              rbss         000000
__Lrdata                             rdata        000000
__Lreset_vec                         reset_vec    000000
__Lrparam                            rparam       000000
__Lsfr                               sfr          000000
__Lsmallconst                        smallconst   000000
__Lspace_0                           (abs)        000000
__Lspace_1                           (abs)        000000
__Lspace_2                           (abs)        000000
__Lstack                             stack        000000
__Lstruct                            struct       000000
__Ltemp                              temp         000053
__Ltext                              text         000000
__Ltext0                             text0        000000
__Ltext1                             text1        000000
__Ltext10                            text10       000000
__Ltext11                            text11       000000
__Ltext12                            text12       000000
__Ltext13                            text13       000000
__Ltext14                            text14       000000
__Ltext15                            text15       000000
__Ltext16                            text16       000000
__Ltext17                            text17       000000
__Ltext18                            text18       000000
__Ltext19                            text19       000000
__Ltext2                             text2        000000
__Ltext20                            text20       000000
__Ltext21                            text21       000000
__Ltext22                            text22       000000
__Ltext23                            text23       000000
__Ltext24                            text24       000000
__Ltext25                            text25       000000
__Ltext3                             text3        000000
__Ltext4                             text4        000000
__Ltext5                             text5        000000
__Ltext6                             text6        000000
__Ltext7                             text7        000000
__Ltext9                             text9        000000
__S0                                 (abs)        30000E
__S1                                 (abs)        000054
__S2                                 (abs)        000000
___inthi_sp                          stack        000000
___intlo_sp                          stack        000000
___param_bank                        (abs)        000010
___rparam_used                       (abs)        000001
___sp                                stack        000000
__accesstop                          (abs)        000060
__activetblptr                       (abs)        000002
__end_of_CCP4_CallBack               text25       000708
__end_of_CCP4_CaptureISR             text24       00076A
__end_of_CCP4_Initialize             text7        0007A4
__end_of_INTERRUPT_Initialize        text6        0007C2
__end_of_INTERRUPT_InterruptManager  intcode      000036
__end_of_LEDOne                      text20       000000
__end_of_LEDZero                     text23       000000
__end_of_OSCILLATOR_Initialize       text5        0007B0
__end_of_PIN_MANAGER_IOC             text9        000792
__end_of_PIN_MANAGER_Initialize      text4        0006B4
__end_of_SYSTEM_Initialize           text1        00077E
__end_of_TMR1_Initialize             text2        000754
__end_of_TMR1_StartTimer             text3        0007C6
__end_of__initialization             cinit        000730
__end_of_clearPattern                text21       000724
__end_of_colorBlack                  text22       000452
__end_of_colorGreen                  text17       0001EE
__end_of_colorRed                    text19       0002C0
__end_of_colorYellow                 text15       00011C
__end_of_delay_25ms_n_times          text13       000688
__end_of_draw                        text12       0006E0
__end_of_main                        text0        0007BA
__end_of_playDamage                  text18       0005B0
__end_of_playHeal                    text16       000508
__end_of_playPattern                 text10       000658
__end_of_playStun                    text14       000390
__end_of_pulse                       text11       00061E
__initialization                     cinit        000724
__mediumconst                        mediumconst  000000
__pbssCOMRAM                         bssCOMRAM    000001
__pcinit                             cinit        000724
__pcstackCOMRAM                      cstackCOMRAM 000049
__pintcode                           intcode      000008
__pnvCOMRAM                          nvCOMRAM     000051
__ptext0                             text0        0007B0
__ptext1                             text1        00076A
__ptext10                            text10       00061E
__ptext11                            text11       0005B0
__ptext12                            text12       0006B4
__ptext13                            text13       000658
__ptext14                            text14       0002C0
__ptext15                            text15       00003A
__ptext16                            text16       000452
__ptext17                            text17       00011C
__ptext18                            text18       000508
__ptext19                            text19       0001EE
__ptext2                             text2        00073E
__ptext20                            text20       000000
__ptext21                            text21       000708
__ptext22                            text22       000390
__ptext23                            text23       000000
__ptext24                            text24       000754
__ptext25                            text25       0006E0
__ptext3                             text3        0007C2
__ptext4                             text4        000688
__ptext5                             text5        0007A4
__ptext6                             text6        0007BA
__ptext7                             text7        000792
__ptext9                             text9        00077E
__ramtop                             ramtop       001000
__size_of_CCP4_CallBack              (abs)        000000
__size_of_CCP4_CaptureISR            (abs)        000000
__size_of_CCP4_Initialize            (abs)        000000
__size_of_INTERRUPT_Initialize       (abs)        000000
__size_of_INTERRUPT_InterruptManager (abs)        000000
__size_of_LEDOne                     (abs)        000000
__size_of_LEDZero                    (abs)        000000
__size_of_OSCILLATOR_Initialize      (abs)        000000
__size_of_PIN_MANAGER_IOC            (abs)        000000
__size_of_PIN_MANAGER_Initialize     (abs)        000000
__size_of_SYSTEM_Initialize          (abs)        000000
__size_of_TMR1_Initialize            (abs)        000000
__size_of_TMR1_StartTimer            (abs)        000000
__size_of_clearPattern               (abs)        000000
__size_of_colorBlack                 (abs)        000000
__size_of_colorGreen                 (abs)        000000
__size_of_colorRed                   (abs)        000000
__size_of_colorYellow                (abs)        000000
__size_of_delay_25ms_n_times         (abs)        000000
__size_of_draw                       (abs)        000000
__size_of_main                       (abs)        000000
__size_of_playDamage                 (abs)        000000
__size_of_playHeal                   (abs)        000000
__size_of_playPattern                (abs)        000000
__size_of_playStun                   (abs)        000000
__size_of_pulse                      (abs)        000000
__smallconst                         smallconst   000000
_clearPattern                        text21       000708
_colorBlack                          text22       000390
_colorGreen                          text17       00011C
_colorRed                            text19       0001EE
_colorYellow                         text15       00003A
_delay_25ms_n_times                  text13       000658
_draw                                text12       0006B4
_inlined$_LEDOne                     (abs)        000001
_inlined$_LEDZero                    (abs)        000001
_main                                text0        0007B0
_playDamage                          text18       000508
_playHeal                            text16       000452
_playPattern                         text10       00061E
_playStun                            text14       0002C0
_pulse                               text11       0005B0
_timer1ReloadVal                     nvCOMRAM     000051
btemp                                temp         000053
clearPattern@i                       cstackCOMRAM 000049
delay_25ms_n_times@n                 cstackCOMRAM 000049
draw@bitCount                        cstackCOMRAM 00004A
draw@pixel                           cstackCOMRAM 000049
end_of_initialization                cinit        000730
int$flags                            temp         000053
intlevel0                            text         000000
intlevel1                            text         000000
intlevel2                            text         000000
intlevel3                            text         000000
playDamage@i                         cstackCOMRAM 00004A
playHeal@i                           cstackCOMRAM 00004A
playPattern@pattern                  cstackCOMRAM 00004E
playStun@i                           cstackCOMRAM 00004A
pulse@i                              cstackCOMRAM 00004D
pulse@pixel                          cstackCOMRAM 00004C
stackhi                              (abs)        000F37
stacklo                              (abs)        000060
start                                init         000036
start_initialization                 cinit        000724


FUNCTION INFORMATION:

 *************** function _main *****************
 Defined at:
		line 53 in file "main.c"
 Parameters:    Size  Location     Type
		None
 Auto vars:     Size  Location     Type
		None
 Return value:  Size  Location     Type
                  1    wreg      void 
 Registers used:
		wreg, status,2, cstack
 Tracked objects:
		On entry : 
		On exit  : 
		Unchanged: 
 Data sizes:     COMRAM   BANK0   BANK1   BANK2   BANK3   BANK4   BANK5   BANK6   BANK7   BANK8   BANK9  BANK10  BANK11  BANK12  BANK13  BANK14  BANK15
      Params:         0       0       0       0       0       0       0       0       0       0       0       0       0       0       0       0       0
      Locals:         0       0       0       0       0       0       0       0       0       0       0       0       0       0       0       0       0
      Temps:          0       0       0       0       0       0       0       0       0       0       0       0       0       0       0       0       0
      Totals:         0       0       0       0       0       0       0       0       0       0       0       0       0       0       0       0       0
Total ram usage:        0 bytes
 Hardware stack levels required when called:    9
 This function calls:
		_SYSTEM_Initialize
 This function is called by:
		Startup code after reset
 This function uses a non-reentrant model


 *************** function _SYSTEM_Initialize *****************
 Defined at:
		line 112 in file "mcc_generated_files/mcc.c"
 Parameters:    Size  Location     Type
		None
 Auto vars:     Size  Location     Type
		None
 Return value:  Size  Location     Type
                  1    wreg      void 
 Registers used:
		wreg, status,2, cstack
 Tracked objects:
		On entry : 
		On exit  : 
		Unchanged: 
 Data sizes:     COMRAM   BANK0   BANK1   BANK2   BANK3   BANK4   BANK5   BANK6   BANK7   BANK8   BANK9  BANK10  BANK11  BANK12  BANK13  BANK14  BANK15
      Params:         0       0       0       0       0       0       0       0       0       0       0       0       0       0       0       0       0
      Locals:         0       0       0       0       0       0       0       0       0       0       0       0       0       0       0       0       0
      Temps:          0       0       0       0       0       0       0       0       0       0       0       0       0       0       0       0       0
      Totals:         0       0       0       0       0       0       0       0       0       0       0       0       0       0       0       0       0
Total ram usage:        0 bytes
 Hardware stack levels used:    1
 Hardware stack levels required when called:    8
 This function calls:
		_CCP4_Initialize
		_INTERRUPT_Initialize
		_OSCILLATOR_Initialize
		_PIN_MANAGER_Initialize
		_TMR1_Initialize
 This function is called by:
		_main
 This function uses a non-reentrant model


 *************** function _TMR1_Initialize *****************
 Defined at:
		line 63 in file "mcc_generated_files/tmr1.c"
 Parameters:    Size  Location     Type
		None
 Auto vars:     Size  Location     Type
		None
 Return value:  Size  Location     Type
                  1    wreg      void 
 Registers used:
		cstack
 Tracked objects:
		On entry : 
		On exit  : 
		Unchanged: 
 Data sizes:     COMRAM   BANK0   BANK1   BANK2   BANK3   BANK4   BANK5   BANK6   BANK7   BANK8   BANK9  BANK10  BANK11  BANK12  BANK13  BANK14  BANK15
      Params:         0       0       0       0       0       0       0       0       0       0       0       0       0       0       0       0       0
      Locals:         0       0       0       0       0       0       0       0       0       0       0       0       0       0       0       0       0
      Temps:          0       0       0       0       0       0       0       0       0       0       0       0       0       0       0       0       0
      Totals:         0       0       0       0       0       0       0       0       0       0       0       0       0       0       0       0       0
Total ram usage:        0 bytes
 Hardware stack levels used:    1
 Hardware stack levels required when called:    7
 This function calls:
		_TMR1_StartTimer
 This function is called by:
		_SYSTEM_Initialize
 This function uses a non-reentrant model


 *************** function _TMR1_StartTimer *****************
 Defined at:
		line 89 in file "mcc_generated_files/tmr1.c"
 Parameters:    Size  Location     Type
		None
 Auto vars:     Size  Location     Type
		None
 Return value:  Size  Location     Type
                  1    wreg      void 
 Registers used:
		None
 Tracked objects:
		On entry : 
		On exit  : 
		Unchanged: 
 Data sizes:     COMRAM   BANK0   BANK1   BANK2   BANK3   BANK4   BANK5   BANK6   BANK7   BANK8   BANK9  BANK10  BANK11  BANK12  BANK13  BANK14  BANK15
      Params:         0       0       0       0       0       0       0       0       0       0       0       0       0       0       0       0       0
      Locals:         0       0       0       0       0       0       0       0       0       0       0       0       0       0       0       0       0
      Temps:          0       0       0       0       0       0       0       0       0       0       0       0       0       0       0       0       0
      Totals:         0       0       0       0       0       0       0       0       0       0       0       0       0       0       0       0       0
Total ram usage:        0 bytes
 Hardware stack levels used:    1
 Hardware stack levels required when called:    6
 This function calls:
		Nothing
 This function is called by:
		_TMR1_Initialize
 This function uses a non-reentrant model


 *************** function _PIN_MANAGER_Initialize *****************
 Defined at:
		line 50 in file "mcc_generated_files/pin_manager.c"
 Parameters:    Size  Location     Type
		None
 Auto vars:     Size  Location     Type
		None
 Return value:  Size  Location     Type
                  1    wreg      void 
 Registers used:
		wreg, status,2
 Tracked objects:
		On entry : 
		On exit  : 
		Unchanged: 
 Data sizes:     COMRAM   BANK0   BANK1   BANK2   BANK3   BANK4   BANK5   BANK6   BANK7   BANK8   BANK9  BANK10  BANK11  BANK12  BANK13  BANK14  BANK15
      Params:         0       0       0       0       0       0       0       0       0       0       0       0       0       0       0       0       0
      Locals:         0       0       0       0       0       0       0       0       0       0       0       0       0       0       0       0       0
      Temps:          0       0       0       0       0       0       0       0       0       0       0       0       0       0       0       0       0
      Totals:         0       0       0       0       0       0       0       0       0       0       0       0       0       0       0       0       0
Total ram usage:        0 bytes
 Hardware stack levels used:    1
 Hardware stack levels required when called:    6
 This function calls:
		Nothing
 This function is called by:
		_SYSTEM_Initialize
 This function uses a non-reentrant model


 *************** function _OSCILLATOR_Initialize *****************
 Defined at:
		line 122 in file "mcc_generated_files/mcc.c"
 Parameters:    Size  Location     Type
		None
 Auto vars:     Size  Location     Type
		None
 Return value:  Size  Location     Type
                  1    wreg      void 
 Registers used:
		wreg, status,2
 Tracked objects:
		On entry : 
		On exit  : 
		Unchanged: 
 Data sizes:     COMRAM   BANK0   BANK1   BANK2   BANK3   BANK4   BANK5   BANK6   BANK7   BANK8   BANK9  BANK10  BANK11  BANK12  BANK13  BANK14  BANK15
      Params:         0       0       0       0       0       0       0       0       0       0       0       0       0       0       0       0       0
      Locals:         0       0       0       0       0       0       0       0       0       0       0       0       0       0       0       0       0
      Temps:          0       0       0       0       0       0       0       0       0       0       0       0       0       0       0       0       0
      Totals:         0       0       0       0       0       0       0       0       0       0       0       0       0       0       0       0       0
Total ram usage:        0 bytes
 Hardware stack levels used:    1
 Hardware stack levels required when called:    6
 This function calls:
		Nothing
 This function is called by:
		_SYSTEM_Initialize
 This function uses a non-reentrant model


 *************** function _INTERRUPT_Initialize *****************
 Defined at:
		line 52 in file "mcc_generated_files/interrupt_manager.c"
 Parameters:    Size  Location     Type
		None
 Auto vars:     Size  Location     Type
		None
 Return value:  Size  Location     Type
                  1    wreg      void 
 Registers used:
		None
 Tracked objects:
		On entry : 
		On exit  : 
		Unchanged: 
 Data sizes:     COMRAM   BANK0   BANK1   BANK2   BANK3   BANK4   BANK5   BANK6   BANK7   BANK8   BANK9  BANK10  BANK11  BANK12  BANK13  BANK14  BANK15
      Params:         0       0       0       0       0       0       0       0       0       0       0       0       0       0       0       0       0
      Locals:         0       0       0       0       0       0       0       0       0       0       0       0       0       0       0       0       0
      Temps:          0       0       0       0       0       0       0       0       0       0       0       0       0       0       0       0       0
      Totals:         0       0       0       0       0       0       0       0       0       0       0       0       0       0       0       0       0
Total ram usage:        0 bytes
 Hardware stack levels used:    1
 Hardware stack levels required when called:    6
 This function calls:
		Nothing
 This function is called by:
		_SYSTEM_Initialize
 This function uses a non-reentrant model


 *************** function _CCP4_Initialize *****************
 Defined at:
		line 58 in file "mcc_generated_files/ccp4.c"
 Parameters:    Size  Location     Type
		None
 Auto vars:     Size  Location     Type
		None
 Return value:  Size  Location     Type
                  1    wreg      void 
 Registers used:
		wreg, status,2
 Tracked objects:
		On entry : 
		On exit  : 
		Unchanged: 
 Data sizes:     COMRAM   BANK0   BANK1   BANK2   BANK3   BANK4   BANK5   BANK6   BANK7   BANK8   BANK9  BANK10  BANK11  BANK12  BANK13  BANK14  BANK15
      Params:         0       0       0       0       0       0       0       0       0       0       0       0       0       0       0       0       0
      Locals:         0       0       0       0       0       0       0       0       0       0       0       0       0       0       0       0       0
      Temps:          0       0       0       0       0       0       0       0       0       0       0       0       0       0       0       0       0
      Totals:         0       0       0       0       0       0       0       0       0       0       0       0       0       0       0       0       0
Total ram usage:        0 bytes
 Hardware stack levels used:    1
 Hardware stack levels required when called:    6
 This function calls:
		Nothing
 This function is called by:
		_SYSTEM_Initialize
 This function uses a non-reentrant model


 *************** function _INTERRUPT_InterruptManager *****************
 Defined at:
		line 65 in file "mcc_generated_files/interrupt_manager.c"
 Parameters:    Size  Location     Type
		None
 Auto vars:     Size  Location     Type
		None
 Return value:  Size  Location     Type
                  1    wreg      void 
 Registers used:
		wreg, fsr2l, fsr2h, status,2, status,0, cstack
 Tracked objects:
		On entry : 
		On exit  : 
		Unchanged: 
 Data sizes:     COMRAM   BANK0   BANK1   BANK2   BANK3   BANK4   BANK5   BANK6   BANK7   BANK8   BANK9  BANK10  BANK11  BANK12  BANK13  BANK14  BANK15
      Params:         0       0       0       0       0       0       0       0       0       0       0       0       0       0       0       0       0
      Locals:         0       0       0       0       0       0       0       0       0       0       0       0       0       0       0       0       0
      Temps:          2       0       0       0       0       0       0       0       0       0       0       0       0       0       0       0       0
      Totals:         2       0       0       0       0       0       0       0       0       0       0       0       0       0       0       0       0
Total ram usage:        2 bytes
 Hardware stack levels used:    1
 Hardware stack levels required when called:    5
 This function calls:
		_CCP4_CaptureISR
		_PIN_MANAGER_IOC
 This function is called by:
		Interrupt level 2
 This function uses a non-reentrant model


 *************** function _PIN_MANAGER_IOC *****************
 Defined at:
		line 73 in file "mcc_generated_files/pin_manager.c"
 Parameters:    Size  Location     Type
		None
 Auto vars:     Size  Location     Type
		None
 Return value:  Size  Location     Type
                  1    wreg      void 
 Registers used:
		wreg, fsr2l, fsr2h, status,2, status,0, cstack
 Tracked objects:
		On entry : 
		On exit  : 
		Unchanged: 
 Data sizes:     COMRAM   BANK0   BANK1   BANK2   BANK3   BANK4   BANK5   BANK6   BANK7   BANK8   BANK9  BANK10  BANK11  BANK12  BANK13  BANK14  BANK15
      Params:         0       0       0       0       0       0       0       0       0       0       0       0       0       0       0       0       0
      Locals:         0       0       0       0       0       0       0       0       0       0       0       0       0       0       0       0       0
      Temps:          0       0       0       0       0       0       0       0       0       0       0       0       0       0       0       0       0
      Totals:         0       0       0       0       0       0       0       0       0       0       0       0       0       0       0       0       0
Total ram usage:        0 bytes
 Hardware stack levels used:    1
 Hardware stack levels required when called:    4
 This function calls:
		_playPattern
 This function is called by:
		_INTERRUPT_InterruptManager
 This function uses a non-reentrant model


 *************** function _playPattern *****************
 Defined at:
		line 265 in file "LEDLogic.c"
 Parameters:    Size  Location     Type
  pattern         1    wreg     enum E7440
 Auto vars:     Size  Location     Type
  pattern         1    5[COMRAM] enum E7440
 Return value:  Size  Location     Type
                  1    wreg      void 
 Registers used:
		wreg, fsr2l, fsr2h, status,2, status,0, cstack
 Tracked objects:
		On entry : 
		On exit  : 
		Unchanged: 
 Data sizes:     COMRAM   BANK0   BANK1   BANK2   BANK3   BANK4   BANK5   BANK6   BANK7   BANK8   BANK9  BANK10  BANK11  BANK12  BANK13  BANK14  BANK15
      Params:         0       0       0       0       0       0       0       0       0       0       0       0       0       0       0       0       0
      Locals:         1       0       0       0       0       0       0       0       0       0       0       0       0       0       0       0       0
      Temps:          0       0       0       0       0       0       0       0       0       0       0       0       0       0       0       0       0
      Totals:         1       0       0       0       0       0       0       0       0       0       0       0       0       0       0       0       0
Total ram usage:        1 bytes
 Hardware stack levels used:    1
 Hardware stack levels required when called:    3
 This function calls:
		_clearPattern
		_playDamage
		_playHeal
		_playStun
		_pulse
 This function is called by:
		_PIN_MANAGER_IOC
 This function uses a non-reentrant model


 *************** function _pulse *****************
 Defined at:
		line 241 in file "LEDLogic.c"
 Parameters:    Size  Location     Type
		None
 Auto vars:     Size  Location     Type
  i               1    4[COMRAM] unsigned char 
  pixel           1    3[COMRAM] unsigned char 
 Return value:  Size  Location     Type
                  1    wreg      void 
 Registers used:
		wreg, fsr2l, fsr2h, status,2, status,0, cstack
 Tracked objects:
		On entry : 
		On exit  : 
		Unchanged: 
 Data sizes:     COMRAM   BANK0   BANK1   BANK2   BANK3   BANK4   BANK5   BANK6   BANK7   BANK8   BANK9  BANK10  BANK11  BANK12  BANK13  BANK14  BANK15
      Params:         0       0       0       0       0       0       0       0       0       0       0       0       0       0       0       0       0
      Locals:         2       0       0       0       0       0       0       0       0       0       0       0       0       0       0       0       0
      Temps:          0       0       0       0       0       0       0       0       0       0       0       0       0       0       0       0       0
      Totals:         2       0       0       0       0       0       0       0       0       0       0       0       0       0       0       0       0
Total ram usage:        2 bytes
 Hardware stack levels used:    1
 Hardware stack levels required when called:    1
 This function calls:
		_delay_25ms_n_times
		_draw
 This function is called by:
		_playPattern
 This function uses a non-reentrant model


 *************** function _draw *****************
 Defined at:
		line 300 in file "LEDLogic.c"
 Parameters:    Size  Location     Type
		None
 Auto vars:     Size  Location     Type
  bitCount        1    1[COMRAM] char 
  pixel           1    0[COMRAM] unsigned char 
 Return value:  Size  Location     Type
                  1    wreg      void 
 Registers used:
		wreg, status,2, status,0
 Tracked objects:
		On entry : 
		On exit  : 
		Unchanged: 
 Data sizes:     COMRAM   BANK0   BANK1   BANK2   BANK3   BANK4   BANK5   BANK6   BANK7   BANK8   BANK9  BANK10  BANK11  BANK12  BANK13  BANK14  BANK15
      Params:         0       0       0       0       0       0       0       0       0       0       0       0       0       0       0       0       0
      Locals:         2       0       0       0       0       0       0       0       0       0       0       0       0       0       0       0       0
      Temps:          0       0       0       0       0       0       0       0       0       0       0       0       0       0       0       0       0
      Totals:         2       0       0       0       0       0       0       0       0       0       0       0       0       0       0       0       0
Total ram usage:        2 bytes
 Hardware stack levels used:    1
 This function calls:
		Nothing
 This function is called by:
		_pulse
 This function uses a non-reentrant model


 *************** function _delay_25ms_n_times *****************
 Defined at:
		line 7 in file "LEDLogic.c"
 Parameters:    Size  Location     Type
  n               2    0[COMRAM] unsigned int 
 Auto vars:     Size  Location     Type
		None
 Return value:  Size  Location     Type
                  1    wreg      void 
 Registers used:
		wreg, status,2, status,0
 Tracked objects:
		On entry : 
		On exit  : 
		Unchanged: 
 Data sizes:     COMRAM   BANK0   BANK1   BANK2   BANK3   BANK4   BANK5   BANK6   BANK7   BANK8   BANK9  BANK10  BANK11  BANK12  BANK13  BANK14  BANK15
      Params:         2       0       0       0       0       0       0       0       0       0       0       0       0       0       0       0       0
      Locals:         0       0       0       0       0       0       0       0       0       0       0       0       0       0       0       0       0
      Temps:          1       0       0       0       0       0       0       0       0       0       0       0       0       0       0       0       0
      Totals:         3       0       0       0       0       0       0       0       0       0       0       0       0       0       0       0       0
Total ram usage:        3 bytes
 Hardware stack levels used:    1
 This function calls:
		Nothing
 This function is called by:
		_pulse
 This function uses a non-reentrant model


 *************** function _playStun *****************
 Defined at:
		line 215 in file "LEDLogic.c"
 Parameters:    Size  Location     Type
		None
 Auto vars:     Size  Location     Type
  i               2    1[COMRAM] int 
 Return value:  Size  Location     Type
                  1    wreg      void 
 Registers used:
		wreg, status,2, status,0, cstack
 Tracked objects:
		On entry : 
		On exit  : 
		Unchanged: 
 Data sizes:     COMRAM   BANK0   BANK1   BANK2   BANK3   BANK4   BANK5   BANK6   BANK7   BANK8   BANK9  BANK10  BANK11  BANK12  BANK13  BANK14  BANK15
      Params:         0       0       0       0       0       0       0       0       0       0       0       0       0       0       0       0       0
      Locals:         2       0       0       0       0       0       0       0       0       0       0       0       0       0       0       0       0
      Temps:          1       0       0       0       0       0       0       0       0       0       0       0       0       0       0       0       0
      Totals:         3       0       0       0       0       0       0       0       0       0       0       0       0       0       0       0       0
Total ram usage:        3 bytes
 Hardware stack levels used:    1
 Hardware stack levels required when called:    2
 This function calls:
		_colorGreen
		_colorYellow
 This function is called by:
		_playPattern
 This function uses a non-reentrant model


 *************** function _colorYellow *****************
 Defined at:
		line 111 in file "LEDLogic.c"
 Parameters:    Size  Location     Type
		None
 Auto vars:     Size  Location     Type
		None
 Return value:  Size  Location     Type
                  1    wreg      void 
 Registers used:
		cstack
 Tracked objects:
		On entry : 
		On exit  : 
		Unchanged: 
 Data sizes:     COMRAM   BANK0   BANK1   BANK2   BANK3   BANK4   BANK5   BANK6   BANK7   BANK8   BANK9  BANK10  BANK11  BANK12  BANK13  BANK14  BANK15
      Params:         0       0       0       0       0       0       0       0       0       0       0       0       0       0       0       0       0
      Locals:         0       0       0       0       0       0       0       0       0       0       0       0       0       0       0       0       0
      Temps:          0       0       0       0       0       0       0       0       0       0       0       0       0       0       0       0       0
      Totals:         0       0       0       0       0       0       0       0       0       0       0       0       0       0       0       0       0
Total ram usage:        0 bytes
 Hardware stack levels used:    1
 Hardware stack levels required when called:    1
 This function calls:
		_LEDOne
		_LEDZero
 This function is called by:
		_playStun
 This function uses a non-reentrant model


 *************** function _playHeal *****************
 Defined at:
		line 195 in file "LEDLogic.c"
 Parameters:    Size  Location     Type
		None
 Auto vars:     Size  Location     Type
  i               2    1[COMRAM] int 
 Return value:  Size  Location     Type
                  1    wreg      void 
 Registers used:
		wreg, status,2, status,0, cstack
 Tracked objects:
		On entry : 
		On exit  : 
		Unchanged: 
 Data sizes:     COMRAM   BANK0   BANK1   BANK2   BANK3   BANK4   BANK5   BANK6   BANK7   BANK8   BANK9  BANK10  BANK11  BANK12  BANK13  BANK14  BANK15
      Params:         0       0       0       0       0       0       0       0       0       0       0       0       0       0       0       0       0
      Locals:         2       0       0       0       0       0       0       0       0       0       0       0       0       0       0       0       0
      Temps:          1       0       0       0       0       0       0       0       0       0       0       0       0       0       0       0       0
      Totals:         3       0       0       0       0       0       0       0       0       0       0       0       0       0       0       0       0
Total ram usage:        3 bytes
 Hardware stack levels used:    1
 Hardware stack levels required when called:    2
 This function calls:
		_colorGreen
 This function is called by:
		_playPattern
 This function uses a non-reentrant model


 *************** function _colorGreen *****************
 Defined at:
		line 84 in file "LEDLogic.c"
 Parameters:    Size  Location     Type
		None
 Auto vars:     Size  Location     Type
		None
 Return value:  Size  Location     Type
                  1    wreg      void 
 Registers used:
		cstack
 Tracked objects:
		On entry : 
		On exit  : 
		Unchanged: 
 Data sizes:     COMRAM   BANK0   BANK1   BANK2   BANK3   BANK4   BANK5   BANK6   BANK7   BANK8   BANK9  BANK10  BANK11  BANK12  BANK13  BANK14  BANK15
      Params:         0       0       0       0       0       0       0       0       0       0       0       0       0       0       0       0       0
      Locals:         0       0       0       0       0       0       0       0       0       0       0       0       0       0       0       0       0
      Temps:          0       0       0       0       0       0       0       0       0       0       0       0       0       0       0       0       0
      Totals:         0       0       0       0       0       0       0       0       0       0       0       0       0       0       0       0       0
Total ram usage:        0 bytes
 Hardware stack levels used:    1
 Hardware stack levels required when called:    1
 This function calls:
		_LEDOne
		_LEDZero
 This function is called by:
		_playHeal
		_playStun
 This function uses a non-reentrant model


 *************** function _playDamage *****************
 Defined at:
		line 176 in file "LEDLogic.c"
 Parameters:    Size  Location     Type
		None
 Auto vars:     Size  Location     Type
  i               2    1[COMRAM] int 
 Return value:  Size  Location     Type
                  1    wreg      void 
 Registers used:
		wreg, status,2, status,0, cstack
 Tracked objects:
		On entry : 
		On exit  : 
		Unchanged: 
 Data sizes:     COMRAM   BANK0   BANK1   BANK2   BANK3   BANK4   BANK5   BANK6   BANK7   BANK8   BANK9  BANK10  BANK11  BANK12  BANK13  BANK14  BANK15
      Params:         0       0       0       0       0       0       0       0       0       0       0       0       0       0       0       0       0
      Locals:         2       0       0       0       0       0       0       0       0       0       0       0       0       0       0       0       0
      Temps:          1       0       0       0       0       0       0       0       0       0       0       0       0       0       0       0       0
      Totals:         3       0       0       0       0       0       0       0       0       0       0       0       0       0       0       0       0
Total ram usage:        3 bytes
 Hardware stack levels used:    1
 Hardware stack levels required when called:    2
 This function calls:
		_colorRed
 This function is called by:
		_playPattern
 This function uses a non-reentrant model


 *************** function _colorRed *****************
 Defined at:
		line 57 in file "LEDLogic.c"
 Parameters:    Size  Location     Type
		None
 Auto vars:     Size  Location     Type
		None
 Return value:  Size  Location     Type
                  1    wreg      void 
 Registers used:
		cstack
 Tracked objects:
		On entry : 
		On exit  : 
		Unchanged: 
 Data sizes:     COMRAM   BANK0   BANK1   BANK2   BANK3   BANK4   BANK5   BANK6   BANK7   BANK8   BANK9  BANK10  BANK11  BANK12  BANK13  BANK14  BANK15
      Params:         0       0       0       0       0       0       0       0       0       0       0       0       0       0       0       0       0
      Locals:         0       0       0       0       0       0       0       0       0       0       0       0       0       0       0       0       0
      Temps:          0       0       0       0       0       0       0       0       0       0       0       0       0       0       0       0       0
      Totals:         0       0       0       0       0       0       0       0       0       0       0       0       0       0       0       0       0
Total ram usage:        0 bytes
 Hardware stack levels used:    1
 Hardware stack levels required when called:    1
 This function calls:
		_LEDOne
		_LEDZero
 This function is called by:
		_playDamage
 This function uses a non-reentrant model


 *************** function _LEDOne *****************
 Defined at:
		line 15 in file "LEDLogic.c"
 Parameters:    Size  Location     Type
		None
 Auto vars:     Size  Location     Type
		None
 Return value:  Size  Location     Type
                  1    wreg      void 
 Registers used:
		None
 Tracked objects:
		On entry : 
		On exit  : 
		Unchanged: 
 Data sizes:     COMRAM   BANK0   BANK1   BANK2   BANK3   BANK4   BANK5   BANK6   BANK7   BANK8   BANK9  BANK10  BANK11  BANK12  BANK13  BANK14  BANK15
      Params:         0       0       0       0       0       0       0       0       0       0       0       0       0       0       0       0       0
      Locals:         0       0       0       0       0       0       0       0       0       0       0       0       0       0       0       0       0
      Temps:          0       0       0       0       0       0       0       0       0       0       0       0       0       0       0       0       0
      Totals:         0       0       0       0       0       0       0       0       0       0       0       0       0       0       0       0       0
Total ram usage:        0 bytes
 Hardware stack levels used:    1
 This function calls:
		Nothing
 This function is called by:
		_colorRed
		_colorGreen
		_colorYellow
 This function uses a non-reentrant model


 *************** function _clearPattern *****************
 Defined at:
		line 170 in file "LEDLogic.c"
 Parameters:    Size  Location     Type
		None
 Auto vars:     Size  Location     Type
  i               2    0[COMRAM] int 
 Return value:  Size  Location     Type
                  1    wreg      void 
 Registers used:
		wreg, status,2, status,0, cstack
 Tracked objects:
		On entry : 
		On exit  : 
		Unchanged: 
 Data sizes:     COMRAM   BANK0   BANK1   BANK2   BANK3   BANK4   BANK5   BANK6   BANK7   BANK8   BANK9  BANK10  BANK11  BANK12  BANK13  BANK14  BANK15
      Params:         0       0       0       0       0       0       0       0       0       0       0       0       0       0       0       0       0
      Locals:         2       0       0       0       0       0       0       0       0       0       0       0       0       0       0       0       0
      Temps:          0       0       0       0       0       0       0       0       0       0       0       0       0       0       0       0       0
      Totals:         2       0       0       0       0       0       0       0       0       0       0       0       0       0       0       0       0
Total ram usage:        2 bytes
 Hardware stack levels used:    1
 Hardware stack levels required when called:    2
 This function calls:
		_colorBlack
 This function is called by:
		_playPattern
 This function uses a non-reentrant model


 *************** function _colorBlack *****************
 Defined at:
		line 30 in file "LEDLogic.c"
 Parameters:    Size  Location     Type
		None
 Auto vars:     Size  Location     Type
		None
 Return value:  Size  Location     Type
                  1    wreg      void 
 Registers used:
		cstack
 Tracked objects:
		On entry : 
		On exit  : 
		Unchanged: 
 Data sizes:     COMRAM   BANK0   BANK1   BANK2   BANK3   BANK4   BANK5   BANK6   BANK7   BANK8   BANK9  BANK10  BANK11  BANK12  BANK13  BANK14  BANK15
      Params:         0       0       0       0       0       0       0       0       0       0       0       0       0       0       0       0       0
      Locals:         0       0       0       0       0       0       0       0       0       0       0       0       0       0       0       0       0
      Temps:          0       0       0       0       0       0       0       0       0       0       0       0       0       0       0       0       0
      Totals:         0       0       0       0       0       0       0       0       0       0       0       0       0       0       0       0       0
Total ram usage:        0 bytes
 Hardware stack levels used:    1
 Hardware stack levels required when called:    1
 This function calls:
		_LEDZero
 This function is called by:
		_clearPattern
 This function uses a non-reentrant model


 *************** function _LEDZero *****************
 Defined at:
		line 23 in file "LEDLogic.c"
 Parameters:    Size  Location     Type
		None
 Auto vars:     Size  Location     Type
		None
 Return value:  Size  Location     Type
                  1    wreg      void 
 Registers used:
		None
 Tracked objects:
		On entry : 
		On exit  : 
		Unchanged: 
 Data sizes:     COMRAM   BANK0   BANK1   BANK2   BANK3   BANK4   BANK5   BANK6   BANK7   BANK8   BANK9  BANK10  BANK11  BANK12  BANK13  BANK14  BANK15
      Params:         0       0       0       0       0       0       0       0       0       0       0       0       0       0       0       0       0
      Locals:         0       0       0       0       0       0       0       0       0       0       0       0       0       0       0       0       0
      Temps:          0       0       0       0       0       0       0       0       0       0       0       0       0       0       0       0       0
      Totals:         0       0       0       0       0       0       0       0       0       0       0       0       0       0       0       0       0
Total ram usage:        0 bytes
 Hardware stack levels used:    1
 This function calls:
		Nothing
 This function is called by:
		_colorBlack
		_colorRed
		_colorGreen
		_colorYellow
 This function uses a non-reentrant model


 *************** function _CCP4_CaptureISR *****************
 Defined at:
		line 81 in file "mcc_generated_files/ccp4.c"
 Parameters:    Size  Location     Type
		None
 Auto vars:     Size  Location     Type
  module          2    3[COMRAM] struct CCPR4Reg_tag
 Return value:  Size  Location     Type
                  1    wreg      void 
 Registers used:
		wreg, status,2, status,0, cstack
 Tracked objects:
		On entry : 
		On exit  : 
		Unchanged: 
 Data sizes:     COMRAM   BANK0   BANK1   BANK2   BANK3   BANK4   BANK5   BANK6   BANK7   BANK8   BANK9  BANK10  BANK11  BANK12  BANK13  BANK14  BANK15
      Params:         0       0       0       0       0       0       0       0       0       0       0       0       0       0       0       0       0
      Locals:         2       0       0       0       0       0       0       0       0       0       0       0       0       0       0       0       0
      Temps:          0       0       0       0       0       0       0       0       0       0       0       0       0       0       0       0       0
      Totals:         2       0       0       0       0       0       0       0       0       0       0       0       0       0       0       0       0
Total ram usage:        2 bytes
 Hardware stack levels used:    1
 Hardware stack levels required when called:    1
 This function calls:
		_CCP4_CallBack
 This function is called by:
		_INTERRUPT_InterruptManager
 This function uses a non-reentrant model


 *************** function _CCP4_CallBack *****************
 Defined at:
		line 96 in file "mcc_generated_files/ccp4.c"
 Parameters:    Size  Location     Type
  capturedValu    2    0[COMRAM] unsigned int 
 Auto vars:     Size  Location     Type
		None
 Return value:  Size  Location     Type
                  1    wreg      void 
 Registers used:
		wreg, status,2, status,0
 Tracked objects:
		On entry : 
		On exit  : 
		Unchanged: 
 Data sizes:     COMRAM   BANK0   BANK1   BANK2   BANK3   BANK4   BANK5   BANK6   BANK7   BANK8   BANK9  BANK10  BANK11  BANK12  BANK13  BANK14  BANK15
      Params:         2       0       0       0       0       0       0       0       0       0       0       0       0       0       0       0       0
      Locals:         0       0       0       0       0       0       0       0       0       0       0       0       0       0       0       0       0
      Temps:          1       0       0       0       0       0       0       0       0       0       0       0       0       0       0       0       0
      Totals:         3       0       0       0       0       0       0       0       0       0       0       0       0       0       0       0       0
Total ram usage:        3 bytes
 Hardware stack levels used:    1
 This function calls:
		Nothing
 This function is called by:
		_CCP4_CaptureISR
 This function uses a non-reentrant model



MODULE INFORMATION

Module		Function		Class		Link	Load	Size
LEDLogic.c
		_colorRed      		CODE           	01EE	0000	211
		_playHeal      		CODE           	0452	0000	183
		_clearPattern  		CODE           	0708	0000	29
		_playPattern   		CODE           	061E	0000	59
		_colorGreen    		CODE           	011C	0000	211
		_playDamage    		CODE           	0508	0000	169
		_colorBlack    		CODE           	0390	0000	195
		_colorYellow   		CODE           	003A	0000	227
		_pulse         		CODE           	05B0	0000	111
		_LEDOne        		CODE           	0000	0000	1
		_playStun      		CODE           	02C0	0000	209
		_delay_25ms_n_times		CODE           	0658	0000	49
		_LEDZero       		CODE           	0000	0000	1
		_draw          		CODE           	06B4	0000	45

LEDLogic.c estimated size: 1700

mcc_generated_files/interrupt_manager.c
		_INTERRUPT_Initialize		CODE           	07BA	0000	9
		_INTERRUPT_InterruptManager		CODE           	0008	0000	47

mcc_generated_files/interrupt_manager.c estimated size: 56

mcc_generated_files/pin_manager.c
		_PIN_MANAGER_Initialize		CODE           	0688	0000	45
		_PIN_MANAGER_IOC		CODE           	077E	0000	21

mcc_generated_files/pin_manager.c estimated size: 66

mcc_generated_files/ccp4.c
		_CCP4_CallBack 		CODE           	06E0	0000	41
		_CCP4_CaptureISR		CODE           	0754	0000	23
		_CCP4_Initialize		CODE           	0792	0000	19

mcc_generated_files/ccp4.c estimated size: 83

shared
		__initialization		CODE           	0724	0000	13

shared estimated size: 13

mcc_generated_files/mcc.c
		_OSCILLATOR_Initialize		CODE           	07A4	0000	13
		_SYSTEM_Initialize		CODE           	076A	0000	21

mcc_generated_files/mcc.c estimated size: 34

mcc_generated_files/tmr1.c
		_TMR1_Initialize		CODE           	073E	0000	23
		_TMR1_StartTimer		CODE           	07C2	0000	5

mcc_generated_files/tmr1.c estimated size: 28

main.c
		_main          		CODE           	07B0	0000	11

main.c estimated size: 11

