Microchip MPLAB XC8 Compiler V1.36 ()

Linker command line:

-W-3 --edf=C:\Program Files (x86)\Microchip\xc8\v1.36\dat\en_msgs.txt -cs \
  -h+dist/default/production\MagicMineTesting.X.production.sym \
  --cmf=dist/default/production\MagicMineTesting.X.production.cmf -z \
  -Q18F26K22 -oC:\Users\Rahul\AppData\Local\Temp\s9ug.2 \
  -Mdist/default/production/MagicMineTesting.X.production.map -E1 -ver=XC8 \
  -ASTACK=015Fh-0f37h -pstack=STACK -ACODE=00h-0FFFFh -ACONST=00h-0FFFFh \
  -ASMALLCONST=01000h-010FFhx240 -AMEDIUMCONST=01000h-0FFFFh \
  -ACOMRAM=01h-05Fh -AABS1=00h-0F37h -ABIGRAM=01h-0F37h \
  -ARAM=060h-0FFh,0100h-01FFhx14,0F00h-0F37h -ABANK0=060h-0FFh \
  -ABANK1=0100h-01FFh -ABANK2=0200h-02FFh -ABANK3=0300h-03FFh \
  -ABANK4=0400h-04FFh -ABANK5=0500h-05FFh -ABANK6=0600h-06FFh \
  -ABANK7=0700h-07FFh -ABANK8=0800h-08FFh -ABANK9=0900h-09FFh \
  -ABANK10=0A00h-0AFFh -ABANK11=0B00h-0BFFh -ABANK12=0C00h-0CFFh \
  -ABANK13=0D00h-0DFFh -ABANK14=0E00h-0EFFh -ABANK15=0F00h-0F37h \
  -ASFR=0F38h-0F5Fh,0F60h-0FFFh \
  -preset_vec=00h,intcode=08h,intcodelo,powerup,init,end_init \
  -pramtop=01000h -psmallconst=SMALLCONST -pmediumconst=MEDIUMCONST \
  -pconst=CONST -AFARRAM=00h-00h -ACONFIG=0300000h-030000Dh -pconfig=CONFIG \
  -AIDLOC=0200000h-0200007h -pidloc=IDLOC -AEEDATA=0F00000h-0F003FFh \
  -peeprom_data=EEDATA \
  -prdata=COMRAM,nvrram=COMRAM,nvbit=COMRAM,rbss=COMRAM,rbit=COMRAM \
  -pfarbss=FARRAM,fardata=FARRAM,nvFARRAM=FARRAM \
  -pintsave_regs=BIGRAM,bigbss=BIGRAM,bigdata=BIGRAM -pbss=RAM \
  -pidata=CODE,irdata=CODE,ibigdata=CODE,ifardata=CODE -prparam=COMRAM \
  C:\Users\Rahul\AppData\Local\Temp\s9ug.obj \
  dist/default/production\MagicMineTesting.X.production.obj 

Object code version is 3.11

Machine type is 18F26K22

Call graph: (short form)




                Name                               Link     Load   Length Selector   Space Scale
C:\Users\Rahul\AppData\Local\Temp\s9ug.obj
                end_init                             DC       DC        4        4       0
                reset_vec                             0        0        4        0       0
                idloc                            200000   200000        8   200000       0
                config                           300000   300000        E   300000       0
dist/default/production\MagicMineTesting.X.production.obj
                intcode                               8        8       D4        4       0
                temp                                 43       43        1        1       1
                smallconst                         1000     1000        8      800       0
                text50                             1DB0     1DB0        A      804       0
                text49                             1796     1796       62      804       0
                text48                             1C7E     1C7E       24      804       0
                text47                             1D9A     1D9A        C      804       0
                text46                             1734     1734       62      804       0
                text45                             15C0     15C0       B0      804       0
                text44                             16D2     16D2       62      804       0
                text43                             1452     1452       BE      804       0
                text42                             1670     1670       62      804       0
                text41                             1372     1372       E0      804       0
                text40                             1B4A     1B4A       32      804       0
                text39                             19A2     19A2       38      804       0
                text38                             1510     1510       B0      804       0
                text37                             192C     192C       3C      804       0
                text36                             1968     1968       3A      804       0
                text35                             1D2C     1D2C       16      804       0
                text34                             1C04     1C04       2C      804       0
                text33                             1B18     1B18       32      804       0
                text32                             1BD8     1BD8       2C      804       0
                text31                             1AE6     1AE6       32      804       0
                text30                             1DCE     1DCE        2      804       0
                text29                             1D14     1D14       18      804       0
                text28                             18AE     18AE       42      804       0
                text27                             1008     1008      26E      804       0
                text26                             1DCC     1DCC        2      804       0
                text25                             1C5A     1C5A       24      804       0
                text24                             1B7C     1B7C       30      804       0
                text22                             1AB2     1AB2       34      804       0
                text21                             1C30     1C30       2A      804       0
                text20                             1CC0     1CC0       1E      804       0
                text19                             1A7C     1A7C       36      804       0
                text18                             1A46     1A46       36      804       0
                text17                             18F0     18F0       3C      804       0
                text16                             1D6A     1D6A       14      804       0
                text15                             1D8C     1D8C        E      804       0
                text14                             1A10     1A10       36      804       0
                text13                             1CA2     1CA2       1E      804       0
                text12                             1D7E     1D7E        E      804       0
                text11                             1DC8     1DC8        4      804       0
                text10                             1CDE     1CDE       1C      804       0
                text9                              1DC4     1DC4        4      804       0
                text8                              1D56     1D56       14      804       0
                text7                              1DA6     1DA6        A      804       0
                text6                              1DC0     1DC0        4      804       0
                text5                              1BAC     1BAC       2C      804       0
                text4                              1DBA     1DBA        6      804       0
                text3                              1CFA     1CFA       1A      804       0
                text2                              19DA     19DA       36      804       0
                text1                              1858     1858       56      804       0
                text0                              1276     1276       FC      804       0
                cstackCOMRAM                         21       21       1F        1       1
                cstackBANK0                          EB       EB        5       60       1
                cstackBANK1                         148      148       17      100       1
                bssBANK1                            100      100       48      100       1
                dataBANK0                            D1       D1       14       60       1
                bssBANK0                             60       60       71       60       1
                dataCOMRAM                           42       42        1        1       1
                bssCOMRAM                             1        1       20        1       1
                cinit                              17F8     17F8       60      804       0
                nvBANK0                              E5       E5        6       60       1
                nvCOMRAM                             40       40        2        1       1
                idataBANK0                         1D42     1D42       14      804       0
                idataCOMRAM                        1DD0     1DD0        1      804       0

TOTAL           Name                               Link     Load   Length     Space
        CLASS   STACK          

        CLASS   CODE           
                end_init                             DC       DC        4         0
                intcode                               8        8       D4         0
                reset_vec                             0        0        4         0
                text50                             1DB0     1DB0        A         0
                text49                             1796     1796       62         0
                text48                             1C7E     1C7E       24         0
                text47                             1D9A     1D9A        C         0
                text46                             1734     1734       62         0
                text45                             15C0     15C0       B0         0
                text44                             16D2     16D2       62         0
                text43                             1452     1452       BE         0
                text42                             1670     1670       62         0
                text41                             1372     1372       E0         0
                text40                             1B4A     1B4A       32         0
                text39                             19A2     19A2       38         0
                text38                             1510     1510       B0         0
                text37                             192C     192C       3C         0
                text36                             1968     1968       3A         0
                text35                             1D2C     1D2C       16         0
                text34                             1C04     1C04       2C         0
                text33                             1B18     1B18       32         0
                text32                             1BD8     1BD8       2C         0
                text31                             1AE6     1AE6       32         0
                text30                             1DCE     1DCE        2         0
                text29                             1D14     1D14       18         0
                text28                             18AE     18AE       42         0
                text27                             1008     1008      26E         0
                text26                             1DCC     1DCC        2         0
                text25                             1C5A     1C5A       24         0
                text24                             1B7C     1B7C       30         0
                text22                             1AB2     1AB2       34         0
                text21                             1C30     1C30       2A         0
                text20                             1CC0     1CC0       1E         0
                text19                             1A7C     1A7C       36         0
                text18                             1A46     1A46       36         0
                text17                             18F0     18F0       3C         0
                text16                             1D6A     1D6A       14         0
                text15                             1D8C     1D8C        E         0
                text14                             1A10     1A10       36         0
                text13                             1CA2     1CA2       1E         0
                text12                             1D7E     1D7E        E         0
                text11                             1DC8     1DC8        4         0
                text10                             1CDE     1CDE       1C         0
                text9                              1DC4     1DC4        4         0
                text8                              1D56     1D56       14         0
                text7                              1DA6     1DA6        A         0
                text6                              1DC0     1DC0        4         0
                text5                              1BAC     1BAC       2C         0
                text4                              1DBA     1DBA        6         0
                text3                              1CFA     1CFA       1A         0
                text2                              19DA     19DA       36         0
                text1                              1858     1858       56         0
                text0                              1276     1276       FC         0
                cinit                              17F8     17F8       60         0
                idataBANK0                         1D42     1D42       14         0
                idataCOMRAM                        1DD0     1DD0        1         0

        CLASS   CONST          

        CLASS   SMALLCONST     
                smallconst                         1000     1000        8         0

        CLASS   MEDIUMCONST    

        CLASS   COMRAM         
                temp                                 43       43        1         1
                cstackCOMRAM                         21       21       1F         1
                dataCOMRAM                           42       42        1         1
                bssCOMRAM                             1        1       20         1
                nvCOMRAM                             40       40        2         1

        CLASS   ABS1           

        CLASS   BIGRAM         

        CLASS   RAM            

        CLASS   BANK0          
                cstackBANK0                          EB       EB        5         1
                dataBANK0                            D1       D1       14         1
                bssBANK0                             60       60       71         1
                nvBANK0                              E5       E5        6         1

        CLASS   BANK1          
                cstackBANK1                         148      148       17         1
                bssBANK1                            100      100       48         1

        CLASS   BANK2          

        CLASS   BANK3          

        CLASS   BANK4          

        CLASS   BANK5          

        CLASS   BANK6          

        CLASS   BANK7          

        CLASS   BANK8          

        CLASS   BANK9          

        CLASS   BANK10         

        CLASS   BANK11         

        CLASS   BANK12         

        CLASS   BANK13         

        CLASS   BANK14         

        CLASS   BANK15         

        CLASS   SFR            

        CLASS   FARRAM         

        CLASS   CONFIG         
                config                           300000   300000        E         0

        CLASS   IDLOC          
                idloc                            200000   200000        8         0

        CLASS   EEDATA         



SEGMENTS        Name                           Load    Length   Top    Selector   Space  Class

                reset_vec                      000000  000004  000004         0       0  CODE    
                bssCOMRAM                      000001  000043  000044         1       1  COMRAM  
                intcode                        000008  0000D8  0000E0         4       0  CODE    
                bssBANK0                       000060  000090  0000F0        60       1  BANK0   
                bssBANK1                       000100  00005F  00015F       100       1  BANK1   
                smallconst                     001000  000008  001008       800       0  SMALLCON
                text27                         001008  000DC9  001DD1       804       0  CODE    
                idloc                          200000  000008  200008    200000       0  IDLOC   
                config                         300000  00000E  30000E    300000       0  CONFIG  


UNUSED ADDRESS RANGES

        Name                Unused          Largest block    Delta
        BANK0            0000F0-0000FF               10
        BANK1            00015F-0001FF               A1
        BANK10           000A00-000AFF              100
        BANK11           000B00-000BFF              100
        BANK12           000C00-000CFF              100
        BANK13           000D00-000DFF              100
        BANK14           000E00-000EFF              100
        BANK15           000F00-000F37               38
        BANK2            000200-0002FF              100
        BANK3            000300-0003FF              100
        BANK4            000400-0004FF              100
        BANK5            000500-0005FF              100
        BANK6            000600-0006FF              100
        BANK7            000700-0007FF              100
        BANK8            000800-0008FF              100
        BANK9            000900-0009FF              100
        BIGRAM           000044-00005F               1C
                         0000F0-0000FF               10
                         00015F-000F37              DD9
        CODE             000004-000007                4
                         0000E0-000FFF              F20
                         001DD1-00FFFF             E22F
        COMRAM           000044-00005F               1C
        CONST            000004-000007                4
                         0000E0-000FFF              F20
                         001DD1-00FFFF             E22F
        EEDATA           F00000-F003FF              400
        MEDIUMCONST      001DD1-00FFFF             E22F
        RAM              0000F0-0000FF               10
                         00015F-000F37              100
        SFR              000F38-000FFF               28
        SMALLCONST       001DD1-00FFFF              100
        STACK            00015F-000F37              DD9

                                  Symbol Table

CCP4_CallBack@capturedValue               cstackCOMRAM 000027
CCP4_CaptureISR@module                    cstackCOMRAM 000029
EUSART1_Read@readValue                    cstackCOMRAM 000039
I2C2_ISR@i2c_10bit_address_restart        bssCOMRAM    000007
I2C2_ISR@i2c_address                      bssCOMRAM    00001F
I2C2_ISR@i2c_bytes_left                   bssCOMRAM    000008
I2C2_ISR@pi2c_buf_ptr                     bssBANK0     00009A
I2C2_MasterRead@trBlock                   bssBANK0     0000BF
I2C2_MasterWrite@trBlock                  bssBANK0     0000C5
I2C2_Stop@completion_code                 cstackCOMRAM 000023
PIU_bt_transmit_packet@packet             cstackCOMRAM 000039
TMR3_ISR@CountCallBack                    bssBANK0     00009C
TMR3_SetInterruptHandler@InterruptHandler cstackCOMRAM 000039
_ANSELA                                   (abs)        000F38
_ANSELB                                   (abs)        000F39
_ANSELC                                   (abs)        000F3A
_BAUDCON1                                 (abs)        000FB8
_BAUDCON2                                 (abs)        000F70
_CCP4CON                                  (abs)        000F57
_CCP4_CallBack                            text36       001968
_CCP4_CaptureISR                          text35       001D2C
_CCP4_Initialize                          text20       001CC0
_CCP5CON                                  (abs)        000F54
_CCPR4H                                   (abs)        000F59
_CCPR4L                                   (abs)        000F58
_CCPR5H                                   (abs)        000F56
_CCPR5L                                   (abs)        000F55
_CCPTMRS1bits                             (abs)        000F48
_EUSART1_Initialize                       text19       001A7C
_EUSART1_Read                             text22       001AB2
_EUSART1_Receive_ISR                      text34       001C04
_EUSART1_Transmit_ISR                     text33       001B18
_EUSART2_Initialize                       text18       001A46
_EUSART2_Receive_ISR                      text32       001BD8
_EUSART2_Transmit_ISR                     text31       001AE6
_HALT                                     dataBANK0    0000D9
_I2C2_BusCollisionISR                     text30       001DCE
_I2C2_FunctionComplete                    text29       001D14
_I2C2_ISR                                 text27       001008
_I2C2_Initialize                          text17       0018F0
_I2C2_Stop                                text28       0018AE
_INTCON2bits                              (abs)        000FF1
_INTCONbits                               (abs)        000FF2
_INTERRUPT_Initialize                     text16       001D6A
_INTERRUPT_InterruptManager               intcode      000008
_IOCB4                                    (abs)        007B14
_IPR1bits                                 (abs)        000F9F
_IPR2bits                                 (abs)        000FA2
_IPR3bits                                 (abs)        000FA5
_IPR4bits                                 (abs)        000F7C
_LATA                                     (abs)        000F89
_LATB                                     (abs)        000F8A
_LATBbits                                 (abs)        000F8A
_LATC                                     (abs)        000F8B
_LATC2                                    (abs)        007C5A
_LATC3                                    (abs)        007C5B
_LATC5                                    (abs)        007C5D
_LEDOne                                   text47       001D9A
_LEDZero                                  text50       001DB0
_OSCCON                                   (abs)        000FD3
_OSCCON2                                  (abs)        000FD2
_OSCILLATOR_Initialize                    text15       001D8C
_OSCTUNE                                  (abs)        000F9B
_PIE1bits                                 (abs)        000F9D
_PIE2bits                                 (abs)        000FA0
_PIE3bits                                 (abs)        000FA3
_PIE4bits                                 (abs)        000F7A
_PIN_MANAGER_Initialize                   text14       001A10
_PIR1bits                                 (abs)        000F9E
_PIR2bits                                 (abs)        000FA1
_PIR3bits                                 (abs)        000FA4
_PIR4bits                                 (abs)        000F7B
_PIR5bits                                 (abs)        000F7E
_PIU_bt_transmit_packet                   text21       001C30
_PLAY_PAUSE                               dataBANK0    0000DB
_PORTCbits                                (abs)        000F82
_PR2                                      (abs)        000FBB
_PR4                                      (abs)        000F52
_PWM5_Initialize                          text13       001CA2
_RBIF                                     (abs)        007F90
_RCONbits                                 (abs)        000FD0
_RCREG1                                   (abs)        000FAE
_RCREG2                                   (abs)        000F74
_RCSTA1                                   (abs)        000FAB
_RCSTA1bits                               (abs)        000FAB
_RCSTA2                                   (abs)        000F71
_RCSTA2bits                               (abs)        000F71
_SPBRG1                                   (abs)        000FAF
_SPBRG2                                   (abs)        000F75
_SPBRGH1                                  (abs)        000FB0
_SPBRGH2                                  (abs)        000F76
_SPI1_Initialize                          text12       001D7E
_SSP1ADD                                  (abs)        000FC8
_SSP1BUF                                  (abs)        000FC9
_SSP1CON1                                 (abs)        000FC6
_SSP1CON1bits                             (abs)        000FC6
_SSP1STAT                                 (abs)        000FC7
_SSP1STATbits                             (abs)        000FC7
_SSP2ADD                                  (abs)        000F6E
_SSP2BUF                                  (abs)        000F6F
_SSP2CON1                                 (abs)        000F6C
_SSP2CON1bits                             (abs)        000F6C
_SSP2CON2bits                             (abs)        000F6B
_SSP2CON3                                 (abs)        000F69
_SSP2STAT                                 (abs)        000F6D
_SYSTEM_Initialize                        text2        0019DA
_T1CON                                    (abs)        000FCD
_T1CONbits                                (abs)        000FCD
_T1GCON                                   (abs)        000FCC
_T1GCONbits                               (abs)        000FCC
_T2CON                                    (abs)        000FBA
_T2CONbits                                (abs)        000FBA
_T3CON                                    (abs)        000FB1
_T3CONbits                                (abs)        000FB1
_T3GCON                                   (abs)        000FB4
_T3GCONbits                               (abs)        000FB4
_T4CON                                    (abs)        000F51
_T4CONbits                                (abs)        000F51
_TMR1                                     (abs)        000FCE
_TMR1H                                    (abs)        000FCF
_TMR1L                                    (abs)        000FCE
_TMR1_Initialize                          text10       001CDE
_TMR1_StartTimer                          text11       001DC8
_TMR2                                     (abs)        000FBC
_TMR2_Initialize                          text8        001D56
_TMR2_StartTimer                          text9        001DC4
_TMR3                                     (abs)        000FB2
_TMR3H                                    (abs)        000FB3
_TMR3L                                    (abs)        000FB2
_TMR3_CallBack                            text25       001C5A
_TMR3_DefaultInterruptHandler             text26       001DCC
_TMR3_ISR                                 text24       001B7C
_TMR3_Initialize                          text5        001BAC
_TMR3_InterruptHandler                    nvBANK0      0000E5
_TMR3_SetInterruptHandler                 text7        001DA6
_TMR3_StartTimer                          text6        001DC0
_TMR4                                     (abs)        000F53
_TMR4_Initialize                          text3        001CFA
_TMR4_StartTimer                          text4        001DBA
_TRISA                                    (abs)        000F92
_TRISB                                    (abs)        000F93
_TRISC                                    (abs)        000F94
_TX1REG                                   (abs)        000FAD
_TX2REG                                   (abs)        000F73
_TXREG1                                   (abs)        000FAD
_TXREG2                                   (abs)        000F73
_TXSTA1                                   (abs)        000FAC
_TXSTA2                                   (abs)        000F72
_VOLUME_MAX                               dataBANK0    0000DD
_VOLUME_MIN                               dataBANK0    0000DF
_WPUB                                     (abs)        000F61
__CFG_BOREN$SBORDIS                       (abs)        000000
__CFG_BORV$190                            (abs)        000000
__CFG_CCP2MX$PORTC1                       (abs)        000000
__CFG_CCP3MX$PORTB5                       (abs)        000000
__CFG_CP0$OFF                             (abs)        000000
__CFG_CP1$OFF                             (abs)        000000
__CFG_CP2$OFF                             (abs)        000000
__CFG_CP3$OFF                             (abs)        000000
__CFG_CPB$OFF                             (abs)        000000
__CFG_CPD$OFF                             (abs)        000000
__CFG_DEBUG$OFF                           (abs)        000000
__CFG_EBTR0$OFF                           (abs)        000000
__CFG_EBTR1$OFF                           (abs)        000000
__CFG_EBTR2$OFF                           (abs)        000000
__CFG_EBTR3$OFF                           (abs)        000000
__CFG_EBTRB$OFF                           (abs)        000000
__CFG_FCMEN$OFF                           (abs)        000000
__CFG_FOSC$INTIO67                        (abs)        000000
__CFG_HFOFST$ON                           (abs)        000000
__CFG_IESO$OFF                            (abs)        000000
__CFG_LVP$OFF                             (abs)        000000
__CFG_MCLRE$EXTMCLR                       (abs)        000000
__CFG_P2BMX$PORTB5                        (abs)        000000
__CFG_PBADEN$ON                           (abs)        000000
__CFG_PLLCFG$OFF                          (abs)        000000
__CFG_PRICLKEN$ON                         (abs)        000000
__CFG_PWRTEN$OFF                          (abs)        000000
__CFG_STVREN$ON                           (abs)        000000
__CFG_T3CMX$PORTC0                        (abs)        000000
__CFG_WDTEN$OFF                           (abs)        000000
__CFG_WDTPS$32768                         (abs)        000000
__CFG_WRT0$OFF                            (abs)        000000
__CFG_WRT1$OFF                            (abs)        000000
__CFG_WRT2$OFF                            (abs)        000000
__CFG_WRT3$OFF                            (abs)        000000
__CFG_WRTB$OFF                            (abs)        000000
__CFG_WRTC$OFF                            (abs)        000000
__CFG_WRTD$OFF                            (abs)        000000
__CFG_XINST$OFF                           (abs)        000000
__HRAM                                    (abs)        000000
__Habs1                                   abs1         000000
__Hbank0                                  bank0        000000
__Hbank1                                  bank1        000000
__Hbank10                                 bank10       000000
__Hbank11                                 bank11       000000
__Hbank12                                 bank12       000000
__Hbank13                                 bank13       000000
__Hbank14                                 bank14       000000
__Hbank15                                 bank15       000000
__Hbank2                                  bank2        000000
__Hbank3                                  bank3        000000
__Hbank4                                  bank4        000000
__Hbank5                                  bank5        000000
__Hbank6                                  bank6        000000
__Hbank7                                  bank7        000000
__Hbank8                                  bank8        000000
__Hbank9                                  bank9        000000
__Hbigbss                                 bigbss       000000
__Hbigdata                                bigdata      000000
__Hbigram                                 bigram       000000
__Hbss                                    bss          000000
__HbssBANK0                               bssBANK0     000000
__HbssBANK1                               bssBANK1     000000
__HbssCOMRAM                              bssCOMRAM    000000
__Hcinit                                  cinit        000000
__Hclrtext                                clrtext      000000
__Hcomram                                 comram       000000
__Hconfig                                 config       30000E
__Hconst                                  const        000000
__HcstackBANK0                            cstackBANK0  000000
__HcstackBANK1                            cstackBANK1  000000
__HcstackCOMRAM                           cstackCOMRAM 000000
__Hdata                                   data         000000
__HdataBANK0                              dataBANK0    000000
__HdataCOMRAM                             dataCOMRAM   000000
__Heeprom_data                            eeprom_data  000000
__Hend_init                               end_init     0000E0
__Hfarbss                                 farbss       000000
__Hfardata                                fardata      000000
__Hibigdata                               ibigdata     000000
__Hidata                                  idata        000000
__HidataBANK0                             idataBANK0   000000
__HidataCOMRAM                            idataCOMRAM  000000
__Hidloc                                  idloc        200008
__Hifardata                               ifardata     000000
__Hinit                                   init         0000DC
__Hintcode                                intcode      0000DC
__Hintcode_body                           intcode_body 000000
__Hintcodelo                              intcodelo    0000DC
__Hintentry                               intentry     000000
__Hintret                                 intret       000000
__Hintsave_regs                           intsave_regs 000000
__Hirdata                                 irdata       000000
__Hmediumconst                            mediumconst  000000
__HnvBANK0                                nvBANK0      000000
__HnvCOMRAM                               nvCOMRAM     000000
__HnvFARRAM                               nvFARRAM     000000
__Hnvbit                                  nvbit        000000
__Hnvrram                                 nvrram       000000
__Hparam                                  rparam       000000
__Hpowerup                                powerup      0000DC
__Hram                                    ram          000000
__Hramtop                                 ramtop       001000
__Hrbit                                   rbit         000000
__Hrbss                                   rbss         000000
__Hrdata                                  rdata        000000
__Hreset_vec                              reset_vec    000004
__Hrparam                                 rparam       000000
__Hsfr                                    sfr          000000
__Hsmallconst                             smallconst   001008
__Hspace_0                                (abs)        30000E
__Hspace_1                                (abs)        00015F
__Hspace_2                                (abs)        000000
__Hstack                                  stack        000000
__Hstruct                                 struct       000000
__Htemp                                   temp         000044
__Htext                                   text         000000
__Htext0                                  text0        000000
__Htext1                                  text1        000000
__Htext10                                 text10       000000
__Htext11                                 text11       000000
__Htext12                                 text12       000000
__Htext13                                 text13       000000
__Htext14                                 text14       000000
__Htext15                                 text15       000000
__Htext16                                 text16       000000
__Htext17                                 text17       000000
__Htext18                                 text18       000000
__Htext19                                 text19       000000
__Htext2                                  text2        000000
__Htext20                                 text20       000000
__Htext21                                 text21       000000
__Htext22                                 text22       000000
__Htext24                                 text24       000000
__Htext25                                 text25       000000
__Htext26                                 text26       000000
__Htext27                                 text27       000000
__Htext28                                 text28       000000
__Htext29                                 text29       000000
__Htext3                                  text3        000000
__Htext30                                 text30       000000
__Htext31                                 text31       000000
__Htext32                                 text32       000000
__Htext33                                 text33       000000
__Htext34                                 text34       000000
__Htext35                                 text35       000000
__Htext36                                 text36       000000
__Htext37                                 text37       000000
__Htext38                                 text38       000000
__Htext39                                 text39       000000
__Htext4                                  text4        000000
__Htext40                                 text40       000000
__Htext41                                 text41       000000
__Htext42                                 text42       000000
__Htext43                                 text43       000000
__Htext44                                 text44       000000
__Htext45                                 text45       000000
__Htext46                                 text46       000000
__Htext47                                 text47       000000
__Htext48                                 text48       000000
__Htext49                                 text49       000000
__Htext5                                  text5        000000
__Htext50                                 text50       000000
__Htext51                                 text51       000000
__Htext6                                  text6        000000
__Htext7                                  text7        000000
__Htext8                                  text8        000000
__Htext9                                  text9        000000
__LRAM                                    (abs)        000001
__Labs1                                   abs1         000000
__Lbank0                                  bank0        000000
__Lbank1                                  bank1        000000
__Lbank10                                 bank10       000000
__Lbank11                                 bank11       000000
__Lbank12                                 bank12       000000
__Lbank13                                 bank13       000000
__Lbank14                                 bank14       000000
__Lbank15                                 bank15       000000
__Lbank2                                  bank2        000000
__Lbank3                                  bank3        000000
__Lbank4                                  bank4        000000
__Lbank5                                  bank5        000000
__Lbank6                                  bank6        000000
__Lbank7                                  bank7        000000
__Lbank8                                  bank8        000000
__Lbank9                                  bank9        000000
__Lbigbss                                 bigbss       000000
__Lbigdata                                bigdata      000000
__Lbigram                                 bigram       000000
__Lbss                                    bss          000000
__LbssBANK0                               bssBANK0     000000
__LbssBANK1                               bssBANK1     000000
__LbssCOMRAM                              bssCOMRAM    000000
__Lcinit                                  cinit        000000
__Lclrtext                                clrtext      000000
__Lcomram                                 comram       000000
__Lconfig                                 config       300000
__Lconst                                  const        000000
__LcstackBANK0                            cstackBANK0  000000
__LcstackBANK1                            cstackBANK1  000000
__LcstackCOMRAM                           cstackCOMRAM 000000
__Ldata                                   data         000000
__LdataBANK0                              dataBANK0    000000
__LdataCOMRAM                             dataCOMRAM   000000
__Leeprom_data                            eeprom_data  000000
__Lend_init                               end_init     0000DC
__Lfarbss                                 farbss       000000
__Lfardata                                fardata      000000
__Libigdata                               ibigdata     000000
__Lidata                                  idata        000000
__LidataBANK0                             idataBANK0   000000
__LidataCOMRAM                            idataCOMRAM  000000
__Lidloc                                  idloc        200000
__Lifardata                               ifardata     000000
__Linit                                   init         0000DC
__Lintcode                                intcode      000008
__Lintcode_body                           intcode_body 000000
__Lintcodelo                              intcodelo    0000DC
__Lintentry                               intentry     000000
__Lintret                                 intret       000000
__Lintsave_regs                           intsave_regs 000000
__Lirdata                                 irdata       000000
__Lmediumconst                            mediumconst  000000
__LnvBANK0                                nvBANK0      000000
__LnvCOMRAM                               nvCOMRAM     000000
__LnvFARRAM                               nvFARRAM     000000
__Lnvbit                                  nvbit        000000
__Lnvrram                                 nvrram       000000
__Lparam                                  rparam       000000
__Lpowerup                                powerup      0000DC
__Lram                                    ram          000000
__Lramtop                                 ramtop       001000
__Lrbit                                   rbit         000000
__Lrbss                                   rbss         000000
__Lrdata                                  rdata        000000
__Lreset_vec                              reset_vec    000000
__Lrparam                                 rparam       000000
__Lsfr                                    sfr          000000
__Lsmallconst                             smallconst   001000
__Lspace_0                                (abs)        000000
__Lspace_1                                (abs)        000000
__Lspace_2                                (abs)        000000
__Lstack                                  stack        000000
__Lstruct                                 struct       000000
__Ltemp                                   temp         000043
__Ltext                                   text         000000
__Ltext0                                  text0        000000
__Ltext1                                  text1        000000
__Ltext10                                 text10       000000
__Ltext11                                 text11       000000
__Ltext12                                 text12       000000
__Ltext13                                 text13       000000
__Ltext14                                 text14       000000
__Ltext15                                 text15       000000
__Ltext16                                 text16       000000
__Ltext17                                 text17       000000
__Ltext18                                 text18       000000
__Ltext19                                 text19       000000
__Ltext2                                  text2        000000
__Ltext20                                 text20       000000
__Ltext21                                 text21       000000
__Ltext22                                 text22       000000
__Ltext24                                 text24       000000
__Ltext25                                 text25       000000
__Ltext26                                 text26       000000
__Ltext27                                 text27       000000
__Ltext28                                 text28       000000
__Ltext29                                 text29       000000
__Ltext3                                  text3        000000
__Ltext30                                 text30       000000
__Ltext31                                 text31       000000
__Ltext32                                 text32       000000
__Ltext33                                 text33       000000
__Ltext34                                 text34       000000
__Ltext35                                 text35       000000
__Ltext36                                 text36       000000
__Ltext37                                 text37       000000
__Ltext38                                 text38       000000
__Ltext39                                 text39       000000
__Ltext4                                  text4        000000
__Ltext40                                 text40       000000
__Ltext41                                 text41       000000
__Ltext42                                 text42       000000
__Ltext43                                 text43       000000
__Ltext44                                 text44       000000
__Ltext45                                 text45       000000
__Ltext46                                 text46       000000
__Ltext47                                 text47       000000
__Ltext48                                 text48       000000
__Ltext49                                 text49       000000
__Ltext5                                  text5        000000
__Ltext50                                 text50       000000
__Ltext51                                 text51       000000
__Ltext6                                  text6        000000
__Ltext7                                  text7        000000
__Ltext8                                  text8        000000
__Ltext9                                  text9        000000
__S0                                      (abs)        30000E
__S1                                      (abs)        00015F
__S2                                      (abs)        000000
___inthi_sp                               stack        000000
___intlo_sp                               stack        000000
___param_bank                             (abs)        000010
___rparam_used                            (abs)        000001
___sp                                     stack        000000
__accesstop                               (abs)        000060
__activetblptr                            (abs)        000003
__busyPinState                            dataBANK0    0000E1
__end_of_CCP4_CallBack                    text36       0019A2
__end_of_CCP4_CaptureISR                  text35       001D42
__end_of_CCP4_Initialize                  text20       001CDE
__end_of_EUSART1_Initialize               text19       001AB2
__end_of_EUSART1_Read                     text22       001AE6
__end_of_EUSART1_Receive_ISR              text34       001C30
__end_of_EUSART1_Transmit_ISR             text33       001B4A
__end_of_EUSART2_Initialize               text18       001A7C
__end_of_EUSART2_Receive_ISR              text32       001C04
__end_of_EUSART2_Transmit_ISR             text31       001B18
__end_of_I2C2_BusCollisionISR             text30       001DD0
__end_of_I2C2_FunctionComplete            text29       001D2C
__end_of_I2C2_ISR                         text27       001276
__end_of_I2C2_Initialize                  text17       00192C
__end_of_I2C2_Stop                        text28       0018F0
__end_of_INTERRUPT_Initialize             text16       001D7E
__end_of_INTERRUPT_InterruptManager       intcode      0000DC
__end_of_LEDOne                           text47       001DA6
__end_of_LEDZero                          text50       001DBA
__end_of_OSCILLATOR_Initialize            text15       001D9A
__end_of_PIN_MANAGER_Initialize           text14       001A46
__end_of_PIU_bt_transmit_packet           text21       001C5A
__end_of_PWM5_Initialize                  text13       001CC0
__end_of_SPI1_Initialize                  text12       001D8C
__end_of_SYSTEM_Initialize                text2        001A10
__end_of_TMR1_Initialize                  text10       001CFA
__end_of_TMR1_StartTimer                  text11       001DCC
__end_of_TMR2_Initialize                  text8        001D6A
__end_of_TMR2_StartTimer                  text9        001DC8
__end_of_TMR3_CallBack                    text25       001C7E
__end_of_TMR3_DefaultInterruptHandler     text26       001DCE
__end_of_TMR3_ISR                         text24       001BAC
__end_of_TMR3_Initialize                  text5        001BD8
__end_of_TMR3_SetInterruptHandler         text7        001DB0
__end_of_TMR3_StartTimer                  text6        001DC4
__end_of_TMR4_Initialize                  text3        001D14
__end_of_TMR4_StartTimer                  text4        001DC0
__end_of__initialization                  cinit        00184E
__end_of_clearPattern                     text48       001CA2
__end_of_colorBlack                       text49       0017F8
__end_of_colorGreen                       text44       001734
__end_of_colorRed                         text46       001796
__end_of_colorYellow                      text42       0016D2
__end_of_delay_25ms_n_times               text40       001B7C
__end_of_draw                             text39       0019DA
__end_of_id_h                             smallconst   001002
__end_of_id_l                             smallconst   001003
__end_of_main                             text0        001372
__end_of_memcpy                           text1        0018AE
__end_of_playDamage                       text45       001670
__end_of_playHeal                         text43       001510
__end_of_playPattern                      text37       001968
__end_of_playStun                         text41       001452
__end_of_pulse                            text38       0015C0
__initialization                          cinit        0017F8
__mediumconst                             mediumconst  000000
__pbssBANK0                               bssBANK0     000060
__pbssBANK1                               bssBANK1     000100
__pbssCOMRAM                              bssCOMRAM    000001
__pcinit                                  cinit        0017F8
__pcstackBANK0                            cstackBANK0  0000EB
__pcstackBANK1                            cstackBANK1  000148
__pcstackCOMRAM                           cstackCOMRAM 000021
__pdataBANK0                              dataBANK0    0000D1
__pdataCOMRAM                             dataCOMRAM   000042
__pidataBANK0                             idataBANK0   001D42
__pidataCOMRAM                            idataCOMRAM  001DD0
__pintcode                                intcode      000008
__pnvBANK0                                nvBANK0      0000E5
__pnvCOMRAM                               nvCOMRAM     000040
__psmallconst                             smallconst   001000
__ptext0                                  text0        001276
__ptext1                                  text1        001858
__ptext10                                 text10       001CDE
__ptext11                                 text11       001DC8
__ptext12                                 text12       001D7E
__ptext13                                 text13       001CA2
__ptext14                                 text14       001A10
__ptext15                                 text15       001D8C
__ptext16                                 text16       001D6A
__ptext17                                 text17       0018F0
__ptext18                                 text18       001A46
__ptext19                                 text19       001A7C
__ptext2                                  text2        0019DA
__ptext20                                 text20       001CC0
__ptext21                                 text21       001C30
__ptext22                                 text22       001AB2
__ptext24                                 text24       001B7C
__ptext25                                 text25       001C5A
__ptext26                                 text26       001DCC
__ptext27                                 text27       001008
__ptext28                                 text28       0018AE
__ptext29                                 text29       001D14
__ptext3                                  text3        001CFA
__ptext30                                 text30       001DCE
__ptext31                                 text31       001AE6
__ptext32                                 text32       001BD8
__ptext33                                 text33       001B18
__ptext34                                 text34       001C04
__ptext35                                 text35       001D2C
__ptext36                                 text36       001968
__ptext37                                 text37       00192C
__ptext38                                 text38       001510
__ptext39                                 text39       0019A2
__ptext4                                  text4        001DBA
__ptext40                                 text40       001B4A
__ptext41                                 text41       001372
__ptext42                                 text42       001670
__ptext43                                 text43       001452
__ptext44                                 text44       0016D2
__ptext45                                 text45       0015C0
__ptext46                                 text46       001734
__ptext47                                 text47       001D9A
__ptext48                                 text48       001C7E
__ptext49                                 text49       001796
__ptext5                                  text5        001BAC
__ptext50                                 text50       001DB0
__ptext51                                 text51       000000
__ptext6                                  text6        001DC0
__ptext7                                  text7        001DA6
__ptext8                                  text8        001D56
__ptext9                                  text9        001DC4
__ramtop                                  ramtop       001000
__size_of_CCP4_CallBack                   (abs)        000000
__size_of_CCP4_CaptureISR                 (abs)        000000
__size_of_CCP4_Initialize                 (abs)        000000
__size_of_EUSART1_Initialize              (abs)        000000
__size_of_EUSART1_Read                    (abs)        000000
__size_of_EUSART1_Receive_ISR             (abs)        000000
__size_of_EUSART1_Transmit_ISR            (abs)        000000
__size_of_EUSART2_Initialize              (abs)        000000
__size_of_EUSART2_Receive_ISR             (abs)        000000
__size_of_EUSART2_Transmit_ISR            (abs)        000000
__size_of_I2C2_BusCollisionISR            (abs)        000000
__size_of_I2C2_FunctionComplete           (abs)        000000
__size_of_I2C2_ISR                        (abs)        000000
__size_of_I2C2_Initialize                 (abs)        000000
__size_of_I2C2_Stop                       (abs)        000000
__size_of_INTERRUPT_Initialize            (abs)        000000
__size_of_INTERRUPT_InterruptManager      (abs)        000000
__size_of_LEDOne                          (abs)        000000
__size_of_LEDZero                         (abs)        000000
__size_of_OSCILLATOR_Initialize           (abs)        000000
__size_of_PIN_MANAGER_Initialize          (abs)        000000
__size_of_PIU_bt_transmit_packet          (abs)        000000
__size_of_PWM5_Initialize                 (abs)        000000
__size_of_SPI1_Initialize                 (abs)        000000
__size_of_SYSTEM_Initialize               (abs)        000000
__size_of_TMR1_Initialize                 (abs)        000000
__size_of_TMR1_StartTimer                 (abs)        000000
__size_of_TMR2_Initialize                 (abs)        000000
__size_of_TMR2_StartTimer                 (abs)        000000
__size_of_TMR3_CallBack                   (abs)        000000
__size_of_TMR3_DefaultInterruptHandler    (abs)        000000
__size_of_TMR3_ISR                        (abs)        000000
__size_of_TMR3_Initialize                 (abs)        000000
__size_of_TMR3_SetInterruptHandler        (abs)        000000
__size_of_TMR3_StartTimer                 (abs)        000000
__size_of_TMR4_Initialize                 (abs)        000000
__size_of_TMR4_StartTimer                 (abs)        000000
__size_of_clearPattern                    (abs)        000000
__size_of_colorBlack                      (abs)        000000
__size_of_colorGreen                      (abs)        000000
__size_of_colorRed                        (abs)        000000
__size_of_colorYellow                     (abs)        000000
__size_of_delay_25ms_n_times              (abs)        000000
__size_of_draw                            (abs)        000000
__size_of_main                            (abs)        000000
__size_of_memcpy                          (abs)        000000
__size_of_playDamage                      (abs)        000000
__size_of_playHeal                        (abs)        000000
__size_of_playPattern                     (abs)        000000
__size_of_playStun                        (abs)        000000
__size_of_pulse                           (abs)        000000
__smallconst                              smallconst   001000
_a                                        bssBANK0     00009E
_audio_controller_online                  bssCOMRAM    000009
_b                                        bssBANK0     0000A0
_bit_test_result                          bssBANK0     0000AA
_bit_to_test                              bssBANK0     0000AB
_bluePixels                               bssBANK1     000100
_bluetooth_to_PIU_online                  bssCOMRAM    00000A
_bluetooth_to_remote_online               bssCOMRAM    00000B
_byte_to_test                             bssBANK0     0000AC
_clearPattern                             text48       001C7E
_colorBlack                               text49       001796
_colorGreen                               text44       0016D2
_colorRed                                 text46       001734
_colorYellow                              text42       001670
_counter                                  bssBANK0     0000A2
_currentBit                               bssCOMRAM    00000C
_delay_25ms_n_times                       text40       001B4A
_device_state                             bssBANK0     0000AD
_draw                                     text39       0019A2
_eusart1RxBuffer                          bssBANK0     00006D
_eusart1RxCount                           bssCOMRAM    00000D
_eusart1RxHead                            bssCOMRAM    00000E
_eusart1RxTail                            bssCOMRAM    00000F
_eusart1TxBuffer                          bssBANK0     000075
_eusart1TxBufferRemaining                 nvBANK0      0000E9
_eusart1TxHead                            bssCOMRAM    000010
_eusart1TxTail                            bssCOMRAM    000011
_eusart2RxBuffer                          bssBANK0     00007D
_eusart2RxCount                           bssCOMRAM    000012
_eusart2RxHead                            bssCOMRAM    000013
_eusart2RxTail                            bssCOMRAM    000014
_eusart2TxBuffer                          bssBANK0     000085
_eusart2TxBufferRemaining                 nvBANK0      0000EA
_eusart2TxHead                            bssCOMRAM    000015
_eusart2TxTail                            bssCOMRAM    000016
_greenPixels                              bssBANK1     000118
_i                                        bssBANK0     0000A4
_i2c2_object                              bssBANK0     00008D
_i2c2_state                               bssCOMRAM    000017
_i2c2_tr_queue                            bssBANK0     0000CB
_i2c2_trb_count                           bssCOMRAM    000018
_id_h                                     smallconst   001001
_id_l                                     smallconst   001002
_j                                        bssBANK0     0000A6
_k                                        bssCOMRAM    000001
_last_pattern_was_heal                    bssCOMRAM    000019
_length                                   dataBANK0    0000E3
_main                                     text0        001276
_mask                                     dataBANK0    0000D1
_memcpy                                   text1        001858
_mirp0                                    bssBANK0     000094
_nextBit                                  bssCOMRAM    00001A
_num                                      bssCOMRAM    00001B
_p                                        bssCOMRAM    000003
_p_i2c2_current                           bssBANK0     0000A8
_p_i2c2_trb_current                       bssCOMRAM    000005
_packet_uuid                              bssCOMRAM    00001C
_piu_bt_state                             bssBANK0     0000AE
_piu_buff                                 bssBANK0     0000B2
_playDamage                               text45       0015C0
_playHeal                                 text43       001452
_playPattern                              text37       00192C
_playStun                                 text41       001372
_previousBit                              bssCOMRAM    00001D
_pulse                                    text38       001510
_redPixels                                bssBANK1     000130
_selector                                 dataCOMRAM   000042
_self_test_passed                         bssCOMRAM    00001E
_timer1ReloadVal                          nvBANK0      0000E7
_timer3ReloadVal                          nvCOMRAM     000040
_to_return                                bssBANK0     0000B0
btemp                                     temp         000043
clearPattern@i                            cstackCOMRAM 000021
delay_25ms_n_times@n                      cstackCOMRAM 000021
draw@bitCount                             cstackCOMRAM 000022
draw@pixel                                cstackCOMRAM 000021
end_of_initialization                     cinit        00184E
int$flags                                 temp         000043
intlevel0                                 text         000000
intlevel1                                 text         000000
intlevel2                                 text         000000
intlevel3                                 text         000000
main@char_buff                            cstackBANK1  000148
main@i                                    cstackBANK1  000158
main@read_byte                            cstackBANK1  000157
main@to_send                              cstackBANK1  000159
memcpy@d                                  cstackBANK0  0000EE
memcpy@d1                                 cstackCOMRAM 000039
memcpy@n                                  cstackCOMRAM 00003E
memcpy@s                                  cstackBANK0  0000EB
memcpy@s1                                 cstackCOMRAM 00003B
playDamage@i                              cstackCOMRAM 000022
playHeal@i                                cstackCOMRAM 000022
playPattern@pattern                       cstackCOMRAM 000026
playStun@i                                cstackCOMRAM 000022
pulse@i                                   cstackCOMRAM 000025
pulse@pixel                               cstackCOMRAM 000024
stackhi                                   (abs)        000F37
stacklo                                   (abs)        00015F
start                                     init         0000DC
start_initialization                      cinit        0017F8


FUNCTION INFORMATION:

 *************** function _main *****************
 Defined at:
		line 57 in file "main.c"
 Parameters:    Size  Location     Type
		None
 Auto vars:     Size  Location     Type
  i               1   16[BANK1 ] unsigned char 
  char_buff      15    0[BANK1 ] unsigned char [15]
  to_send         6   17[BANK1 ] struct bt_packet
  read_byte       1   15[BANK1 ] unsigned char 
 Return value:  Size  Location     Type
                  1    wreg      void 
 Registers used:
		wreg, fsr0l, fsr0h, fsr2l, fsr2h, status,2, status,0, tblptrl, tblptrh, tblptru, prodl, prodh, cstack
 Tracked objects:
		On entry : 
		On exit  : 
		Unchanged: 
 Data sizes:     COMRAM   BANK0   BANK1   BANK2   BANK3   BANK4   BANK5   BANK6   BANK7   BANK8   BANK9  BANK10  BANK11  BANK12  BANK13  BANK14  BANK15
      Params:         0       0       0       0       0       0       0       0       0       0       0       0       0       0       0       0       0
      Locals:         0       0      23       0       0       0       0       0       0       0       0       0       0       0       0       0       0
      Temps:          0       0       0       0       0       0       0       0       0       0       0       0       0       0       0       0       0
      Totals:         0       0      23       0       0       0       0       0       0       0       0       0       0       0       0       0       0
Total ram usage:       23 bytes
 Hardware stack levels required when called:   10
 This function calls:
		_EUSART1_Read
		_PIU_bt_transmit_packet
		_SYSTEM_Initialize
		_memcpy
 This function is called by:
		Startup code after reset
 This function uses a non-reentrant model


 *************** function _memcpy *****************
 Defined at:
		line 11 in file "C:\Program Files (x86)\Microchip\xc8\v1.36\sources\common\memcpy.c"
 Parameters:    Size  Location     Type
  d1              2   24[COMRAM] PTR void 
		 -> main@char_buff(15), piu_buff(13), 
  s1              3   26[COMRAM] PTR const void 
		 -> ROM(65535), 
  n               2   29[COMRAM] unsigned int 
 Auto vars:     Size  Location     Type
  s               3    0[BANK0 ] PTR const unsigned char 
		 -> ROM(65535), 
  d               2    3[BANK0 ] PTR unsigned char 
		 -> main@char_buff(15), piu_buff(13), 
 Return value:  Size  Location     Type
                  2   24[COMRAM] PTR void 
 Registers used:
		wreg, fsr2l, fsr2h, status,2, status,0, tblptrl, tblptrh, tblptru
 Tracked objects:
		On entry : 
		On exit  : 
		Unchanged: 
 Data sizes:     COMRAM   BANK0   BANK1   BANK2   BANK3   BANK4   BANK5   BANK6   BANK7   BANK8   BANK9  BANK10  BANK11  BANK12  BANK13  BANK14  BANK15
      Params:         7       0       0       0       0       0       0       0       0       0       0       0       0       0       0       0       0
      Locals:         0       5       0       0       0       0       0       0       0       0       0       0       0       0       0       0       0
      Temps:          0       0       0       0       0       0       0       0       0       0       0       0       0       0       0       0       0
      Totals:         7       5       0       0       0       0       0       0       0       0       0       0       0       0       0       0       0
Total ram usage:       12 bytes
 Hardware stack levels used:    1
 Hardware stack levels required when called:    7
 This function calls:
		Nothing
 This function is called by:
		_main
		_PIU_bt_clear_data_buff
		_PIU_bt_read_cmnd_to_buffer
 This function uses a non-reentrant model


 *************** function _SYSTEM_Initialize *****************
 Defined at:
		line 112 in file "mcc_generated_files/mcc.c"
 Parameters:    Size  Location     Type
		None
 Auto vars:     Size  Location     Type
		None
 Return value:  Size  Location     Type
                  1    wreg      void 
 Registers used:
		wreg, status,2, status,0, cstack
 Tracked objects:
		On entry : 
		On exit  : 
		Unchanged: 
 Data sizes:     COMRAM   BANK0   BANK1   BANK2   BANK3   BANK4   BANK5   BANK6   BANK7   BANK8   BANK9  BANK10  BANK11  BANK12  BANK13  BANK14  BANK15
      Params:         0       0       0       0       0       0       0       0       0       0       0       0       0       0       0       0       0
      Locals:         0       0       0       0       0       0       0       0       0       0       0       0       0       0       0       0       0
      Temps:          0       0       0       0       0       0       0       0       0       0       0       0       0       0       0       0       0
      Totals:         0       0       0       0       0       0       0       0       0       0       0       0       0       0       0       0       0
Total ram usage:        0 bytes
 Hardware stack levels used:    1
 Hardware stack levels required when called:    9
 This function calls:
		_CCP4_Initialize
		_EUSART1_Initialize
		_EUSART2_Initialize
		_I2C2_Initialize
		_INTERRUPT_Initialize
		_OSCILLATOR_Initialize
		_PIN_MANAGER_Initialize
		_PWM5_Initialize
		_SPI1_Initialize
		_TMR1_Initialize
		_TMR2_Initialize
		_TMR3_Initialize
		_TMR4_Initialize
 This function is called by:
		_main
 This function uses a non-reentrant model


 *************** function _TMR4_Initialize *****************
 Defined at:
		line 58 in file "mcc_generated_files/tmr4.c"
 Parameters:    Size  Location     Type
		None
 Auto vars:     Size  Location     Type
		None
 Return value:  Size  Location     Type
                  1    wreg      void 
 Registers used:
		wreg, status,2, cstack
 Tracked objects:
		On entry : 
		On exit  : 
		Unchanged: 
 Data sizes:     COMRAM   BANK0   BANK1   BANK2   BANK3   BANK4   BANK5   BANK6   BANK7   BANK8   BANK9  BANK10  BANK11  BANK12  BANK13  BANK14  BANK15
      Params:         0       0       0       0       0       0       0       0       0       0       0       0       0       0       0       0       0
      Locals:         0       0       0       0       0       0       0       0       0       0       0       0       0       0       0       0       0
      Temps:          0       0       0       0       0       0       0       0       0       0       0       0       0       0       0       0       0
      Totals:         0       0       0       0       0       0       0       0       0       0       0       0       0       0       0       0       0
Total ram usage:        0 bytes
 Hardware stack levels used:    1
 Hardware stack levels required when called:    8
 This function calls:
		_TMR4_StartTimer
 This function is called by:
		_SYSTEM_Initialize
 This function uses a non-reentrant model


 *************** function _TMR4_StartTimer *****************
 Defined at:
		line 78 in file "mcc_generated_files/tmr4.c"
 Parameters:    Size  Location     Type
		None
 Auto vars:     Size  Location     Type
		None
 Return value:  Size  Location     Type
                  1    wreg      void 
 Registers used:
		None
 Tracked objects:
		On entry : 
		On exit  : 
		Unchanged: 
 Data sizes:     COMRAM   BANK0   BANK1   BANK2   BANK3   BANK4   BANK5   BANK6   BANK7   BANK8   BANK9  BANK10  BANK11  BANK12  BANK13  BANK14  BANK15
      Params:         0       0       0       0       0       0       0       0       0       0       0       0       0       0       0       0       0
      Locals:         0       0       0       0       0       0       0       0       0       0       0       0       0       0       0       0       0
      Temps:          0       0       0       0       0       0       0       0       0       0       0       0       0       0       0       0       0
      Totals:         0       0       0       0       0       0       0       0       0       0       0       0       0       0       0       0       0
Total ram usage:        0 bytes
 Hardware stack levels used:    1
 Hardware stack levels required when called:    7
 This function calls:
		Nothing
 This function is called by:
		_TMR4_Initialize
 This function uses a non-reentrant model


 *************** function _TMR3_Initialize *****************
 Defined at:
		line 63 in file "mcc_generated_files/tmr3.c"
 Parameters:    Size  Location     Type
		None
 Auto vars:     Size  Location     Type
		None
 Return value:  Size  Location     Type
                  1    wreg      void 
 Registers used:
		wreg, status,2, status,0, cstack
 Tracked objects:
		On entry : 
		On exit  : 
		Unchanged: 
 Data sizes:     COMRAM   BANK0   BANK1   BANK2   BANK3   BANK4   BANK5   BANK6   BANK7   BANK8   BANK9  BANK10  BANK11  BANK12  BANK13  BANK14  BANK15
      Params:         0       0       0       0       0       0       0       0       0       0       0       0       0       0       0       0       0
      Locals:         0       0       0       0       0       0       0       0       0       0       0       0       0       0       0       0       0
      Temps:          0       0       0       0       0       0       0       0       0       0       0       0       0       0       0       0       0
      Totals:         0       0       0       0       0       0       0       0       0       0       0       0       0       0       0       0       0
Total ram usage:        0 bytes
 Hardware stack levels used:    1
 Hardware stack levels required when called:    8
 This function calls:
		_TMR3_SetInterruptHandler
		_TMR3_StartTimer
 This function is called by:
		_SYSTEM_Initialize
 This function uses a non-reentrant model


 *************** function _TMR3_StartTimer *****************
 Defined at:
		line 95 in file "mcc_generated_files/tmr3.c"
 Parameters:    Size  Location     Type
		None
 Auto vars:     Size  Location     Type
		None
 Return value:  Size  Location     Type
                  1    wreg      void 
 Registers used:
		None
 Tracked objects:
		On entry : 
		On exit  : 
		Unchanged: 
 Data sizes:     COMRAM   BANK0   BANK1   BANK2   BANK3   BANK4   BANK5   BANK6   BANK7   BANK8   BANK9  BANK10  BANK11  BANK12  BANK13  BANK14  BANK15
      Params:         0       0       0       0       0       0       0       0       0       0       0       0       0       0       0       0       0
      Locals:         0       0       0       0       0       0       0       0       0       0       0       0       0       0       0       0       0
      Temps:          0       0       0       0       0       0       0       0       0       0       0       0       0       0       0       0       0
      Totals:         0       0       0       0       0       0       0       0       0       0       0       0       0       0       0       0       0
Total ram usage:        0 bytes
 Hardware stack levels used:    1
 Hardware stack levels required when called:    7
 This function calls:
		Nothing
 This function is called by:
		_TMR3_Initialize
 This function uses a non-reentrant model


 *************** function _TMR3_SetInterruptHandler *****************
 Defined at:
		line 191 in file "mcc_generated_files/tmr3.c"
 Parameters:    Size  Location     Type
  InterruptHan    2   24[COMRAM] PTR void 
		 -> TMR3_DefaultInterruptHandler(1), 
 Auto vars:     Size  Location     Type
		None
 Return value:  Size  Location     Type
                  1    wreg      void 
 Registers used:
		wreg, status,2, status,0
 Tracked objects:
		On entry : 
		On exit  : 
		Unchanged: 
 Data sizes:     COMRAM   BANK0   BANK1   BANK2   BANK3   BANK4   BANK5   BANK6   BANK7   BANK8   BANK9  BANK10  BANK11  BANK12  BANK13  BANK14  BANK15
      Params:         2       0       0       0       0       0       0       0       0       0       0       0       0       0       0       0       0
      Locals:         0       0       0       0       0       0       0       0       0       0       0       0       0       0       0       0       0
      Temps:          0       0       0       0       0       0       0       0       0       0       0       0       0       0       0       0       0
      Totals:         2       0       0       0       0       0       0       0       0       0       0       0       0       0       0       0       0
Total ram usage:        2 bytes
 Hardware stack levels used:    1
 Hardware stack levels required when called:    7
 This function calls:
		Nothing
 This function is called by:
		_TMR3_Initialize
 This function uses a non-reentrant model


 *************** function _TMR2_Initialize *****************
 Defined at:
		line 58 in file "mcc_generated_files/tmr2.c"
 Parameters:    Size  Location     Type
		None
 Auto vars:     Size  Location     Type
		None
 Return value:  Size  Location     Type
                  1    wreg      void 
 Registers used:
		wreg, status,2, cstack
 Tracked objects:
		On entry : 
		On exit  : 
		Unchanged: 
 Data sizes:     COMRAM   BANK0   BANK1   BANK2   BANK3   BANK4   BANK5   BANK6   BANK7   BANK8   BANK9  BANK10  BANK11  BANK12  BANK13  BANK14  BANK15
      Params:         0       0       0       0       0       0       0       0       0       0       0       0       0       0       0       0       0
      Locals:         0       0       0       0       0       0       0       0       0       0       0       0       0       0       0       0       0
      Temps:          0       0       0       0       0       0       0       0       0       0       0       0       0       0       0       0       0
      Totals:         0       0       0       0       0       0       0       0       0       0       0       0       0       0       0       0       0
Total ram usage:        0 bytes
 Hardware stack levels used:    1
 Hardware stack levels required when called:    8
 This function calls:
		_TMR2_StartTimer
 This function is called by:
		_SYSTEM_Initialize
 This function uses a non-reentrant model


 *************** function _TMR2_StartTimer *****************
 Defined at:
		line 78 in file "mcc_generated_files/tmr2.c"
 Parameters:    Size  Location     Type
		None
 Auto vars:     Size  Location     Type
		None
 Return value:  Size  Location     Type
                  1    wreg      void 
 Registers used:
		None
 Tracked objects:
		On entry : 
		On exit  : 
		Unchanged: 
 Data sizes:     COMRAM   BANK0   BANK1   BANK2   BANK3   BANK4   BANK5   BANK6   BANK7   BANK8   BANK9  BANK10  BANK11  BANK12  BANK13  BANK14  BANK15
      Params:         0       0       0       0       0       0       0       0       0       0       0       0       0       0       0       0       0
      Locals:         0       0       0       0       0       0       0       0       0       0       0       0       0       0       0       0       0
      Temps:          0       0       0       0       0       0       0       0       0       0       0       0       0       0       0       0       0
      Totals:         0       0       0       0       0       0       0       0       0       0       0       0       0       0       0       0       0
Total ram usage:        0 bytes
 Hardware stack levels used:    1
 Hardware stack levels required when called:    7
 This function calls:
		Nothing
 This function is called by:
		_TMR2_Initialize
		_modulate15Cycles
		_modulate30Cycles
		_modulate_us
 This function uses a non-reentrant model


 *************** function _TMR1_Initialize *****************
 Defined at:
		line 63 in file "mcc_generated_files/tmr1.c"
 Parameters:    Size  Location     Type
		None
 Auto vars:     Size  Location     Type
		None
 Return value:  Size  Location     Type
                  1    wreg      void 
 Registers used:
		wreg, status,2, cstack
 Tracked objects:
		On entry : 
		On exit  : 
		Unchanged: 
 Data sizes:     COMRAM   BANK0   BANK1   BANK2   BANK3   BANK4   BANK5   BANK6   BANK7   BANK8   BANK9  BANK10  BANK11  BANK12  BANK13  BANK14  BANK15
      Params:         0       0       0       0       0       0       0       0       0       0       0       0       0       0       0       0       0
      Locals:         0       0       0       0       0       0       0       0       0       0       0       0       0       0       0       0       0
[...]
      Temps:          0       0       0       0       0       0       0       0       0       0       0       0       0       0       0       0       0
      Totals:         2       0       0       0       0       0       0       0       0       0       0       0       0       0       0       0       0
Total ram usage:        2 bytes
 Hardware stack levels used:    1
 This function calls:
		Nothing
 This function is called by:
		_pulse
		_init_logic
 This function uses a non-reentrant model


 *************** function _delay_25ms_n_times *****************
 Defined at:
		line 10 in file "util_functions.c"
 Parameters:    Size  Location     Type
  n               2    0[COMRAM] unsigned int 
 Auto vars:     Size  Location     Type
		None
 Return value:  Size  Location     Type
                  1    wreg      void 
 Registers used:
		wreg, status,2, status,0
 Tracked objects:
		On entry : 
		On exit  : 
		Unchanged: 
 Data sizes:     COMRAM   BANK0   BANK1   BANK2   BANK3   BANK4   BANK5   BANK6   BANK7   BANK8   BANK9  BANK10  BANK11  BANK12  BANK13  BANK14  BANK15
      Params:         2       0       0       0       0       0       0       0       0       0       0       0       0       0       0       0       0
      Locals:         0       0       0       0       0       0       0       0       0       0       0       0       0       0       0       0       0
      Temps:          1       0       0       0       0       0       0       0       0       0       0       0       0       0       0       0       0
      Totals:         3       0       0       0       0       0       0       0       0       0       0       0       0       0       0       0       0
Total ram usage:        3 bytes
 Hardware stack levels used:    1
 This function calls:
		Nothing
 This function is called by:
		_pulse
		_CCP4_CallBack
		_stunned
		_detonate
		_reset
 This function uses a non-reentrant model


 *************** function _playStun *****************
 Defined at:
		line 208 in file "LEDLogic.c"
 Parameters:    Size  Location     Type
		None
 Auto vars:     Size  Location     Type
  i               2    1[COMRAM] int 
 Return value:  Size  Location     Type
                  1    wreg      void 
 Registers used:
		wreg, status,2, status,0, cstack
 Tracked objects:
		On entry : 
		On exit  : 
		Unchanged: 
 Data sizes:     COMRAM   BANK0   BANK1   BANK2   BANK3   BANK4   BANK5   BANK6   BANK7   BANK8   BANK9  BANK10  BANK11  BANK12  BANK13  BANK14  BANK15
      Params:         0       0       0       0       0       0       0       0       0       0       0       0       0       0       0       0       0
      Locals:         2       0       0       0       0       0       0       0       0       0       0       0       0       0       0       0       0
      Temps:          1       0       0       0       0       0       0       0       0       0       0       0       0       0       0       0       0
      Totals:         3       0       0       0       0       0       0       0       0       0       0       0       0       0       0       0       0
Total ram usage:        3 bytes
 Hardware stack levels used:    1
 Hardware stack levels required when called:    2
 This function calls:
		_colorGreen
		_colorYellow
 This function is called by:
		_playPattern
 This function uses a non-reentrant model


 *************** function _colorYellow *****************
 Defined at:
		line 104 in file "LEDLogic.c"
 Parameters:    Size  Location     Type
		None
 Auto vars:     Size  Location     Type
		None
 Return value:  Size  Location     Type
                  1    wreg      void 
 Registers used:
		cstack
 Tracked objects:
		On entry : 
		On exit  : 
		Unchanged: 
 Data sizes:     COMRAM   BANK0   BANK1   BANK2   BANK3   BANK4   BANK5   BANK6   BANK7   BANK8   BANK9  BANK10  BANK11  BANK12  BANK13  BANK14  BANK15
      Params:         0       0       0       0       0       0       0       0       0       0       0       0       0       0       0       0       0
      Locals:         0       0       0       0       0       0       0       0       0       0       0       0       0       0       0       0       0
      Temps:          0       0       0       0       0       0       0       0       0       0       0       0       0       0       0       0       0
      Totals:         0       0       0       0       0       0       0       0       0       0       0       0       0       0       0       0       0
Total ram usage:        0 bytes
 Hardware stack levels used:    1
 Hardware stack levels required when called:    1
 This function calls:
		_LEDOne
		_LEDZero
 This function is called by:
		_playStun
 This function uses a non-reentrant model


 *************** function _playHeal *****************
 Defined at:
		line 188 in file "LEDLogic.c"
 Parameters:    Size  Location     Type
		None
 Auto vars:     Size  Location     Type
  i               2    1[COMRAM] int 
 Return value:  Size  Location     Type
                  1    wreg      void 
 Registers used:
		wreg, status,2, status,0, cstack
 Tracked objects:
		On entry : 
		On exit  : 
		Unchanged: 
 Data sizes:     COMRAM   BANK0   BANK1   BANK2   BANK3   BANK4   BANK5   BANK6   BANK7   BANK8   BANK9  BANK10  BANK11  BANK12  BANK13  BANK14  BANK15
      Params:         0       0       0       0       0       0       0       0       0       0       0       0       0       0       0       0       0
      Locals:         2       0       0       0       0       0       0       0       0       0       0       0       0       0       0       0       0
      Temps:          1       0       0       0       0       0       0       0       0       0       0       0       0       0       0       0       0
      Totals:         3       0       0       0       0       0       0       0       0       0       0       0       0       0       0       0       0
Total ram usage:        3 bytes
 Hardware stack levels used:    1
 Hardware stack levels required when called:    2
 This function calls:
		_colorGreen
 This function is called by:
		_playPattern
 This function uses a non-reentrant model


 *************** function _colorGreen *****************
 Defined at:
		line 77 in file "LEDLogic.c"
 Parameters:    Size  Location     Type
		None
 Auto vars:     Size  Location     Type
		None
 Return value:  Size  Location     Type
                  1    wreg      void 
 Registers used:
		cstack
 Tracked objects:
		On entry : 
		On exit  : 
		Unchanged: 
 Data sizes:     COMRAM   BANK0   BANK1   BANK2   BANK3   BANK4   BANK5   BANK6   BANK7   BANK8   BANK9  BANK10  BANK11  BANK12  BANK13  BANK14  BANK15
      Params:         0       0       0       0       0       0       0       0       0       0       0       0       0       0       0       0       0
      Locals:         0       0       0       0       0       0       0       0       0       0       0       0       0       0       0       0       0
      Temps:          0       0       0       0       0       0       0       0       0       0       0       0       0       0       0       0       0
      Totals:         0       0       0       0       0       0       0       0       0       0       0       0       0       0       0       0       0
Total ram usage:        0 bytes
 Hardware stack levels used:    1
 Hardware stack levels required when called:    1
 This function calls:
		_LEDOne
		_LEDZero
 This function is called by:
		_playHeal
		_playStun
 This function uses a non-reentrant model


 *************** function _playDamage *****************
 Defined at:
		line 169 in file "LEDLogic.c"
 Parameters:    Size  Location     Type
		None
 Auto vars:     Size  Location     Type
  i               2    1[COMRAM] int 
 Return value:  Size  Location     Type
                  1    wreg      void 
 Registers used:
		wreg, status,2, status,0, cstack
 Tracked objects:
		On entry : 
		On exit  : 
		Unchanged: 
 Data sizes:     COMRAM   BANK0   BANK1   BANK2   BANK3   BANK4   BANK5   BANK6   BANK7   BANK8   BANK9  BANK10  BANK11  BANK12  BANK13  BANK14  BANK15
      Params:         0       0       0       0       0       0       0       0       0       0       0       0       0       0       0       0       0
      Locals:         2       0       0       0       0       0       0       0       0       0       0       0       0       0       0       0       0
      Temps:          1       0       0       0       0       0       0       0       0       0       0       0       0       0       0       0       0
      Totals:         3       0       0       0       0       0       0       0       0       0       0       0       0       0       0       0       0
Total ram usage:        3 bytes
 Hardware stack levels used:    1
 Hardware stack levels required when called:    2
 This function calls:
		_colorRed
 This function is called by:
		_playPattern
 This function uses a non-reentrant model


 *************** function _colorRed *****************
 Defined at:
		line 50 in file "LEDLogic.c"
 Parameters:    Size  Location     Type
		None
 Auto vars:     Size  Location     Type
		None
 Return value:  Size  Location     Type
                  1    wreg      void 
 Registers used:
		cstack
 Tracked objects:
		On entry : 
		On exit  : 
		Unchanged: 
 Data sizes:     COMRAM   BANK0   BANK1   BANK2   BANK3   BANK4   BANK5   BANK6   BANK7   BANK8   BANK9  BANK10  BANK11  BANK12  BANK13  BANK14  BANK15
      Params:         0       0       0       0       0       0       0       0       0       0       0       0       0       0       0       0       0
      Locals:         0       0       0       0       0       0       0       0       0       0       0       0       0       0       0       0       0
      Temps:          0       0       0       0       0       0       0       0       0       0       0       0       0       0       0       0       0
      Totals:         0       0       0       0       0       0       0       0       0       0       0       0       0       0       0       0       0
Total ram usage:        0 bytes
 Hardware stack levels used:    1
 Hardware stack levels required when called:    1
 This function calls:
		_LEDOne
		_LEDZero
 This function is called by:
		_playDamage
 This function uses a non-reentrant model


 *************** function _LEDOne *****************
 Defined at:
		line 8 in file "LEDLogic.c"
 Parameters:    Size  Location     Type
		None
 Auto vars:     Size  Location     Type
		None
 Return value:  Size  Location     Type
                  1    wreg      void 
 Registers used:
		None
 Tracked objects:
		On entry : 
		On exit  : 
		Unchanged: 
 Data sizes:     COMRAM   BANK0   BANK1   BANK2   BANK3   BANK4   BANK5   BANK6   BANK7   BANK8   BANK9  BANK10  BANK11  BANK12  BANK13  BANK14  BANK15
      Params:         0       0       0       0       0       0       0       0       0       0       0       0       0       0       0       0       0
      Locals:         0       0       0       0       0       0       0       0       0       0       0       0       0       0       0       0       0
      Temps:          0       0       0       0       0       0       0       0       0       0       0       0       0       0       0       0       0
      Totals:         0       0       0       0       0       0       0       0       0       0       0       0       0       0       0       0       0
Total ram usage:        0 bytes
 Hardware stack levels used:    1
 This function calls:
		Nothing
 This function is called by:
		_colorRed
		_colorGreen
		_colorYellow
		_colorOrange
 This function uses a non-reentrant model


 *************** function _clearPattern *****************
 Defined at:
		line 163 in file "LEDLogic.c"
 Parameters:    Size  Location     Type
		None
 Auto vars:     Size  Location     Type
  i               2    0[COMRAM] int 
 Return value:  Size  Location     Type
                  1    wreg      void 
 Registers used:
		wreg, status,2, status,0, cstack
 Tracked objects:
		On entry : 
		On exit  : 
		Unchanged: 
 Data sizes:     COMRAM   BANK0   BANK1   BANK2   BANK3   BANK4   BANK5   BANK6   BANK7   BANK8   BANK9  BANK10  BANK11  BANK12  BANK13  BANK14  BANK15
      Params:         0       0       0       0       0       0       0       0       0       0       0       0       0       0       0       0       0
      Locals:         2       0       0       0       0       0       0       0       0       0       0       0       0       0       0       0       0
      Temps:          0       0       0       0       0       0       0       0       0       0       0       0       0       0       0       0       0
      Totals:         2       0       0       0       0       0       0       0       0       0       0       0       0       0       0       0       0
Total ram usage:        2 bytes
 Hardware stack levels used:    1
 Hardware stack levels required when called:    2
 This function calls:
		_colorBlack
 This function is called by:
		_playPattern
 This function uses a non-reentrant model


 *************** function _colorBlack *****************
 Defined at:
		line 23 in file "LEDLogic.c"
 Parameters:    Size  Location     Type
		None
 Auto vars:     Size  Location     Type
		None
 Return value:  Size  Location     Type
                  1    wreg      void 
 Registers used:
		cstack
 Tracked objects:
		On entry : 
		On exit  : 
		Unchanged: 
 Data sizes:     COMRAM   BANK0   BANK1   BANK2   BANK3   BANK4   BANK5   BANK6   BANK7   BANK8   BANK9  BANK10  BANK11  BANK12  BANK13  BANK14  BANK15
      Params:         0       0       0       0       0       0       0       0       0       0       0       0       0       0       0       0       0
      Locals:         0       0       0       0       0       0       0       0       0       0       0       0       0       0       0       0       0
      Temps:          0       0       0       0       0       0       0       0       0       0       0       0       0       0       0       0       0
      Totals:         0       0       0       0       0       0       0       0       0       0       0       0       0       0       0       0       0
Total ram usage:        0 bytes
 Hardware stack levels used:    1
 Hardware stack levels required when called:    1
 This function calls:
		_LEDZero
 This function is called by:
		_clearPattern
 This function uses a non-reentrant model


 *************** function _LEDZero *****************
 Defined at:
		line 16 in file "LEDLogic.c"
 Parameters:    Size  Location     Type
		None
 Auto vars:     Size  Location     Type
		None
 Return value:  Size  Location     Type
                  1    wreg      void 
 Registers used:
		None
 Tracked objects:
		On entry : 
		On exit  : 
		Unchanged: 
 Data sizes:     COMRAM   BANK0   BANK1   BANK2   BANK3   BANK4   BANK5   BANK6   BANK7   BANK8   BANK9  BANK10  BANK11  BANK12  BANK13  BANK14  BANK15
      Params:         0       0       0       0       0       0       0       0       0       0       0       0       0       0       0       0       0
      Locals:         0       0       0       0       0       0       0       0       0       0       0       0       0       0       0       0       0
      Temps:          0       0       0       0       0       0       0       0       0       0       0       0       0       0       0       0       0
      Totals:         0       0       0       0       0       0       0       0       0       0       0       0       0       0       0       0       0
Total ram usage:        0 bytes
 Hardware stack levels used:    1
 This function calls:
		Nothing
 This function is called by:
		_colorBlack
		_colorRed
		_colorGreen
		_colorYellow
		_colorOrange
 This function uses a non-reentrant model



MODULE INFORMATION

Module		Function		Class		Link	Load	Size
mcc_generated_files/eusart2.c
		_EUSART2_Receive_ISR		CODE           	1BD8	0000	45
		_EUSART2_Transmit_ISR		CODE           	1AE6	0000	51
		_EUSART2_Initialize		CODE           	1A46	0000	55

mcc_generated_files/eusart2.c estimated size: 151

mcc_generated_files/tmr4.c
		_TMR4_Initialize		CODE           	1CFA	0000	27
		_TMR4_StartTimer		CODE           	1DBA	0000	7

mcc_generated_files/tmr4.c estimated size: 34

LEDLogic.c
		_colorRed      		CODE           	1734	0000	99
		_playHeal      		CODE           	1452	0000	191
		_clearPattern  		CODE           	1C7E	0000	37
		_playPattern   		CODE           	192C	0000	61
		_colorGreen    		CODE           	16D2	0000	99
		_playDamage    		CODE           	15C0	0000	177
		_colorBlack    		CODE           	1796	0000	99
		_colorYellow   		CODE           	1670	0000	99
		_pulse         		CODE           	1510	0000	177
		_LEDOne        		CODE           	1D9A	0000	13
		_playStun      		CODE           	1372	0000	225
		_LEDZero       		CODE           	1DB0	0000	11
		_draw          		CODE           	19A2	0000	57

LEDLogic.c estimated size: 1345

mcc_generated_files/tmr2.c
		_TMR2_Initialize		CODE           	1D56	0000	21
		_TMR2_StartTimer		CODE           	1DC4	0000	5

mcc_generated_files/tmr2.c estimated size: 26

mcc_generated_files/interrupt_manager.c
		_INTERRUPT_Initialize		CODE           	1D6A	0000	21
		_INTERRUPT_InterruptManager		CODE           	0008	0000	213

mcc_generated_files/interrupt_manager.c estimated size: 234

util_functions.c
		_delay_25ms_n_times		CODE           	1B4A	0000	51

util_functions.c estimated size: 51

mcc_generated_files/pin_manager.c
		_PIN_MANAGER_Initialize		CODE           	1A10	0000	55

mcc_generated_files/pin_manager.c estimated size: 55

mcc_generated_files/spi1.c
		_SPI1_Initialize		CODE           	1D7E	0000	15

mcc_generated_files/spi1.c estimated size: 15

mcc_generated_files/ccp4.c
		_CCP4_CallBack 		CODE           	1968	0000	59
		_CCP4_CaptureISR		CODE           	1D2C	0000	23
		_CCP4_Initialize		CODE           	1CC0	0000	31

mcc_generated_files/ccp4.c estimated size: 113

C:\Program Files (x86)\Microchip\xc8\v1.36\sources\common\memcpy.c
		_memcpy        		CODE           	1858	0000	87

C:\Program Files (x86)\Microchip\xc8\v1.36\sources\common\memcpy.c estimated size: 87

shared
		_id_h          		SMALLCONST     	1001	0000	2
		__initialization		CODE           	17F8	0000	87
		_id_l          		SMALLCONST     	1002	0000	2

shared estimated size: 91

mcc_generated_files/eusart1.c
		_EUSART1_Initialize		CODE           	1A7C	0000	55
		_EUSART1_Read  		CODE           	1AB2	0000	53
		_EUSART1_Receive_ISR		CODE           	1C04	0000	45
		_EUSART1_Transmit_ISR		CODE           	1B18	0000	51

mcc_generated_files/eusart1.c estimated size: 204

mcc_generated_files/pwm5.c
		_PWM5_Initialize		CODE           	1CA2	0000	31

mcc_generated_files/pwm5.c estimated size: 31

bt_to_PIU.c
		_PIU_bt_transmit_packet		CODE           	1C30	0000	43

bt_to_PIU.c estimated size: 43

mcc_generated_files/mcc.c
		_OSCILLATOR_Initialize		CODE           	1D8C	0000	15
		_SYSTEM_Initialize		CODE           	19DA	0000	55

mcc_generated_files/mcc.c estimated size: 70

mcc_generated_files/tmr3.c
		_TMR3_ISR      		CODE           	1B7C	0000	49
		_TMR3_Initialize		CODE           	1BAC	0000	45
		_TMR3_SetInterruptHandler		CODE           	1DA6	0000	11
		_TMR3_DefaultInterruptHandler		CODE           	1DCC	0000	3
		_TMR3_CallBack 		CODE           	1C5A	0000	37
		_TMR3_StartTimer		CODE           	1DC0	0000	5

mcc_generated_files/tmr3.c estimated size: 150

mcc_generated_files/tmr1.c
		_TMR1_Initialize		CODE           	1CDE	0000	29
		_TMR1_StartTimer		CODE           	1DC8	0000	5

mcc_generated_files/tmr1.c estimated size: 34

mcc_generated_files/i2c2.c
		_I2C2_BusCollisionISR		CODE           	1DCE	0000	3
		_I2C2_FunctionComplete		CODE           	1D14	0000	25
		_I2C2_ISR      		CODE           	1008	0000	623
		_I2C2_Initialize		CODE           	18F0	0000	61
		_I2C2_Stop     		CODE           	18AE	0000	67

mcc_generated_files/i2c2.c estimated size: 779

main.c
		_main          		CODE           	1276	0000	253

main.c estimated size: 253

