Microchip MPLAB XC8 Compiler V1.36 ()

Linker command line:

-W-3 --edf=/Applications/microchip/xc8/v1.36/dat/en_msgs.txt -cs \
  -h+dist/default/production/MagicMineTesting.X.production.sym \
  --cmf=dist/default/production/MagicMineTesting.X.production.cmf -z \
  -Q18F26K22 -o/tmp/xcWjueqc3 \
  -Mdist/default/production/MagicMineTesting.X.production.map -E1 -ver=XC8 \
  -ASTACK=07Dh-0f37h -pstack=STACK -ACODE=00h-0FFFFh -ACONST=00h-0FFFFh \
  -ASMALLCONST=01000h-010FFhx240 -AMEDIUMCONST=01000h-0FFFFh \
  -ACOMRAM=01h-05Fh -AABS1=00h-0F37h -ABIGRAM=01h-0F37h \
  -ARAM=060h-0FFh,0100h-01FFhx14,0F00h-0F37h -ABANK0=060h-0FFh \
  -ABANK1=0100h-01FFh -ABANK2=0200h-02FFh -ABANK3=0300h-03FFh \
  -ABANK4=0400h-04FFh -ABANK5=0500h-05FFh -ABANK6=0600h-06FFh \
  -ABANK7=0700h-07FFh -ABANK8=0800h-08FFh -ABANK9=0900h-09FFh \
  -ABANK10=0A00h-0AFFh -ABANK11=0B00h-0BFFh -ABANK12=0C00h-0CFFh \
  -ABANK13=0D00h-0DFFh -ABANK14=0E00h-0EFFh -ABANK15=0F00h-0F37h \
  -ASFR=0F38h-0F5Fh,0F60h-0FFFh \
  -preset_vec=00h,intcode=08h,intcodelo,powerup,init,end_init \
  -pramtop=01000h -psmallconst=SMALLCONST -pmediumconst=MEDIUMCONST \
  -pconst=CONST -AFARRAM=00h-00h -ACONFIG=0300000h-030000Dh -pconfig=CONFIG \
  -AIDLOC=0200000h-0200007h -pidloc=IDLOC -AEEDATA=0F00000h-0F003FFh \
  -peeprom_data=EEDATA \
  -prdata=COMRAM,nvrram=COMRAM,nvbit=COMRAM,rbss=COMRAM,rbit=COMRAM \
  -pfarbss=FARRAM,fardata=FARRAM,nvFARRAM=FARRAM \
  -pintsave_regs=BIGRAM,bigbss=BIGRAM,bigdata=BIGRAM -pbss=RAM \
  -pidata=CODE,irdata=CODE,ibigdata=CODE,ifardata=CODE -prparam=COMRAM \
  /tmp/xcJtX3CrW.obj \
  dist/default/production/MagicMineTesting.X.production.obj 

Object code version is 3.11

Machine type is 18F26K22

Call graph: (short form)




                Name                               Link     Load   Length Selector   Space Scale
/tmp/xcJtX3CrW.obj
                end_init                             8C       8C        4        4       0
                reset_vec                             0        0        4        0       0
                idloc                            200000   200000        8   200000       0
                config                           300000   300000        E   300000       0
dist/default/production/MagicMineTesting.X.production.obj
                intcode                               8        8       84        4       0
                temp                                 57       57        1        1       1
                smallconst                         1000     1000       1C      800       0
                text55                             1CF0     1CF0       30      80E       0
                text54                             1DF6     1DF6       28      80E       0
                text53                             1FEA     1FEA       14      80E       0
                text52                             1F18     1F18       22      80E       0
                text51                             1EB0     1EB0       24      80E       0
                text50                             1EF6     1EF6       22      80E       0
                text49                             1E8C     1E8C       24      80E       0
                text48                             2062     2062        2      80E       0
                text47                             1F94     1F94       18      80E       0
                text46                             1D4E     1D4E       2E      80E       0
                text45                             101C     101C      1C4      80E       0
                text44                             2060     2060        2      80E       0
                text43                             1F7A     1F7A       1A      80E       0
                text42                             1E68     1E68       24      80E       0
                text38                             16B0     16B0       D2      80E       0
                text37                             1782     1782       D0      80E       0
                text36                             1C8E     1C8E       32      80E       0
                text35                             1BA6     1BA6       66      80E       0
                text34                             1918     1918       C2      80E       0
                text33                             1D20     1D20       2E      80E       0
                text32                             1CC0     1CC0       30      80E       0
                text31                             1852     1852       C6      80E       0
                text30                             14FC     14FC       E2      80E       0
                text29                             1B40     1B40       66      80E       0
                text28                             15DE     15DE       D2      80E       0
                text27                             1F5A     1F5A       20      80E       0
                text26                             141A     141A       E2      80E       0
                text25                             1ADA     1ADA       66      80E       0
                text24                             11E0     11E0      158      80E       0
                text23                             1338     1338       E2      80E       0
                text22                             1D7C     1D7C       2A      80E       0
                text21                             1A5C     1A5C       7E      80E       0
                text20                             19DA     19DA       82      80E       0
                text19                             1FFE     1FFE       12      80E       0
                text18                             1E1E     1E1E       26      80E       0
                text17                             1E44     1E44       24      80E       0
                text16                             1F3A     1F3A       20      80E       0
                text15                             1FD6     1FD6       14      80E       0
                text14                             2030     2030        C      80E       0
                text13                             1DCE     1DCE       28      80E       0
                text12                             1FC2     1FC2       14      80E       0
                text11                             2046     2046        A      80E       0
                text10                             205C     205C        4      80E       0
                text9                              1FAC     1FAC       16      80E       0
                text8                              2058     2058        4      80E       0
                text7                              2020     2020       10      80E       0
                text6                              203C     203C        A      80E       0
                text5                              2054     2054        4      80E       0
                text4                              1DA6     1DA6       28      80E       0
                text3                              2050     2050        4      80E       0
                text2                              2010     2010       10      80E       0
                text1                              1C5A     1C5A       34      80E       0
                text0                              1C0C     1C0C       4E      80E       0
                cstackCOMRAM                         44       44        B        1       1
                cstackBANK0                          75       75        8       60       1
                bssBANK0                             60       60       15       60       1
                bssCOMRAM                             1        1       43        1       1
                cinit                              1ED4     1ED4       22      80E       0
                nvCOMRAM                             4F       4F        8        1       1

TOTAL           Name                               Link     Load   Length     Space
        CLASS   STACK          

        CLASS   CODE           
                end_init                             8C       8C        4         0
                intcode                               8        8       84         0
                reset_vec                             0        0        4         0
                text55                             1CF0     1CF0       30         0
                text54                             1DF6     1DF6       28         0
                text53                             1FEA     1FEA       14         0
                text52                             1F18     1F18       22         0
                text51                             1EB0     1EB0       24         0
                text50                             1EF6     1EF6       22         0
                text49                             1E8C     1E8C       24         0
                text48                             2062     2062        2         0
                text47                             1F94     1F94       18         0
                text46                             1D4E     1D4E       2E         0
                text45                             101C     101C      1C4         0
                text44                             2060     2060        2         0
                text43                             1F7A     1F7A       1A         0
                text42                             1E68     1E68       24         0
                text38                             16B0     16B0       D2         0
                text37                             1782     1782       D0         0
                text36                             1C8E     1C8E       32         0
                text35                             1BA6     1BA6       66         0
                text34                             1918     1918       C2         0
                text33                             1D20     1D20       2E         0
                text32                             1CC0     1CC0       30         0
                text31                             1852     1852       C6         0
                text30                             14FC     14FC       E2         0
                text29                             1B40     1B40       66         0
                text28                             15DE     15DE       D2         0
                text27                             1F5A     1F5A       20         0
                text26                             141A     141A       E2         0
                text25                             1ADA     1ADA       66         0
                text24                             11E0     11E0      158         0
                text23                             1338     1338       E2         0
                text22                             1D7C     1D7C       2A         0
                text21                             1A5C     1A5C       7E         0
                text20                             19DA     19DA       82         0
                text19                             1FFE     1FFE       12         0
                text18                             1E1E     1E1E       26         0
                text17                             1E44     1E44       24         0
                text16                             1F3A     1F3A       20         0
                text15                             1FD6     1FD6       14         0
                text14                             2030     2030        C         0
                text13                             1DCE     1DCE       28         0
                text12                             1FC2     1FC2       14         0
                text11                             2046     2046        A         0
                text10                             205C     205C        4         0
                text9                              1FAC     1FAC       16         0
                text8                              2058     2058        4         0
                text7                              2020     2020       10         0
                text6                              203C     203C        A         0
                text5                              2054     2054        4         0
                text4                              1DA6     1DA6       28         0
                text3                              2050     2050        4         0
                text2                              2010     2010       10         0
                text1                              1C5A     1C5A       34         0
                text0                              1C0C     1C0C       4E         0
                cinit                              1ED4     1ED4       22         0

        CLASS   CONST          

        CLASS   SMALLCONST     
                smallconst                         1000     1000       1C         0

        CLASS   MEDIUMCONST    

        CLASS   COMRAM         
                temp                                 57       57        1         1
                cstackCOMRAM                         44       44        B         1
                bssCOMRAM                             1        1       43         1
                nvCOMRAM                             4F       4F        8         1

        CLASS   ABS1           

        CLASS   BIGRAM         

        CLASS   RAM            

        CLASS   BANK0          
                cstackBANK0                          75       75        8         1
                bssBANK0                             60       60       15         1

        CLASS   BANK1          

        CLASS   BANK2          

        CLASS   BANK3          

        CLASS   BANK4          

        CLASS   BANK5          

        CLASS   BANK6          

        CLASS   BANK7          

        CLASS   BANK8          

        CLASS   BANK9          

        CLASS   BANK10         

        CLASS   BANK11         

        CLASS   BANK12         

        CLASS   BANK13         

        CLASS   BANK14         

        CLASS   BANK15         

        CLASS   SFR            

        CLASS   FARRAM         

        CLASS   CONFIG         
                config                           300000   300000        E         0

        CLASS   IDLOC          
                idloc                            200000   200000        8         0

        CLASS   EEDATA         



SEGMENTS        Name                           Load    Length   Top    Selector   Space  Class

                reset_vec                      000000  000004  000004         0       0  CODE    
                bssCOMRAM                      000001  000057  000058         1       1  COMRAM  
                intcode                        000008  000088  000090         4       0  CODE    
                bssBANK0                       000060  00001D  00007D        60       1  BANK0   
                smallconst                     001000  00001C  00101C       800       0  SMALLCON
                text45                         00101C  001048  002064       80E       0  CODE    
                idloc                          200000  000008  200008    200000       0  IDLOC   
                config                         300000  00000E  30000E    300000       0  CONFIG  


UNUSED ADDRESS RANGES

        Name                Unused          Largest block    Delta
        BANK0            00007D-0000FF               83
        BANK1            000100-0001FF              100
        BANK10           000A00-000AFF              100
        BANK11           000B00-000BFF              100
        BANK12           000C00-000CFF              100
        BANK13           000D00-000DFF              100
        BANK14           000E00-000EFF              100
        BANK15           000F00-000F37               38
        BANK2            000200-0002FF              100
        BANK3            000300-0003FF              100
        BANK4            000400-0004FF              100
        BANK5            000500-0005FF              100
        BANK6            000600-0006FF              100
        BANK7            000700-0007FF              100
        BANK8            000800-0008FF              100
        BANK9            000900-0009FF              100
        BIGRAM           000058-00005F                8
                         00007D-000F37              EBB
        CODE             000004-000007                4
                         000090-000FFF              F70
                         002064-00FFFF             DF9C
        COMRAM           000058-00005F                8
        CONST            000004-000007                4
                         000090-000FFF              F70
                         002064-00FFFF             DF9C
        EEDATA           F00000-F003FF              400
        MEDIUMCONST      002064-00FFFF             DF9C
        RAM              00007D-000F37              100
        SFR              000F38-000FFF               28
        SMALLCONST       002064-00FFFF              100
        STACK            00007D-000F37              EBB

                                  Symbol Table

CCP4_CallBack@capturedValue               cstackCOMRAM 000047
CCP4_CaptureISR@module                    cstackCOMRAM 000049
I2C2_ISR@i2c_10bit_address_restart        bssCOMRAM    000026
I2C2_ISR@i2c_address                      bssCOMRAM    000042
I2C2_ISR@i2c_bytes_left                   bssCOMRAM    000027
I2C2_ISR@pi2c_buf_ptr                     bssCOMRAM    00001E
I2C2_MasterRead@trBlock                   bssCOMRAM    000031
I2C2_MasterWrite@trBlock                  bssCOMRAM    000037
I2C2_Stop@completion_code                 cstackCOMRAM 000044
LED_play_pattern@i                        cstackBANK0  00007B
LED_play_pattern@i_446                    cstackBANK0  00007C
LED_play_pattern@pattern                  cstackBANK0  00007A
TMR3_ISR@CountCallBack                    bssCOMRAM    000020
TMR3_SetInterruptHandler@InterruptHandler cstackBANK0  000075
_ANSELA                                   (abs)        000F38
_ANSELAbits                               (abs)        000F38
_ANSELB                                   (abs)        000F39
_ANSELC                                   (abs)        000F3A
_BAUDCON1                                 (abs)        000FB8
_BAUDCON2                                 (abs)        000F70
_CCP4CON                                  (abs)        000F57
_CCP4_CallBack                            text54       001DF6
_CCP4_CaptureISR                          text53       001FEA
_CCP4_Initialize                          text19       001FFE
_CCP5CON                                  (abs)        000F54
_CCPR4H                                   (abs)        000F59
_CCPR4L                                   (abs)        000F58
_CCPR5H                                   (abs)        000F56
_CCPR5L                                   (abs)        000F55
_CCPTMRS1bits                             (abs)        000F48
_EUSART1_Initialize                       text18       001E1E
_EUSART1_Receive_ISR                      text52       001F18
_EUSART1_Transmit_ISR                     text51       001EB0
_EUSART2_Initialize                       text17       001E44
_EUSART2_Receive_ISR                      text50       001EF6
_EUSART2_Transmit_ISR                     text49       001E8C
_I2C2_BusCollisionISR                     text48       002062
_I2C2_FunctionComplete                    text47       001F94
_I2C2_ISR                                 text45       00101C
_I2C2_Initialize                          text16       001F3A
_I2C2_Stop                                text46       001D4E
_INTCON2bits                              (abs)        000FF1
_INTCONbits                               (abs)        000FF2
_INTERRUPT_Initialize                     text15       001FD6
_INTERRUPT_InterruptManager               intcode      000008
_IPR1bits                                 (abs)        000F9F
_IPR2bits                                 (abs)        000FA2
_IPR3bits                                 (abs)        000FA5
_IPR4bits                                 (abs)        000F7C
_LATA                                     (abs)        000F89
_LATAbits                                 (abs)        000F89
_LATB                                     (abs)        000F8A
_LATBbits                                 (abs)        000F8A
_LATC                                     (abs)        000F8B
_LEDOne                                   text40       000000
_LEDZero                                  text39       000000
_LED_play_pattern                         text20       0019DA
_OSCCON                                   (abs)        000FD3
_OSCCON2                                  (abs)        000FD2
_OSCILLATOR_Initialize                    text14       002030
_OSCTUNE                                  (abs)        000F9B
_PIE1bits                                 (abs)        000F9D
_PIE2bits                                 (abs)        000FA0
_PIE3bits                                 (abs)        000FA3
_PIE4bits                                 (abs)        000F7A
_PIN_MANAGER_Initialize                   text13       001DCE
_PIR1bits                                 (abs)        000F9E
_PIR2bits                                 (abs)        000FA1
_PIR3bits                                 (abs)        000FA4
_PIR4bits                                 (abs)        000F7B
_PIR5bits                                 (abs)        000F7E
_PR2                                      (abs)        000FBB
_PR4                                      (abs)        000F52
_PWM5_Initialize                          text12       001FC2
_RCONbits                                 (abs)        000FD0
_RCREG1                                   (abs)        000FAE
_RCREG2                                   (abs)        000F74
_RCSTA1                                   (abs)        000FAB
_RCSTA1bits                               (abs)        000FAB
_RCSTA2                                   (abs)        000F71
_RCSTA2bits                               (abs)        000F71
_SPBRG1                                   (abs)        000FAF
_SPBRG2                                   (abs)        000F75
_SPBRGH1                                  (abs)        000FB0
_SPBRGH2                                  (abs)        000F76
_SPI1_Initialize                          text11       002046
_SSP1ADD                                  (abs)        000FC8
_SSP1CON1                                 (abs)        000FC6
_SSP1STAT                                 (abs)        000FC7
_SSP2ADD                                  (abs)        000F6E
_SSP2BUF                                  (abs)        000F6F
_SSP2CON1                                 (abs)        000F6C
_SSP2CON1bits                             (abs)        000F6C
_SSP2CON2bits                             (abs)        000F6B
_SSP2CON3                                 (abs)        000F69
_SSP2STAT                                 (abs)        000F6D
_SYSTEM_Initialize                        text1        001C5A
_T1CON                                    (abs)        000FCD
_T1CONbits                                (abs)        000FCD
_T1GCON                                   (abs)        000FCC
_T2CON                                    (abs)        000FBA
_T2CONbits                                (abs)        000FBA
_T3CON                                    (abs)        000FB1
_T3CONbits                                (abs)        000FB1
_T3GCON                                   (abs)        000FB4
_T4CON                                    (abs)        000F51
_T4CONbits                                (abs)        000F51
_TMR1                                     (abs)        000FCE
_TMR1H                                    (abs)        000FCF
_TMR1L                                    (abs)        000FCE
_TMR1_Initialize                          text9        001FAC
_TMR1_StartTimer                          text10       00205C
_TMR2                                     (abs)        000FBC
_TMR2_Initialize                          text7        002020
_TMR2_StartTimer                          text8        002058
_TMR3                                     (abs)        000FB2
_TMR3H                                    (abs)        000FB3
_TMR3L                                    (abs)        000FB2
_TMR3_CallBack                            text43       001F7A
_TMR3_DefaultInterruptHandler             text44       002060
_TMR3_ISR                                 text42       001E68
_TMR3_Initialize                          text4        001DA6
_TMR3_InterruptHandler                    nvCOMRAM     00004F
_TMR3_SetInterruptHandler                 text6        00203C
_TMR3_StartTimer                          text5        002054
_TMR4                                     (abs)        000F53
_TMR4_Initialize                          text2        002010
_TMR4_StartTimer                          text3        002050
_TRISA                                    (abs)        000F92
_TRISAbits                                (abs)        000F92
_TRISB                                    (abs)        000F93
_TRISC                                    (abs)        000F94
_TXREG1                                   (abs)        000FAD
_TXREG2                                   (abs)        000F73
_TXSTA1                                   (abs)        000FAC
_TXSTA2                                   (abs)        000F72
_WPUB                                     (abs)        000F61
__CFG_BOREN$SBORDIS                       (abs)        000000
__CFG_BORV$190                            (abs)        000000
__CFG_CCP2MX$PORTC1                       (abs)        000000
__CFG_CCP3MX$PORTB5                       (abs)        000000
__CFG_CP0$OFF                             (abs)        000000
__CFG_CP1$OFF                             (abs)        000000
__CFG_CP2$OFF                             (abs)        000000
__CFG_CP3$OFF                             (abs)        000000
__CFG_CPB$OFF                             (abs)        000000
__CFG_CPD$OFF                             (abs)        000000
__CFG_DEBUG$OFF                           (abs)        000000
__CFG_EBTR0$OFF                           (abs)        000000
__CFG_EBTR1$OFF                           (abs)        000000
__CFG_EBTR2$OFF                           (abs)        000000
__CFG_EBTR3$OFF                           (abs)        000000
__CFG_EBTRB$OFF                           (abs)        000000
__CFG_FCMEN$OFF                           (abs)        000000
__CFG_FOSC$INTIO67                        (abs)        000000
__CFG_HFOFST$ON                           (abs)        000000
__CFG_IESO$OFF                            (abs)        000000
__CFG_LVP$OFF                             (abs)        000000
__CFG_MCLRE$EXTMCLR                       (abs)        000000
__CFG_P2BMX$PORTB5                        (abs)        000000
__CFG_PBADEN$ON                           (abs)        000000
__CFG_PLLCFG$ON                           (abs)        000000
__CFG_PRICLKEN$ON                         (abs)        000000
__CFG_PWRTEN$OFF                          (abs)        000000
__CFG_STVREN$ON                           (abs)        000000
__CFG_T3CMX$PORTC0                        (abs)        000000
__CFG_WDTEN$OFF                           (abs)        000000
__CFG_WDTPS$32768                         (abs)        000000
__CFG_WRT0$OFF                            (abs)        000000
__CFG_WRT1$OFF                            (abs)        000000
__CFG_WRT2$OFF                            (abs)        000000
__CFG_WRT3$OFF                            (abs)        000000
__CFG_WRTB$OFF                            (abs)        000000
__CFG_WRTC$OFF                            (abs)        000000
__CFG_WRTD$OFF                            (abs)        000000
__CFG_XINST$OFF                           (abs)        000000
__HRAM                                    (abs)        000000
__Habs1                                   abs1         000000
__Hbank0                                  bank0        000000
__Hbank1                                  bank1        000000
__Hbank10                                 bank10       000000
__Hbank11                                 bank11       000000
__Hbank12                                 bank12       000000
__Hbank13                                 bank13       000000
__Hbank14                                 bank14       000000
__Hbank15                                 bank15       000000
__Hbank2                                  bank2        000000
__Hbank3                                  bank3        000000
__Hbank4                                  bank4        000000
__Hbank5                                  bank5        000000
__Hbank6                                  bank6        000000
__Hbank7                                  bank7        000000
__Hbank8                                  bank8        000000
__Hbank9                                  bank9        000000
__Hbigbss                                 bigbss       000000
__Hbigdata                                bigdata      000000
__Hbigram                                 bigram       000000
__Hbss                                    bss          000000
__HbssBANK0                               bssBANK0     000000
__HbssCOMRAM                              bssCOMRAM    000000
__Hcinit                                  cinit        000000
__Hclrtext                                clrtext      000000
__Hcomram                                 comram       000000
__Hconfig                                 config       30000E
__Hconst                                  const        000000
__HcstackBANK0                            cstackBANK0  000000
__HcstackCOMRAM                           cstackCOMRAM 000000
__Hdata                                   data         000000
__Heeprom_data                            eeprom_data  000000
__Hend_init                               end_init     000090
__Hfarbss                                 farbss       000000
__Hfardata                                fardata      000000
__Hibigdata                               ibigdata     000000
__Hidata                                  idata        000000
__Hidloc                                  idloc        200008
__Hifardata                               ifardata     000000
__Hinit                                   init         00008C
__Hintcode                                intcode      00008C
__Hintcode_body                           intcode_body 000000
__Hintcodelo                              intcodelo    00008C
__Hintentry                               intentry     000000
__Hintret                                 intret       000000
__Hintsave_regs                           intsave_regs 000000
__Hirdata                                 irdata       000000
__Hmediumconst                            mediumconst  000000
__HnvCOMRAM                               nvCOMRAM     000000
__HnvFARRAM                               nvFARRAM     000000
__Hnvbit                                  nvbit        000000
__Hnvrram                                 nvrram       000000
__Hparam                                  rparam       000000
__Hpowerup                                powerup      00008C
__Hram                                    ram          000000
__Hramtop                                 ramtop       001000
__Hrbit                                   rbit         000000
__Hrbss                                   rbss         000000
__Hrdata                                  rdata        000000
__Hreset_vec                              reset_vec    000004
__Hrparam                                 rparam       000000
__Hsfr                                    sfr          000000
__Hsmallconst                             smallconst   00101C
__Hspace_0                                (abs)        30000E
__Hspace_1                                (abs)        00007D
__Hspace_2                                (abs)        000000
__Hstack                                  stack        000000
__Hstruct                                 struct       000000
__Htemp                                   temp         000058
__Htext                                   text         000000
__Htext0                                  text0        000000
__Htext1                                  text1        000000
__Htext10                                 text10       000000
__Htext11                                 text11       000000
__Htext12                                 text12       000000
__Htext13                                 text13       000000
__Htext14                                 text14       000000
__Htext15                                 text15       000000
__Htext16                                 text16       000000
__Htext17                                 text17       000000
__Htext18                                 text18       000000
__Htext19                                 text19       000000
__Htext2                                  text2        000000
__Htext20                                 text20       000000
__Htext21                                 text21       000000
__Htext22                                 text22       000000
__Htext23                                 text23       000000
__Htext24                                 text24       000000
__Htext25                                 text25       000000
__Htext26                                 text26       000000
__Htext27                                 text27       000000
__Htext28                                 text28       000000
__Htext29                                 text29       000000
__Htext3                                  text3        000000
__Htext30                                 text30       000000
__Htext31                                 text31       000000
__Htext32                                 text32       000000
__Htext33                                 text33       000000
__Htext34                                 text34       000000
__Htext35                                 text35       000000
__Htext36                                 text36       000000
__Htext37                                 text37       000000
__Htext38                                 text38       000000
__Htext39                                 text39       000000
__Htext4                                  text4        000000
__Htext40                                 text40       000000
__Htext42                                 text42       000000
__Htext43                                 text43       000000
__Htext44                                 text44       000000
__Htext45                                 text45       000000
__Htext46                                 text46       000000
__Htext47                                 text47       000000
__Htext48                                 text48       000000
__Htext49                                 text49       000000
__Htext5                                  text5        000000
__Htext50                                 text50       000000
__Htext51                                 text51       000000
__Htext52                                 text52       000000
__Htext53                                 text53       000000
__Htext54                                 text54       000000
__Htext55                                 text55       000000
__Htext56                                 text56       000000
__Htext6                                  text6        000000
__Htext7                                  text7        000000
__Htext8                                  text8        000000
__Htext9                                  text9        000000
__LRAM                                    (abs)        000001
__Labs1                                   abs1         000000
__Lbank0                                  bank0        000000
__Lbank1                                  bank1        000000
__Lbank10                                 bank10       000000
__Lbank11                                 bank11       000000
__Lbank12                                 bank12       000000
__Lbank13                                 bank13       000000
__Lbank14                                 bank14       000000
__Lbank15                                 bank15       000000
__Lbank2                                  bank2        000000
__Lbank3                                  bank3        000000
__Lbank4                                  bank4        000000
__Lbank5                                  bank5        000000
__Lbank6                                  bank6        000000
__Lbank7                                  bank7        000000
__Lbank8                                  bank8        000000
__Lbank9                                  bank9        000000
__Lbigbss                                 bigbss       000000
__Lbigdata                                bigdata      000000
__Lbigram                                 bigram       000000
__Lbss                                    bss          000000
__LbssBANK0                               bssBANK0     000000
__LbssCOMRAM                              bssCOMRAM    000000
__Lcinit                                  cinit        000000
__Lclrtext                                clrtext      000000
__Lcomram                                 comram       000000
__Lconfig                                 config       300000
__Lconst                                  const        000000
__LcstackBANK0                            cstackBANK0  000000
__LcstackCOMRAM                           cstackCOMRAM 000000
__Ldata                                   data         000000
__Leeprom_data                            eeprom_data  000000
__Lend_init                               end_init     00008C
__Lfarbss                                 farbss       000000
__Lfardata                                fardata      000000
__Libigdata                               ibigdata     000000
__Lidata                                  idata        000000
__Lidloc                                  idloc        200000
__Lifardata                               ifardata     000000
__Linit                                   init         00008C
__Lintcode                                intcode      000008
__Lintcode_body                           intcode_body 000000
__Lintcodelo                              intcodelo    00008C
__Lintentry                               intentry     000000
__Lintret                                 intret       000000
__Lintsave_regs                           intsave_regs 000000
__Lirdata                                 irdata       000000
__Lmediumconst                            mediumconst  000000
__LnvCOMRAM                               nvCOMRAM     000000
__LnvFARRAM                               nvFARRAM     000000
__Lnvbit                                  nvbit        000000
__Lnvrram                                 nvrram       000000
__Lparam                                  rparam       000000
__Lpowerup                                powerup      00008C
__Lram                                    ram          000000
__Lramtop                                 ramtop       001000
__Lrbit                                   rbit         000000
__Lrbss                                   rbss         000000
__Lrdata                                  rdata        000000
__Lreset_vec                              reset_vec    000000
__Lrparam                                 rparam       000000
__Lsfr                                    sfr          000000
__Lsmallconst                             smallconst   001000
__Lspace_0                                (abs)        000000
__Lspace_1                                (abs)        000000
__Lspace_2                                (abs)        000000
__Lstack                                  stack        000000
__Lstruct                                 struct       000000
__Ltemp                                   temp         000057
__Ltext                                   text         000000
__Ltext0                                  text0        000000
__Ltext1                                  text1        000000
__Ltext10                                 text10       000000
__Ltext11                                 text11       000000
__Ltext12                                 text12       000000
__Ltext13                                 text13       000000
__Ltext14                                 text14       000000
__Ltext15                                 text15       000000
__Ltext16                                 text16       000000
__Ltext17                                 text17       000000
__Ltext18                                 text18       000000
__Ltext19                                 text19       000000
__Ltext2                                  text2        000000
__Ltext20                                 text20       000000
__Ltext21                                 text21       000000
__Ltext22                                 text22       000000
__Ltext23                                 text23       000000
__Ltext24                                 text24       000000
__Ltext25                                 text25       000000
__Ltext26                                 text26       000000
__Ltext27                                 text27       000000
__Ltext28                                 text28       000000
__Ltext29                                 text29       000000
__Ltext3                                  text3        000000
__Ltext30                                 text30       000000
__Ltext31                                 text31       000000
__Ltext32                                 text32       000000
__Ltext33                                 text33       000000
__Ltext34                                 text34       000000
__Ltext35                                 text35       000000
__Ltext36                                 text36       000000
__Ltext37                                 text37       000000
__Ltext38                                 text38       000000
__Ltext39                                 text39       000000
__Ltext4                                  text4        000000
__Ltext40                                 text40       000000
__Ltext42                                 text42       000000
__Ltext43                                 text43       000000
__Ltext44                                 text44       000000
__Ltext45                                 text45       000000
__Ltext46                                 text46       000000
__Ltext47                                 text47       000000
__Ltext48                                 text48       000000
__Ltext49                                 text49       000000
__Ltext5                                  text5        000000
__Ltext50                                 text50       000000
__Ltext51                                 text51       000000
__Ltext52                                 text52       000000
__Ltext53                                 text53       000000
__Ltext54                                 text54       000000
__Ltext55                                 text55       000000
__Ltext56                                 text56       000000
__Ltext6                                  text6        000000
__Ltext7                                  text7        000000
__Ltext8                                  text8        000000
__Ltext9                                  text9        000000
__S0                                      (abs)        30000E
__S1                                      (abs)        00007D
__S2                                      (abs)        000000
___inthi_sp                               stack        000000
___intlo_sp                               stack        000000
___param_bank                             (abs)        000010
___rparam_used                            (abs)        000001
___sp                                     stack        000000
__accesstop                               (abs)        000060
__activetblptr                            (abs)        000003
__end_of_CCP4_CallBack                    text54       001E1E
__end_of_CCP4_CaptureISR                  text53       001FFE
__end_of_CCP4_Initialize                  text19       002010
__end_of_EUSART1_Initialize               text18       001E44
__end_of_EUSART1_Receive_ISR              text52       001F3A
__end_of_EUSART1_Transmit_ISR             text51       001ED4
__end_of_EUSART2_Initialize               text17       001E68
__end_of_EUSART2_Receive_ISR              text50       001F18
__end_of_EUSART2_Transmit_ISR             text49       001EB0
__end_of_I2C2_BusCollisionISR             text48       002064
__end_of_I2C2_FunctionComplete            text47       001FAC
__end_of_I2C2_ISR                         text45       0011E0
__end_of_I2C2_Initialize                  text16       001F5A
__end_of_I2C2_Stop                        text46       001D7C
__end_of_INTERRUPT_Initialize             text15       001FEA
__end_of_INTERRUPT_InterruptManager       intcode      00008C
__end_of_LEDOne                           text40       000000
__end_of_LEDZero                          text39       000000
__end_of_LED_play_pattern                 text20       001A5C
__end_of_OSCILLATOR_Initialize            text14       00203C
__end_of_PIN_MANAGER_Initialize           text13       001DF6
__end_of_PIU_HEARTBEAT_PACKET             smallconst   001008
__end_of_PWM5_Initialize                  text12       001FD6
__end_of_SPI1_Initialize                  text11       002050
__end_of_SYSTEM_Initialize                text1        001C8E
__end_of_TMR1_Initialize                  text9        001FC2
__end_of_TMR1_StartTimer                  text10       002060
__end_of_TMR2_Initialize                  text7        002030
__end_of_TMR2_StartTimer                  text8        00205C
__end_of_TMR3_CallBack                    text43       001F94
__end_of_TMR3_DefaultInterruptHandler     text44       002062
__end_of_TMR3_ISR                         text42       001E8C
__end_of_TMR3_Initialize                  text4        001DCE
__end_of_TMR3_SetInterruptHandler         text6        002046
__end_of_TMR3_StartTimer                  text5        002058
__end_of_TMR4_Initialize                  text2        002020
__end_of_TMR4_StartTimer                  text3        002054
__end_of__initialization                  cinit        001EEC
__end_of_clearPattern                     text33       001D4E
__end_of_colorBlack                       text34       0019DA
__end_of_colorBlue                        text31       001918
__end_of_colorBlueTwo                     text30       0015DE
__end_of_colorGreen                       text28       0016B0
__end_of_colorPink                        text23       00141A
__end_of_colorRed                         text38       001782
__end_of_colorRedTwo                      text37       001852
__end_of_colorYellow                      text26       0014FC
__end_of_delay_25ms_n_times               text36       001CC0
__end_of_main                             text0        001C5A
__end_of_playArmed                        text35       001C0C
__end_of_playDamage                       text32       001CF0
__end_of_playElementDamage                text29       001BA6
__end_of_playHeal                         text27       001F7A
__end_of_playStun                         text25       001B40
__end_of_playStunSelf                     text24       001338
__end_of_playTestFailed                   text22       001DA6
__end_of_playTestPassed                   text21       001ADA
__end_ofi2_delay_25ms_n_times             text55       001D20
__initialization                          cinit        001ED4
__mediumconst                             mediumconst  000000
__pbssBANK0                               bssBANK0     000060
__pbssCOMRAM                              bssCOMRAM    000001
__pcinit                                  cinit        001ED4
__pcstackBANK0                            cstackBANK0  000075
__pcstackCOMRAM                           cstackCOMRAM 000044
__pintcode                                intcode      000008
__pnvCOMRAM                               nvCOMRAM     00004F
__psmallconst                             smallconst   001000
__ptext0                                  text0        001C0C
__ptext1                                  text1        001C5A
__ptext10                                 text10       00205C
__ptext11                                 text11       002046
__ptext12                                 text12       001FC2
__ptext13                                 text13       001DCE
__ptext14                                 text14       002030
__ptext15                                 text15       001FD6
__ptext16                                 text16       001F3A
__ptext17                                 text17       001E44
__ptext18                                 text18       001E1E
__ptext19                                 text19       001FFE
__ptext2                                  text2        002010
__ptext20                                 text20       0019DA
__ptext21                                 text21       001A5C
__ptext22                                 text22       001D7C
__ptext23                                 text23       001338
__ptext24                                 text24       0011E0
__ptext25                                 text25       001ADA
__ptext26                                 text26       00141A
__ptext27                                 text27       001F5A
__ptext28                                 text28       0015DE
__ptext29                                 text29       001B40
__ptext3                                  text3        002050
__ptext30                                 text30       0014FC
__ptext31                                 text31       001852
__ptext32                                 text32       001CC0
__ptext33                                 text33       001D20
__ptext34                                 text34       001918
__ptext35                                 text35       001BA6
__ptext36                                 text36       001C8E
__ptext37                                 text37       001782
__ptext38                                 text38       0016B0
__ptext39                                 text39       000000
__ptext4                                  text4        001DA6
__ptext40                                 text40       000000
__ptext42                                 text42       001E68
__ptext43                                 text43       001F7A
__ptext44                                 text44       002060
__ptext45                                 text45       00101C
__ptext46                                 text46       001D4E
__ptext47                                 text47       001F94
__ptext48                                 text48       002062
__ptext49                                 text49       001E8C
__ptext5                                  text5        002054
__ptext50                                 text50       001EF6
__ptext51                                 text51       001EB0
__ptext52                                 text52       001F18
__ptext53                                 text53       001FEA
__ptext54                                 text54       001DF6
__ptext55                                 text55       001CF0
__ptext56                                 text56       000000
__ptext6                                  text6        00203C
__ptext7                                  text7        002020
__ptext8                                  text8        002058
__ptext9                                  text9        001FAC
__ramtop                                  ramtop       001000
__size_of_CCP4_CallBack                   (abs)        000000
__size_of_CCP4_CaptureISR                 (abs)        000000
__size_of_CCP4_Initialize                 (abs)        000000
__size_of_EUSART1_Initialize              (abs)        000000
__size_of_EUSART1_Receive_ISR             (abs)        000000
__size_of_EUSART1_Transmit_ISR            (abs)        000000
__size_of_EUSART2_Initialize              (abs)        000000
__size_of_EUSART2_Receive_ISR             (abs)        000000
__size_of_EUSART2_Transmit_ISR            (abs)        000000
__size_of_I2C2_BusCollisionISR            (abs)        000000
__size_of_I2C2_FunctionComplete           (abs)        000000
__size_of_I2C2_ISR                        (abs)        000000
__size_of_I2C2_Initialize                 (abs)        000000
__size_of_I2C2_Stop                       (abs)        000000
__size_of_INTERRUPT_Initialize            (abs)        000000
__size_of_INTERRUPT_InterruptManager      (abs)        000000
__size_of_LEDOne                          (abs)        000000
__size_of_LEDZero                         (abs)        000000
__size_of_LED_play_pattern                (abs)        000000
__size_of_OSCILLATOR_Initialize           (abs)        000000
__size_of_PIN_MANAGER_Initialize          (abs)        000000
__size_of_PWM5_Initialize                 (abs)        000000
__size_of_SPI1_Initialize                 (abs)        000000
__size_of_SYSTEM_Initialize               (abs)        000000
__size_of_TMR1_Initialize                 (abs)        000000
__size_of_TMR1_StartTimer                 (abs)        000000
__size_of_TMR2_Initialize                 (abs)        000000
__size_of_TMR2_StartTimer                 (abs)        000000
__size_of_TMR3_CallBack                   (abs)        000000
__size_of_TMR3_DefaultInterruptHandler    (abs)        000000
__size_of_TMR3_ISR                        (abs)        000000
__size_of_TMR3_Initialize                 (abs)        000000
__size_of_TMR3_SetInterruptHandler        (abs)        000000
__size_of_TMR3_StartTimer                 (abs)        000000
__size_of_TMR4_Initialize                 (abs)        000000
__size_of_TMR4_StartTimer                 (abs)        000000
__size_of_clearPattern                    (abs)        000000
__size_of_colorBlack                      (abs)        000000
__size_of_colorBlue                       (abs)        000000
__size_of_colorBlueTwo                    (abs)        000000
__size_of_colorGreen                      (abs)        000000
__size_of_colorPink                       (abs)        000000
__size_of_colorRed                        (abs)        000000
__size_of_colorRedTwo                     (abs)        000000
__size_of_colorYellow                     (abs)        000000
__size_of_delay_25ms_n_times              (abs)        000000
__size_of_main                            (abs)        000000
__size_of_playArmed                       (abs)        000000
__size_of_playDamage                      (abs)        000000
__size_of_playElementDamage               (abs)        000000
__size_of_playHeal                        (abs)        000000
__size_of_playStun                        (abs)        000000
__size_of_playStunSelf                    (abs)        000000
__size_of_playTestFailed                  (abs)        000000
__size_of_playTestPassed                  (abs)        000000
__size_ofi2_delay_25ms_n_times            (abs)        000000
__smallconst                              smallconst   001000
_clearPattern                             text33       001D20
_colorBlack                               text34       001918
_colorBlue                                text31       001852
_colorBlueTwo                             text30       0014FC
_colorGreen                               text28       0015DE
_colorPink                                text23       001338
_colorRed                                 text38       0016B0
_colorRedTwo                              text37       001782
_colorYellow                              text26       00141A
_delay_25ms_n_times                       text36       001C8E
_eusart1RxBuffer                          bssCOMRAM    000001
_eusart1RxCount                           bssCOMRAM    000028
_eusart1RxHead                            bssCOMRAM    000029
_eusart1TxBuffer                          bssBANK0     000060
_eusart1TxBufferRemaining                 nvCOMRAM     000055
_eusart1TxTail                            bssCOMRAM    00002A
_eusart2RxBuffer                          bssCOMRAM    000009
_eusart2RxCount                           bssCOMRAM    00002B
_eusart2RxHead                            bssCOMRAM    00002C
_eusart2TxBuffer                          bssCOMRAM    000011
_eusart2TxBufferRemaining                 nvCOMRAM     000056
_eusart2TxTail                            bssCOMRAM    00002D
_i2c2_object                              bssCOMRAM    000019
_i2c2_state                               bssCOMRAM    00002E
_i2c2_tr_queue                            bssCOMRAM    00003D
_i2c2_trb_count                           bssCOMRAM    00002F
_inlined$_LEDOne                          (abs)        000001
_inlined$_LEDZero                         (abs)        000001
_last_pattern_was_heal                    bssCOMRAM    000030
_main                                     text0        001C0C
_p_i2c2_current                           bssCOMRAM    000022
_p_i2c2_trb_current                       bssCOMRAM    000024
_playArmed                                text35       001BA6
_playDamage                               text32       001CC0
_playElementDamage                        text29       001B40
_playHeal                                 text27       001F5A
_playStun                                 text25       001ADA
_playStunSelf                             text24       0011E0
_playTestFailed                           text22       001D7C
_playTestPassed                           text21       001A5C
_timer1ReloadVal                          nvCOMRAM     000051
_timer3ReloadVal                          nvCOMRAM     000053
btemp                                     temp         000057
clearPattern@i                            cstackBANK0  000076
delay_25ms_n_times@n                      cstackBANK0  000075
end_of_initialization                     cinit        001EEC
i2_delay_25ms_n_times                     text55       001CF0
i2delay_25ms_n_times@n                    cstackCOMRAM 000044
int$flags                                 temp         000057
intlevel0                                 text         000000
intlevel1                                 text         000000
intlevel2                                 text         000000
intlevel3                                 text         000000
playArmed@i                               cstackBANK0  000079
playArmed@j                               cstackBANK0  000078
playDamage@i                              cstackBANK0  000078
playElementDamage@i                       cstackBANK0  000079
playElementDamage@j                       cstackBANK0  000078
playHeal@i                                cstackBANK0  000078
playStun@i                                cstackBANK0  000079
playStun@j                                cstackBANK0  000078
playStunSelf@i                            cstackBANK0  000079
playTestFailed@i                          cstackBANK0  000078
playTestPassed@i                          cstackBANK0  000078
stackhi                                   (abs)        000F37
stacklo                                   (abs)        00007D
start                                     init         00008C
start_initialization                      cinit        001ED4


FUNCTION INFORMATION:

 *************** function _main *****************
 Defined at:
		line 56 in file "main.c"
 Parameters:    Size  Location     Type
		None
 Auto vars:     Size  Location     Type
		None
 Return value:  Size  Location     Type
                  1    wreg      void 
 Registers used:
		wreg, status,2, status,0, cstack
 Tracked objects:
		On entry : 
		On exit  : 
		Unchanged: 
 Data sizes:     COMRAM   BANK0   BANK1   BANK2   BANK3   BANK4   BANK5   BANK6   BANK7   BANK8   BANK9  BANK10  BANK11  BANK12  BANK13  BANK14  BANK15
      Params:         0       0       0       0       0       0       0       0       0       0       0       0       0       0       0       0       0
      Locals:         0       0       0       0       0       0       0       0       0       0       0       0       0       0       0       0       0
      Temps:          0       0       0       0       0       0       0       0       0       0       0       0       0       0       0       0       0
      Totals:         0       0       0       0       0       0       0       0       0       0       0       0       0       0       0       0       0
Total ram usage:        0 bytes
 Hardware stack levels required when called:    9
 This function calls:
		_LED_play_pattern
		_SYSTEM_Initialize
		_delay_25ms_n_times
 This function is called by:
		Startup code after reset
 This function uses a non-reentrant model


 *************** function _SYSTEM_Initialize *****************
 Defined at:
		line 112 in file "mcc_generated_files/mcc.c"
 Parameters:    Size  Location     Type
		None
 Auto vars:     Size  Location     Type
		None
 Return value:  Size  Location     Type
                  1    wreg      void 
 Registers used:
		wreg, status,2, status,0, cstack
 Tracked objects:
		On entry : 
		On exit  : 
		Unchanged: 
 Data sizes:     COMRAM   BANK0   BANK1   BANK2   BANK3   BANK4   BANK5   BANK6   BANK7   BANK8   BANK9  BANK10  BANK11  BANK12  BANK13  BANK14  BANK15
      Params:         0       0       0       0       0       0       0       0       0       0       0       0       0       0       0       0       0
      Locals:         0       0       0       0       0       0       0       0       0       0       0       0       0       0       0       0       0
      Temps:          0       0       0       0       0       0       0       0       0       0       0       0       0       0       0       0       0
      Totals:         0       0       0       0       0       0       0       0       0       0       0       0       0       0       0       0       0
Total ram usage:        0 bytes
 Hardware stack levels used:    1
 Hardware stack levels required when called:    6
 This function calls:
		_CCP4_Initialize
		_EUSART1_Initialize
		_EUSART2_Initialize
		_I2C2_Initialize
		_INTERRUPT_Initialize
		_OSCILLATOR_Initialize
		_PIN_MANAGER_Initialize
		_PWM5_Initialize
		_SPI1_Initialize
		_TMR1_Initialize
		_TMR2_Initialize
		_TMR3_Initialize
		_TMR4_Initialize
 This function is called by:
		_main
 This function uses a non-reentrant model


 *************** function _TMR4_Initialize *****************
 Defined at:
		line 58 in file "mcc_generated_files/tmr4.c"
 Parameters:    Size  Location     Type
		None
 Auto vars:     Size  Location     Type
		None
 Return value:  Size  Location     Type
                  1    wreg      void 
 Registers used:
		wreg, status,2, cstack
 Tracked objects:
		On entry : 
		On exit  : 
		Unchanged: 
 Data sizes:     COMRAM   BANK0   BANK1   BANK2   BANK3   BANK4   BANK5   BANK6   BANK7   BANK8   BANK9  BANK10  BANK11  BANK12  BANK13  BANK14  BANK15
      Params:         0       0       0       0       0       0       0       0       0       0       0       0       0       0       0       0       0
      Locals:         0       0       0       0       0       0       0       0       0       0       0       0       0       0       0       0       0
      Temps:          0       0       0       0       0       0       0       0       0       0       0       0       0       0       0       0       0
      Totals:         0       0       0       0       0       0       0       0       0       0       0       0       0       0       0       0       0
Total ram usage:        0 bytes
 Hardware stack levels used:    1
 Hardware stack levels required when called:    5
 This function calls:
		_TMR4_StartTimer
 This function is called by:
		_SYSTEM_Initialize
 This function uses a non-reentrant model


 *************** function _TMR4_StartTimer *****************
 Defined at:
		line 78 in file "mcc_generated_files/tmr4.c"
 Parameters:    Size  Location     Type
		None
 Auto vars:     Size  Location     Type
		None
 Return value:  Size  Location     Type
                  1    wreg      void 
 Registers used:
		None
 Tracked objects:
		On entry : 
		On exit  : 
		Unchanged: 
 Data sizes:     COMRAM   BANK0   BANK1   BANK2   BANK3   BANK4   BANK5   BANK6   BANK7   BANK8   BANK9  BANK10  BANK11  BANK12  BANK13  BANK14  BANK15
      Params:         0       0       0       0       0       0       0       0       0       0       0       0       0       0       0       0       0
      Locals:         0       0       0       0       0       0       0       0       0       0       0       0       0       0       0       0       0
      Temps:          0       0       0       0       0       0       0       0       0       0       0       0       0       0       0       0       0
      Totals:         0       0       0       0       0       0       0       0       0       0       0       0       0       0       0       0       0
Total ram usage:        0 bytes
 Hardware stack levels used:    1
 Hardware stack levels required when called:    4
 This function calls:
		Nothing
 This function is called by:
		_TMR4_Initialize
 This function uses a non-reentrant model


 *************** function _TMR3_Initialize *****************
 Defined at:
		line 63 in file "mcc_generated_files/tmr3.c"
 Parameters:    Size  Location     Type
		None
 Auto vars:     Size  Location     Type
		None
 Return value:  Size  Location     Type
                  1    wreg      void 
 Registers used:
		wreg, status,2, status,0, cstack
 Tracked objects:
		On entry : 
		On exit  : 
		Unchanged: 
 Data sizes:     COMRAM   BANK0   BANK1   BANK2   BANK3   BANK4   BANK5   BANK6   BANK7   BANK8   BANK9  BANK10  BANK11  BANK12  BANK13  BANK14  BANK15
      Params:         0       0       0       0       0       0       0       0       0       0       0       0       0       0       0       0       0
      Locals:         0       0       0       0       0       0       0       0       0       0       0       0       0       0       0       0       0
      Temps:          0       0       0       0       0       0       0       0       0       0       0       0       0       0       0       0       0
      Totals:         0       0       0       0       0       0       0       0       0       0       0       0       0       0       0       0       0
Total ram usage:        0 bytes
 Hardware stack levels used:    1
 Hardware stack levels required when called:    5
 This function calls:
		_TMR3_SetInterruptHandler
		_TMR3_StartTimer
 This function is called by:
		_SYSTEM_Initialize
 This function uses a non-reentrant model


 *************** function _TMR3_StartTimer *****************
 Defined at:
		line 95 in file "mcc_generated_files/tmr3.c"
 Parameters:    Size  Location     Type
		None
 Auto vars:     Size  Location     Type
		None
 Return value:  Size  Location     Type
                  1    wreg      void 
 Registers used:
		None
 Tracked objects:
		On entry : 
		On exit  : 
		Unchanged: 
 Data sizes:     COMRAM   BANK0   BANK1   BANK2   BANK3   BANK4   BANK5   BANK6   BANK7   BANK8   BANK9  BANK10  BANK11  BANK12  BANK13  BANK14  BANK15
      Params:         0       0       0       0       0       0       0       0       0       0       0       0       0       0       0       0       0
      Locals:         0       0       0       0       0       0       0       0       0       0       0       0       0       0       0       0       0
      Temps:          0       0       0       0       0       0       0       0       0       0       0       0       0       0       0       0       0
      Totals:         0       0       0       0       0       0       0       0       0       0       0       0       0       0       0       0       0
Total ram usage:        0 bytes
 Hardware stack levels used:    1
 Hardware stack levels required when called:    4
 This function calls:
		Nothing
 This function is called by:
		_TMR3_Initialize
 This function uses a non-reentrant model


 *************** function _TMR3_SetInterruptHandler *****************
 Defined at:
		line 191 in file "mcc_generated_files/tmr3.c"
 Parameters:    Size  Location     Type
  InterruptHan    2    0[BANK0 ] PTR void 
		 -> TMR3_DefaultInterruptHandler(1), 
 Auto vars:     Size  Location     Type
		None
 Return value:  Size  Location     Type
                  1    wreg      void 
 Registers used:
		wreg, status,2, status,0
 Tracked objects:
		On entry : 
		On exit  : 
		Unchanged: 
 Data sizes:     COMRAM   BANK0   BANK1   BANK2   BANK3   BANK4   BANK5   BANK6   BANK7   BANK8   BANK9  BANK10  BANK11  BANK12  BANK13  BANK14  BANK15
      Params:         0       2       0       0       0       0       0       0       0       0       0       0       0       0       0       0       0
      Locals:         0       0       0       0       0       0       0       0       0       0       0       0       0       0       0       0       0
      Temps:          0       0       0       0       0       0       0       0       0       0       0       0       0       0       0       0       0
      Totals:         0       2       0       0       0       0       0       0       0       0       0       0       0       0       0       0       0
Total ram usage:        2 bytes
 Hardware stack levels used:    1
 Hardware stack levels required when called:    4
 This function calls:
		Nothing
 This function is called by:
		_TMR3_Initialize
 This function uses a non-reentrant model


 *************** function _TMR2_Initialize *****************
 Defined at:
		line 58 in file "mcc_generated_files/tmr2.c"
 Parameters:    Size  Location     Type
		None
 Auto vars:     Size  Location     Type
		None
 Return value:  Size  Location     Type
                  1    wreg      void 
 Registers used:
		wreg, status,2, cstack
 Tracked objects:
		On entry : 
		On exit  : 
		Unchanged: 
 Data sizes:     COMRAM   BANK0   BANK1   BANK2   BANK3   BANK4   BANK5   BANK6   BANK7   BANK8   BANK9  BANK10  BANK11  BANK12  BANK13  BANK14  BANK15
      Params:         0       0       0       0       0       0       0       0       0       0       0       0       0       0       0       0       0
      Locals:         0       0       0       0       0       0       0       0       0       0       0       0       0       0       0       0       0
      Temps:          0       0       0       0       0       0       0       0       0       0       0       0       0       0       0       0       0
      Totals:         0       0       0       0       0       0       0       0       0       0       0       0       0       0       0       0       0
Total ram usage:        0 bytes
 Hardware stack levels used:    1
 Hardware stack levels required when called:    5
 This function calls:
		_TMR2_StartTimer
 This function is called by:
		_SYSTEM_Initialize
 This function uses a non-reentrant model


 *************** function _TMR2_StartTimer *****************
 Defined at:
		line 78 in file "mcc_generated_files/tmr2.c"
 Parameters:    Size  Location     Type
		None
 Auto vars:     Size  Location     Type
		None
 Return value:  Size  Location     Type
                  1    wreg      void 
 Registers used:
		None
 Tracked objects:
		On entry : 
		On exit  : 
		Unchanged: 
 Data sizes:     COMRAM   BANK0   BANK1   BANK2   BANK3   BANK4   BANK5   BANK6   BANK7   BANK8   BANK9  BANK10  BANK11  BANK12  BANK13  BANK14  BANK15
      Params:         0       0       0       0       0       0       0       0       0       0       0       0       0       0       0       0       0
      Locals:         0       0       0       0       0       0       0       0       0       0       0       0       0       0       0       0       0
      Temps:          0       0       0       0       0       0       0       0       0       0       0       0       0       0       0       0       0
      Totals:         0       0       0       0       0       0       0       0       0       0       0       0       0       0       0       0       0
Total ram usage:        0 bytes
 Hardware stack levels used:    1
 Hardware stack levels required when called:    4
 This function calls:
		Nothing
 This function is called by:
		_TMR2_Initialize
 This function uses a non-reentrant model


 *************** function _TMR1_Initialize *****************
 Defined at:
		line 63 in file "mcc_generated_files/tmr1.c"
 Parameters:    Size  Location     Type
		None
 Auto vars:     Size  Location     Type
		None
 Return value:  Size  Location     Type
                  1    wreg      void 
 Registers used:
		cstack
 Tracked objects:
		On entry : 
		On exit  : 
		Unchanged: 
 Data sizes:     COMRAM   BANK0   BANK1   BANK2   BANK3   BANK4   BANK5   BANK6   BANK7   BANK8   BANK9  BANK10  BANK11  BANK12  BANK13  BANK14  BANK15
      Params:         0       0       0       0       0       0       0       0       0       0       0       0       0       0       0       0       0
      Locals:         0       0       0       0       0       0       0       0       0       0       0       0       0       0       0       0       0
      Temps:          0       0       0       0       0       0       0       0       0       0       0       0       0       0       0       0       0
      Totals:         0       0       0       0       0       0       0       0       0       0       0       0       0       0       0       0       0
Total ram usage:        0 bytes
 Hardware stack levels used:    1
 Hardware stack levels required when called:    5
 This function calls:
		_TMR1_StartTimer
 This function is called by:
		_SYSTEM_Initialize
 This function uses a non-reentrant model


 *************** function _TMR1_StartTimer *****************
 Defined at:
		line 89 in file "mcc_generated_files/tmr1.c"
 Parameters:    Size  Location     Type
		None
 Auto vars:     Size  Location     Type
		None
 Return value:  Size  Location     Type
                  1    wreg      void 
 Registers used:
		None
 Tracked objects:
		On entry : 
		On exit  : 
		Unchanged: 
 Data sizes:     COMRAM   BANK0   BANK1   BANK2   BANK3   BANK4   BANK5   BANK6   BANK7   BANK8   BANK9  BANK10  BANK11  BANK12  BANK13  BANK14  BANK15
      Params:         0       0       0       0       0       0       0       0       0       0       0       0       0       0       0       0       0
      Locals:         0       0       0       0       0       0       0       0       0       0       0       0       0       0       0       0       0
      Temps:          0       0       0       0       0       0       0       0       0       0       0       0       0       0       0       0       0
      Totals:         0       0       0       0       0       0       0       0       0       0       0       0       0       0       0       0       0
Total ram usage:        0 bytes
 Hardware stack levels used:    1
 Hardware stack levels required when called:    4
 This function calls:
		Nothing
 This function is called by:
		_TMR1_Initialize
 This function uses a non-reentrant model


 *************** function _SPI1_Initialize *****************
 Defined at:
		line 64 in file "mcc_generated_files/spi1.c"
 Parameters:    Size  Location     Type
		None
 Auto vars:     Size  Location     Type
		None
 Return value:  Size  Location     Type
                  1    wreg      void 
 Registers used:
		wreg, status,2
 Tracked objects:
		On entry : 
		On exit  : 
		Unchanged: 
 Data sizes:     COMRAM   BANK0   BANK1   BANK2   BANK3   BANK4   BANK5   BANK6   BANK7   BANK8   BANK9  BANK10  BANK11  BANK12  BANK13  BANK14  BANK15
      Params:         0       0       0       0       0       0       0       0       0       0       0       0       0       0       0       0       0
      Locals:         0       0       0       0       0       0       0       0       0       0       0       0       0       0       0       0       0
      Temps:          0       0       0       0       0       0       0       0       0       0       0       0       0       0       0       0       0
      Totals:         0       0       0       0       0       0       0       0       0       0       0       0       0       0       0       0       0
Total ram usage:        0 bytes
 Hardware stack levels used:    1
 Hardware stack levels required when called:    4
 This function calls:
		Nothing
 This function is called by:
		_SYSTEM_Initialize
 This function uses a non-reentrant model


 *************** function _PWM5_Initialize *****************
 Defined at:
		line 64 in file "mcc_generated_files/pwm5.c"
 Parameters:    Size  Location     Type
		None
 Auto vars:     Size  Location     Type
		None
 Return value:  Size  Location     Type
                  1    wreg      void 
 Registers used:
		wreg, status,2
 Tracked objects:
		On entry : 
		On exit  : 
		Unchanged: 
 Data sizes:     COMRAM   BANK0   BANK1   BANK2   BANK3   BANK4   BANK5   BANK6   BANK7   BANK8   BANK9  BANK10  BANK11  BANK12  BANK13  BANK14  BANK15
      Params:         0       0       0       0       0       0       0       0       0       0       0       0       0       0       0       0       0
      Locals:         0       0       0       0       0       0       0       0       0       0       0       0       0       0       0       0       0
      Temps:          0       0       0       0       0       0       0       0       0       0       0       0       0       0       0       0       0
      Totals:         0       0       0       0       0       0       0       0       0       0       0       0       0       0       0       0       0
Total ram usage:        0 bytes
 Hardware stack levels used:    1
 Hardware stack levels required when called:    4
 This function calls:
		Nothing
 This function is called by:
		_SYSTEM_Initialize
 This function uses a non-reentrant model


 *************** function _PIN_MANAGER_Initialize *****************
 Defined at:
		line 49 in file "mcc_generated_files/pin_manager.c"
 Parameters:    Size  Location     Type
		None
 Auto vars:     Size  Location     Type
		None
 Return value:  Size  Location     Type
                  1    wreg      void 
 Registers used:
		wreg, status,2
 Tracked objects:
		On entry : 
		On exit  : 
		Unchanged: 
 Data sizes:     COMRAM   BANK0   BANK1   BANK2   BANK3   BANK4   BANK5   BANK6   BANK7   BANK8   BANK9  BANK10  BANK11  BANK12  BANK13  BANK14  BANK15
      Params:         0       0       0       0       0       0       0       0       0       0       0       0       0       0       0       0       0
      Locals:         0       0       0       0       0       0       0       0       0       0       0       0       0       0       0       0       0
      Temps:          0       0       0       0       0       0       0       0       0       0       0       0       0       0       0       0       0
      Totals:         0       0       0       0       0       0       0       0       0       0       0       0       0       0       0       0       0
Total ram usage:        0 bytes
 Hardware stack levels used:    1
 Hardware stack levels required when called:    4
 This function calls:
		Nothing
 This function is called by:
		_SYSTEM_Initialize
 This function uses a non-reentrant model


[...]
      Totals:         0       0       0       0       0       0       0       0       0       0       0       0       0       0       0       0       0
Total ram usage:        0 bytes
 Hardware stack levels used:    1
 This function calls:
		Nothing
 This function is called by:
		_TMR3_Initialize
		_TMR3_CallBack
 This function uses a non-reentrant model


 *************** function _I2C2_ISR *****************
 Defined at:
		line 234 in file "mcc_generated_files/i2c2.c"
 Parameters:    Size  Location     Type
		None
 Auto vars:     Size  Location     Type
		None
 Return value:  Size  Location     Type
                  1    wreg      void 
 Registers used:
		wreg, fsr2l, fsr2h, status,2, status,0, cstack
 Tracked objects:
		On entry : 
		On exit  : 
		Unchanged: 
 Data sizes:     COMRAM   BANK0   BANK1   BANK2   BANK3   BANK4   BANK5   BANK6   BANK7   BANK8   BANK9  BANK10  BANK11  BANK12  BANK13  BANK14  BANK15
      Params:         0       0       0       0       0       0       0       0       0       0       0       0       0       0       0       0       0
      Locals:         0       0       0       0       0       0       0       0       0       0       0       0       0       0       0       0       0
      Temps:          2       0       0       0       0       0       0       0       0       0       0       0       0       0       0       0       0
      Totals:         2       0       0       0       0       0       0       0       0       0       0       0       0       0       0       0       0
Total ram usage:        2 bytes
 Hardware stack levels used:    1
 Hardware stack levels required when called:    1
 This function calls:
		_I2C2_FunctionComplete
		_I2C2_Stop
 This function is called by:
		_INTERRUPT_InterruptManager
 This function uses a non-reentrant model


 *************** function _I2C2_Stop *****************
 Defined at:
		line 582 in file "mcc_generated_files/i2c2.c"
 Parameters:    Size  Location     Type
  completion_c    1    wreg     enum E7395
 Auto vars:     Size  Location     Type
  completion_c    1    0[COMRAM] enum E7395
 Return value:  Size  Location     Type
                  1    wreg      void 
 Registers used:
		wreg, fsr2l, fsr2h, status,2, status,0
 Tracked objects:
		On entry : 
		On exit  : 
		Unchanged: 
 Data sizes:     COMRAM   BANK0   BANK1   BANK2   BANK3   BANK4   BANK5   BANK6   BANK7   BANK8   BANK9  BANK10  BANK11  BANK12  BANK13  BANK14  BANK15
      Params:         0       0       0       0       0       0       0       0       0       0       0       0       0       0       0       0       0
      Locals:         1       0       0       0       0       0       0       0       0       0       0       0       0       0       0       0       0
      Temps:          0       0       0       0       0       0       0       0       0       0       0       0       0       0       0       0       0
      Totals:         1       0       0       0       0       0       0       0       0       0       0       0       0       0       0       0       0
Total ram usage:        1 bytes
 Hardware stack levels used:    1
 This function calls:
		Nothing
 This function is called by:
		_I2C2_ISR
 This function uses a non-reentrant model


 *************** function _I2C2_FunctionComplete *****************
 Defined at:
		line 564 in file "mcc_generated_files/i2c2.c"
 Parameters:    Size  Location     Type
		None
 Auto vars:     Size  Location     Type
		None
 Return value:  Size  Location     Type
                  1    wreg      void 
 Registers used:
		wreg, status,2, status,0
 Tracked objects:
		On entry : 
		On exit  : 
		Unchanged: 
 Data sizes:     COMRAM   BANK0   BANK1   BANK2   BANK3   BANK4   BANK5   BANK6   BANK7   BANK8   BANK9  BANK10  BANK11  BANK12  BANK13  BANK14  BANK15
      Params:         0       0       0       0       0       0       0       0       0       0       0       0       0       0       0       0       0
      Locals:         0       0       0       0       0       0       0       0       0       0       0       0       0       0       0       0       0
      Temps:          0       0       0       0       0       0       0       0       0       0       0       0       0       0       0       0       0
      Totals:         0       0       0       0       0       0       0       0       0       0       0       0       0       0       0       0       0
Total ram usage:        0 bytes
 Hardware stack levels used:    1
 This function calls:
		Nothing
 This function is called by:
		_I2C2_ISR
 This function uses a non-reentrant model


 *************** function _I2C2_BusCollisionISR *****************
 Defined at:
		line 729 in file "mcc_generated_files/i2c2.c"
 Parameters:    Size  Location     Type
		None
 Auto vars:     Size  Location     Type
		None
 Return value:  Size  Location     Type
                  1    wreg      void 
 Registers used:
		None
 Tracked objects:
		On entry : 
		On exit  : 
		Unchanged: 
 Data sizes:     COMRAM   BANK0   BANK1   BANK2   BANK3   BANK4   BANK5   BANK6   BANK7   BANK8   BANK9  BANK10  BANK11  BANK12  BANK13  BANK14  BANK15
      Params:         0       0       0       0       0       0       0       0       0       0       0       0       0       0       0       0       0
      Locals:         0       0       0       0       0       0       0       0       0       0       0       0       0       0       0       0       0
      Temps:          0       0       0       0       0       0       0       0       0       0       0       0       0       0       0       0       0
      Totals:         0       0       0       0       0       0       0       0       0       0       0       0       0       0       0       0       0
Total ram usage:        0 bytes
 Hardware stack levels used:    1
 This function calls:
		Nothing
 This function is called by:
		_INTERRUPT_InterruptManager
 This function uses a non-reentrant model


 *************** function _EUSART2_Transmit_ISR *****************
 Defined at:
		line 157 in file "mcc_generated_files/eusart2.c"
 Parameters:    Size  Location     Type
		None
 Auto vars:     Size  Location     Type
		None
 Return value:  Size  Location     Type
                  1    wreg      void 
 Registers used:
		wreg, fsr2l, fsr2h, status,2, status,0
 Tracked objects:
		On entry : 
		On exit  : 
		Unchanged: 
 Data sizes:     COMRAM   BANK0   BANK1   BANK2   BANK3   BANK4   BANK5   BANK6   BANK7   BANK8   BANK9  BANK10  BANK11  BANK12  BANK13  BANK14  BANK15
      Params:         0       0       0       0       0       0       0       0       0       0       0       0       0       0       0       0       0
      Locals:         0       0       0       0       0       0       0       0       0       0       0       0       0       0       0       0       0
      Temps:          0       0       0       0       0       0       0       0       0       0       0       0       0       0       0       0       0
      Totals:         0       0       0       0       0       0       0       0       0       0       0       0       0       0       0       0       0
Total ram usage:        0 bytes
 Hardware stack levels used:    1
 This function calls:
		Nothing
 This function is called by:
		_INTERRUPT_InterruptManager
 This function uses a non-reentrant model


 *************** function _EUSART2_Receive_ISR *****************
 Defined at:
		line 176 in file "mcc_generated_files/eusart2.c"
 Parameters:    Size  Location     Type
		None
 Auto vars:     Size  Location     Type
		None
 Return value:  Size  Location     Type
                  1    wreg      void 
 Registers used:
		wreg, fsr2l, fsr2h, status,2, status,0
 Tracked objects:
		On entry : 
		On exit  : 
		Unchanged: 
 Data sizes:     COMRAM   BANK0   BANK1   BANK2   BANK3   BANK4   BANK5   BANK6   BANK7   BANK8   BANK9  BANK10  BANK11  BANK12  BANK13  BANK14  BANK15
      Params:         0       0       0       0       0       0       0       0       0       0       0       0       0       0       0       0       0
      Locals:         0       0       0       0       0       0       0       0       0       0       0       0       0       0       0       0       0
      Temps:          0       0       0       0       0       0       0       0       0       0       0       0       0       0       0       0       0
      Totals:         0       0       0       0       0       0       0       0       0       0       0       0       0       0       0       0       0
Total ram usage:        0 bytes
 Hardware stack levels used:    1
 This function calls:
		Nothing
 This function is called by:
		_INTERRUPT_InterruptManager
 This function uses a non-reentrant model


 *************** function _EUSART1_Transmit_ISR *****************
 Defined at:
		line 168 in file "mcc_generated_files/eusart1.c"
 Parameters:    Size  Location     Type
		None
 Auto vars:     Size  Location     Type
		None
 Return value:  Size  Location     Type
                  1    wreg      void 
 Registers used:
		wreg, fsr2l, fsr2h, status,2, status,0
 Tracked objects:
		On entry : 
		On exit  : 
		Unchanged: 
 Data sizes:     COMRAM   BANK0   BANK1   BANK2   BANK3   BANK4   BANK5   BANK6   BANK7   BANK8   BANK9  BANK10  BANK11  BANK12  BANK13  BANK14  BANK15
      Params:         0       0       0       0       0       0       0       0       0       0       0       0       0       0       0       0       0
      Locals:         0       0       0       0       0       0       0       0       0       0       0       0       0       0       0       0       0
      Temps:          0       0       0       0       0       0       0       0       0       0       0       0       0       0       0       0       0
      Totals:         0       0       0       0       0       0       0       0       0       0       0       0       0       0       0       0       0
Total ram usage:        0 bytes
 Hardware stack levels used:    1
 This function calls:
		Nothing
 This function is called by:
		_INTERRUPT_InterruptManager
 This function uses a non-reentrant model


 *************** function _EUSART1_Receive_ISR *****************
 Defined at:
		line 187 in file "mcc_generated_files/eusart1.c"
 Parameters:    Size  Location     Type
		None
 Auto vars:     Size  Location     Type
		None
 Return value:  Size  Location     Type
                  1    wreg      void 
 Registers used:
		wreg, fsr2l, fsr2h, status,2, status,0
 Tracked objects:
		On entry : 
		On exit  : 
		Unchanged: 
 Data sizes:     COMRAM   BANK0   BANK1   BANK2   BANK3   BANK4   BANK5   BANK6   BANK7   BANK8   BANK9  BANK10  BANK11  BANK12  BANK13  BANK14  BANK15
      Params:         0       0       0       0       0       0       0       0       0       0       0       0       0       0       0       0       0
      Locals:         0       0       0       0       0       0       0       0       0       0       0       0       0       0       0       0       0
      Temps:          0       0       0       0       0       0       0       0       0       0       0       0       0       0       0       0       0
      Totals:         0       0       0       0       0       0       0       0       0       0       0       0       0       0       0       0       0
Total ram usage:        0 bytes
 Hardware stack levels used:    1
 This function calls:
		Nothing
 This function is called by:
		_INTERRUPT_InterruptManager
 This function uses a non-reentrant model


 *************** function _CCP4_CaptureISR *****************
 Defined at:
		line 83 in file "mcc_generated_files/ccp4.c"
 Parameters:    Size  Location     Type
		None
 Auto vars:     Size  Location     Type
  module          2    5[COMRAM] struct CCPR4Reg_tag
 Return value:  Size  Location     Type
                  1    wreg      void 
 Registers used:
		wreg, status,2, status,0, cstack
 Tracked objects:
		On entry : 
		On exit  : 
		Unchanged: 
 Data sizes:     COMRAM   BANK0   BANK1   BANK2   BANK3   BANK4   BANK5   BANK6   BANK7   BANK8   BANK9  BANK10  BANK11  BANK12  BANK13  BANK14  BANK15
      Params:         0       0       0       0       0       0       0       0       0       0       0       0       0       0       0       0       0
      Locals:         2       0       0       0       0       0       0       0       0       0       0       0       0       0       0       0       0
      Temps:          0       0       0       0       0       0       0       0       0       0       0       0       0       0       0       0       0
      Totals:         2       0       0       0       0       0       0       0       0       0       0       0       0       0       0       0       0
Total ram usage:        2 bytes
 Hardware stack levels used:    1
 Hardware stack levels required when called:    2
 This function calls:
		_CCP4_CallBack
 This function is called by:
		_INTERRUPT_InterruptManager
 This function uses a non-reentrant model


 *************** function _CCP4_CallBack *****************
 Defined at:
		line 98 in file "mcc_generated_files/ccp4.c"
 Parameters:    Size  Location     Type
  capturedValu    2    3[COMRAM] unsigned int 
 Auto vars:     Size  Location     Type
		None
 Return value:  Size  Location     Type
                  1    wreg      void 
 Registers used:
		wreg, status,2, status,0, cstack
 Tracked objects:
		On entry : 
		On exit  : 
		Unchanged: 
 Data sizes:     COMRAM   BANK0   BANK1   BANK2   BANK3   BANK4   BANK5   BANK6   BANK7   BANK8   BANK9  BANK10  BANK11  BANK12  BANK13  BANK14  BANK15
      Params:         2       0       0       0       0       0       0       0       0       0       0       0       0       0       0       0       0
      Locals:         0       0       0       0       0       0       0       0       0       0       0       0       0       0       0       0       0
      Temps:          0       0       0       0       0       0       0       0       0       0       0       0       0       0       0       0       0
      Totals:         2       0       0       0       0       0       0       0       0       0       0       0       0       0       0       0       0
Total ram usage:        2 bytes
 Hardware stack levels used:    1
 Hardware stack levels required when called:    1
 This function calls:
		i2_delay_25ms_n_times
 This function is called by:
		_CCP4_CaptureISR
 This function uses a non-reentrant model


 *************** function i2_delay_25ms_n_times *****************
 Defined at:
		line 10 in file "util_functions.c"
 Parameters:    Size  Location     Type
  n               2    0[COMRAM] unsigned int 
 Auto vars:     Size  Location     Type
		None
 Return value:  Size  Location     Type
                  1    wreg      void 
 Registers used:
		wreg, status,2, status,0
 Tracked objects:
		On entry : 
		On exit  : 
		Unchanged: 
 Data sizes:     COMRAM   BANK0   BANK1   BANK2   BANK3   BANK4   BANK5   BANK6   BANK7   BANK8   BANK9  BANK10  BANK11  BANK12  BANK13  BANK14  BANK15
      Params:         2       0       0       0       0       0       0       0       0       0       0       0       0       0       0       0       0
      Locals:         0       0       0       0       0       0       0       0       0       0       0       0       0       0       0       0       0
      Temps:          1       0       0       0       0       0       0       0       0       0       0       0       0       0       0       0       0
      Totals:         3       0       0       0       0       0       0       0       0       0       0       0       0       0       0       0       0
Total ram usage:        3 bytes
 Hardware stack levels used:    1
 This function calls:
		Nothing
 This function is called by:
		_CCP4_CallBack
 This function uses a non-reentrant model



MODULE INFORMATION

Module		Function		Class		Link	Load	Size
mcc_generated_files/eusart2.c
		_EUSART2_Receive_ISR		CODE           	1EF6	0000	35
		_EUSART2_Transmit_ISR		CODE           	1E8C	0000	37
		_EUSART2_Initialize		CODE           	1E44	0000	37

mcc_generated_files/eusart2.c estimated size: 109

mcc_generated_files/tmr4.c
		_TMR4_Initialize		CODE           	2010	0000	17
		_TMR4_StartTimer		CODE           	2050	0000	5

mcc_generated_files/tmr4.c estimated size: 22

LEDLogic.c
		_colorRed      		CODE           	16B0	0000	211
		_playHeal      		CODE           	1F5A	0000	33
		_colorRedTwo   		CODE           	1782	0000	209
		_clearPattern  		CODE           	1D20	0000	47
		_colorPink     		CODE           	1338	0000	227
		_colorGreen    		CODE           	15DE	0000	211
		_playDamage    		CODE           	1CC0	0000	49
		_colorBlue     		CODE           	1852	0000	199
		_colorBlack    		CODE           	1918	0000	195
		_colorBlueTwo  		CODE           	14FC	0000	227
		_colorYellow   		CODE           	141A	0000	227
		_playArmed     		CODE           	1BA6	0000	103
		_LEDOne        		CODE           	0000	0000	1
		_playTestFailed		CODE           	1D7C	0000	43
		_playTestPassed		CODE           	1A5C	0000	127
		_LED_play_pattern		CODE           	19DA	0000	131
		_playElementDamage		CODE           	1B40	0000	103
		_playStun      		CODE           	1ADA	0000	103
		_playStunSelf  		CODE           	11E0	0000	345
		_LEDZero       		CODE           	0000	0000	1

LEDLogic.c estimated size: 2792

mcc_generated_files/tmr2.c
		_TMR2_Initialize		CODE           	2020	0000	17
		_TMR2_StartTimer		CODE           	2058	0000	5

mcc_generated_files/tmr2.c estimated size: 22

mcc_generated_files/interrupt_manager.c
		_INTERRUPT_Initialize		CODE           	1FD6	0000	21
		_INTERRUPT_InterruptManager		CODE           	0008	0000	133

mcc_generated_files/interrupt_manager.c estimated size: 154

util_functions.c
		_delay_25ms_n_times		CODE           	1C8E	0000	51

util_functions.c estimated size: 51

mcc_generated_files/pin_manager.c
		_PIN_MANAGER_Initialize		CODE           	1DCE	0000	41

mcc_generated_files/pin_manager.c estimated size: 41

mcc_generated_files/spi1.c
		_SPI1_Initialize		CODE           	2046	0000	11

mcc_generated_files/spi1.c estimated size: 11

mcc_generated_files/ccp4.c
		_CCP4_CallBack 		CODE           	1DF6	0000	41
		_CCP4_CaptureISR		CODE           	1FEA	0000	21
		_CCP4_Initialize		CODE           	1FFE	0000	19

mcc_generated_files/ccp4.c estimated size: 81

shared
		_PIU_HEARTBEAT_PACKET		SMALLCONST     	0000	0000	0
		__initialization		CODE           	1ED4	0000	25
		i2_delay_25ms_n_times		CODE           	1CF0	0000	49

shared estimated size: 74

mcc_generated_files/eusart1.c
		_EUSART1_Initialize		CODE           	1E1E	0000	39
		_EUSART1_Receive_ISR		CODE           	1F18	0000	35
		_EUSART1_Transmit_ISR		CODE           	1EB0	0000	37

mcc_generated_files/eusart1.c estimated size: 111

mcc_generated_files/pwm5.c
		_PWM5_Initialize		CODE           	1FC2	0000	21

mcc_generated_files/pwm5.c estimated size: 21

mcc_generated_files/mcc.c
		_OSCILLATOR_Initialize		CODE           	2030	0000	13
		_SYSTEM_Initialize		CODE           	1C5A	0000	53

mcc_generated_files/mcc.c estimated size: 66

mcc_generated_files/tmr3.c
		_TMR3_ISR      		CODE           	1E68	0000	37
		_TMR3_Initialize		CODE           	1DA6	0000	41
		_TMR3_SetInterruptHandler		CODE           	203C	0000	11
		_TMR3_DefaultInterruptHandler		CODE           	2060	0000	3
		_TMR3_CallBack 		CODE           	1F7A	0000	27
		_TMR3_StartTimer		CODE           	2054	0000	5

mcc_generated_files/tmr3.c estimated size: 124

mcc_generated_files/tmr1.c
		_TMR1_Initialize		CODE           	1FAC	0000	23
		_TMR1_StartTimer		CODE           	205C	0000	5

mcc_generated_files/tmr1.c estimated size: 28

mcc_generated_files/i2c2.c
		_I2C2_BusCollisionISR		CODE           	2062	0000	3
		_I2C2_FunctionComplete		CODE           	1F94	0000	25
		_I2C2_ISR      		CODE           	101C	0000	453
		_I2C2_Initialize		CODE           	1F3A	0000	33
		_I2C2_Stop     		CODE           	1D4E	0000	47

mcc_generated_files/i2c2.c estimated size: 561

main.c
		_main          		CODE           	1C0C	0000	79

main.c estimated size: 79

